******************************************************************************
                  TI ARM Linker PC v20.2.1                     
******************************************************************************
>> Linked Wed Apr 21 00:29:02 2021

OUTPUT FILE NAME:   <finalProjectManual.out>
ENTRY POINT SYMBOL: "_c_int00_noargs"  address: 00006e41


MEMORY CONFIGURATION

         name            origin    length      used     unused   attr    fill
----------------------  --------  ---------  --------  --------  ----  --------
  FLASH                 00000000   00040000  000077f6  0003880a  R  X
  SRAM                  20000000   00008000  0000234d  00005cb3  RW X


SEGMENT ALLOCATION MAP

run origin  load origin   length   init length attrs members
----------  ----------- ---------- ----------- ----- -------
00000000    00000000    00007800   00007800    r-x
  00000000    00000000    0000026c   0000026c    r-- .intvecs
  0000026c    0000026c    00006e18   00006e18    r-x .text
  00007088    00007088    0000070a   0000070a    r-- .const
  00007798    00007798    00000068   00000068    r-- .cinit
20000000    20000000    00002354   00000000    rw-
  20000000    20000000    0000026c   00000000    rw- .vtable
  20000270    20000270    00001000   00000000    rw- .stack
  20001270    20001270    00001000   00000000    rw- .sysmem
  20002270    20002270    00000075   00000000    rw- .bss
  200022e8    200022e8    0000006c   00000000    rw- .data


SECTION ALLOCATION MAP

 output                                  attributes/
section   page    origin      length       input sections
--------  ----  ----------  ----------   ----------------
.intvecs   0    00000000    0000026c     
                  00000000    0000026c     tm4c123gh6pm_startup_ccs.obj (.intvecs)

.text      0    0000026c    00006e18     
                  0000026c    00000c20     open_interface.obj (.text)
                  00000e8c    00000a4e     rtsv7M4_T_le_v4SPD16_eabi.lib : _printfi.c.obj (.text:__TI_printfi)
                  000018da    00000002                                   : _lock.c.obj (.text:_nop)
                  000018dc    000009c0                                   : e_pow.c.obj (.text:pow)
                  0000229c    00000862     movement.obj (.text)
                  00002afe    00000002     rtsv7M4_T_le_v4SPD16_eabi.lib : div0.asm.obj (.text)
                  00002b00    00000738                                   : k_rem_pio2.c.obj (.text:__kernel_rem_pio2)
                  00003238    00000718     commands.obj (.text)
                  00003950    00000508     rtsv7M4_T_le_v4SPD16_eabi.lib : s_tan.c.obj (.text:tan)
                  00003e58    00000438     object.obj (.text)
                  00004290    000003d0     lcd.obj (.text)
                  00004660    00000330     ping.obj (.text)
                  00004990    00000318     rtsv7M4_T_le_v4SPD16_eabi.lib : k_tan.c.obj (.text:__kernel_tan)
                  00004ca8    000002e8     servo.obj (.text)
                  00004f90    00000270     rtsv7M4_T_le_v4SPD16_eabi.lib : _printfi.c.obj (.text:_pconv_a)
                  00005200    00000248     Timer.obj (.text)
                  00005448    000001d0     rtsv7M4_T_le_v4SPD16_eabi.lib : _printfi.c.obj (.text:_pconv_g)
                  00005618    000001c8     uart-interrupt.obj (.text)
                  000057e0    000001b6     rtsv7M4_T_le_v4SPD16_eabi.lib : fd_add_t2.asm.obj (.text)
                  00005996    00000002     --HOLE-- [fill = 0]
                  00005998    00000158                                   : e_sqrt.c.obj (.text:sqrt)
                  00005af0    00000148     adc.obj (.text)
                  00005c38    0000013c     rtsv7M4_T_le_v4SPD16_eabi.lib : _printfi.c.obj (.text:_pconv_e)
                  00005d74    00000136                                   : fd_div_t2.asm.obj (.text)
                  00005eaa    00000002     --HOLE-- [fill = 0]
                  00005eac    00000124                                   : _printfi.c.obj (.text:fcvt)
                  00005fd0    00000110                                   : s_scalbn.c.obj (.text:scalbn)
                  000060e0    00000108                                   : memory.c.obj (.text:aligned_alloc)
                  000061e8    000000fc                                   : fd_mul_t2.asm.obj (.text)
                  000062e4    000000f8                                   : s_floor.c.obj (.text:floor)
                  000063dc    000000e4                                   : memory.c.obj (.text:free)
                  000064c0    000000b1                                   : _printfi.c.obj (.text:_ltostr)
                  00006571    00000001     --HOLE-- [fill = 0]
                  00006572    0000009c                                   : memcpy_t2.asm.obj (.text)
                  0000660e    00000096                                   : ull_div_t2.asm.obj (.text)
                  000066a4    00000086                                   : fd_cmp_t2.asm.obj (.text:__aeabi_cdcmple)
                  0000672a    00000086                                   : fd_cmp_t2.asm.obj (.text:__aeabi_cdrcmple)
                  000067b0    00000080     button.obj (.text)
                  00006830    0000007a     rtsv7M4_T_le_v4SPD16_eabi.lib : memset_t2.asm.obj (.text)
                  000068aa    00000002     --HOLE-- [fill = 0]
                  000068ac    00000070                                   : memory.c.obj (.text:split)
                  0000691c    0000006e                                   : _printfi.c.obj (.text:_mcpy)
                  0000698a    0000006e                                   : fd_tos_t2.asm.obj (.text)
                  000069f8    00000068                                   : copy_decompress_lzss.c.obj (.text:decompress:lzss:__TI_decompress_lzss)
                  00006a60    00000064                                   : s_frexp.c.obj (.text:frexp)
                  00006ac4    00000056                                   : _printfi.c.obj (.text:_pconv_f)
                  00006b1a    00000054                                   : _ltoa.c.obj (.text:__TI_ltoa)
                  00006b6e    00000052                                   : _printfi.c.obj (.text:_ecpy)
                  00006bc0    0000004c                                   : atoi.c.obj (.text:atoi)
                  00006c0c    00000048                                   : fd_toi_t2.asm.obj (.text)
                  00006c54    00000044                                   : autoinit.c.obj (.text:__TI_auto_init_nobinit_nopinit:__TI_auto_init_nobinit_nopinit)
                  00006c98    00000044     main.obj (.text)
                  00006cdc    00000040     rtsv7M4_T_le_v4SPD16_eabi.lib : sprintf.c.obj (.text:sprintf)
                  00006d1c    00000040                                   : vsnprintf.c.obj (.text:vsnprintf)
                  00006d5c    0000003e                                   : _printfi.c.obj (.text:_fcpy)
                  00006d9a    00000002     --HOLE-- [fill = 0]
                  00006d9c    00000038                                   : memory.c.obj (.text:calloc)
                  00006dd4    00000038                                   : fs_tod_t2.asm.obj (.text)
                  00006e0c    00000034     driverlib.lib : interrupt.obj (.text:IntRegister)
                  00006e40    00000034     rtsv7M4_T_le_v4SPD16_eabi.lib : boot_cortex_m.c.obj (.text:_c_int00_noargs:_c_int00_noargs)
                  00006e74    00000030                                   : vsnprintf.c.obj (.text:_outs)
                  00006ea4    0000002e                                   : i_tofd_t2.asm.obj (.text)
                  00006ed2    00000002     --HOLE-- [fill = 0]
                  00006ed4    00000028                                   : memory.c.obj (.text:free_list_insert)
                  00006efc    0000001c                                   : copy_zero_init.c.obj (.text:decompress:ZI:__TI_zero_init_nomemset:__TI_zero_init_nomemset)
                  00006f18    0000001c                                   : memory.c.obj (.text:free_list_remove)
                  00006f34    0000001c                                   : memccpy.c.obj (.text:memccpy)
                  00006f50    0000001a                                   : s_copysign.c.obj (.text:copysign)
                  00006f6a    00000018                                   : vsnprintf.c.obj (.text:_outc)
                  00006f82    00000018                                   : sprintf.c.obj (.text:_outs)
                  00006f9a    00000018     open_interface.obj (.text:oi_parseInt)
                  00006fb2    00000018     rtsv7M4_T_le_v4SPD16_eabi.lib : strcmp.c.obj (.text:strcmp)
                  00006fca    00000016                                   : strchr.c.obj (.text:strchr)
                  00006fe0    00000014                                   : strcpy.c.obj (.text:strcpy)
                  00006ff4    00000014                                   : strlen.c.obj (.text:strlen)
                  00007008    00000012                                   : wcslen.c.obj (.text:wcslen)
                  0000701a    00000010     driverlib.lib : interrupt.obj (.text:IntMasterEnable)
                  0000702a    00000010     lcd.obj (.text:lcd_clear)
                  0000703a    0000000e     rtsv7M4_T_le_v4SPD16_eabi.lib : copy_decompress_none.c.obj (.text:decompress:none:__TI_decompress_none)
                  00007048    0000000c     driverlib.lib : cpu.obj (.text:CPUcpsie)
                  00007054    0000000c     tm4c123gh6pm_startup_ccs.obj (.text)
                  00007060    0000000a     rtsv7M4_T_le_v4SPD16_eabi.lib : sprintf.c.obj (.text:_outc)
                  0000706a    00000002     --HOLE-- [fill = 0]
                  0000706c    00000008                                   : errno.c.obj (.text:__aeabi_errno_addr)
                  00007074    00000008                                   : memory.c.obj (.text:malloc)
                  0000707c    00000004                                   : pre_init.c.obj (.text:_system_pre_init)
                  00007080    00000004                                   : exit.c.obj (.text:abort:abort)

.const     0    00007088    0000070a     
                  00007088    00000158     rtsv7M4_T_le_v4SPD16_eabi.lib : k_rem_pio2.c.obj (.const:$O1$$)
                  000071e0    00000101                                   : ctype.c.obj (.const:.string:_ctypes_)
                  000072e1    000000aa     commands.obj (.const:.string:$P$T9$10)
                  0000738b    00000004     lcd.obj (.const:.string:lineAddress$1)
                  0000738f    00000001     --HOLE-- [fill = 0]
                  00007390    00000080     rtsv7M4_T_le_v4SPD16_eabi.lib : k_tan.c.obj (.const:xxx)
                  00007410    00000066     object.obj (.const:.string:$P$T0$1)
                  00007476    00000066     object.obj (.const:.string:$P$T1$2)
                  000074dc    00000065     servo.obj (.const:.string:$P$T0$1)
                  00007541    00000063     servo.obj (.const:.string:$P$T1$2)
                  000075a4    00000049     commands.obj (.const:.string:$P$T7$8)
                  000075ed    00000042     commands.obj (.const:.string:$P$T8$9)
                  0000762f    00000001     --HOLE-- [fill = 0]
                  00007630    00000030     rtsv7M4_T_le_v4SPD16_eabi.lib : e_pow.c.obj (.const:$O1$$)
                  00007660    0000002c     commands.obj (.const:.string:$P$T2$3)
                  0000768c    0000002c     commands.obj (.const:.string:$P$T3$4)
                  000076b8    00000029     commands.obj (.const:.string:$P$T0$1)
                  000076e1    00000029     commands.obj (.const:.string:$P$T6$7)
                  0000770a    00000027     commands.obj (.const:.string:$P$T1$2)
                  00007731    00000020     commands.obj (.const:.string:$P$T5$6)
                  00007751    00000019     commands.obj (.const:.string:$P$T4$5)
                  0000776a    00000015     lcd.obj (.const:.string:$P$T0$4)
                  0000777f    0000000f     open_interface.obj (.const:.string:$P$T0$3)
                  0000778e    00000004     lcd.obj (.const:.string:lineAddresses$2)

.cinit     0    00007798    00000068     
                  00007798    00000032     (.cinit..data.load) [load image, compression = lzss]
                  000077ca    00000002     --HOLE-- [fill = 0]
                  000077cc    0000000c     (__TI_handler_table)
                  000077d8    00000008     (.cinit..bss.load) [load image, compression = zero_init]
                  000077e0    00000008     (.cinit..vtable.load) [load image, compression = zero_init]
                  000077e8    00000018     (__TI_cinit_table)

.init_array 
*          0    00000000    00000000     UNINITIALIZED

.vtable    0    20000000    0000026c     UNINITIALIZED
                  20000000    0000026c     driverlib.lib : interrupt.obj (.vtable)

.stack     0    20000270    00001000     UNINITIALIZED
                  20000270    00000004     rtsv7M4_T_le_v4SPD16_eabi.lib : boot_cortex_m.c.obj (.stack)
                  20000274    00000ffc     --HOLE--

.sysmem    0    20001270    00001000     UNINITIALIZED
                  20001270    00000010     rtsv7M4_T_le_v4SPD16_eabi.lib : memory.c.obj (.sysmem)
                  20001280    00000ff0     --HOLE--

.bss       0    20002270    00000075     UNINITIALIZED
                  20002270    00000054     lcd.obj (.bss:lastbuffer$3)
                  200022c4    00000018     open_interface.obj (.bss:firmware$2)
                  200022dc    00000004     (.common:_timeout_ticks)
                  200022e0    00000004     (.common:risingEdge)
                  200022e4    00000001     (.common:width_calibrated)

.data      0    200022e8    0000006c     UNINITIALIZED
                  200022e8    00000020     open_interface.obj (.data)
                  20002308    00000020     ping.obj (.data)
                  20002328    00000009     servo.obj (.data)
                  20002331    00000001     Timer.obj (.data)
                  20002332    00000001     button.obj (.data)
                  20002333    00000001     --HOLE--
                  20002334    00000008     rtsv7M4_T_le_v4SPD16_eabi.lib : _lock.c.obj (.data:$O1$$)
                  2000233c    00000008                                   : memory.c.obj (.data:$O1$$)
                  20002344    00000008     uart-interrupt.obj (.data)
                  2000234c    00000004     object.obj (.data)
                  20002350    00000004     rtsv7M4_T_le_v4SPD16_eabi.lib : errno.c.obj (.data)

__llvm_prf_cnts 
*          0    20000000    00000000     UNINITIALIZED

MODULE SUMMARY

       Module                         code    ro data   rw data
       ------                         ----    -------   -------
    .\
       open_interface.obj             3128    15        56     
       commands.obj                   1816    575       0      
       movement.obj                   2146    0         0      
       object.obj                     1080    204       5      
       lcd.obj                        992     29        84     
       servo.obj                      744     200       9      
       ping.obj                       816     0         36     
       tm4c123gh6pm_startup_ccs.obj   12      620       0      
       Timer.obj                      584     0         5      
       uart-interrupt.obj             456     0         8      
       adc.obj                        328     0         0      
       button.obj                     128     0         1      
       main.obj                       68      0         0      
    +--+------------------------------+-------+---------+---------+
       Total:                         12298   1643      204    
                                                               
    C:/ti/TivaWare_C_Series-2.1.4.178/driverlib/ccs/Debug/driverlib.lib
       interrupt.obj                  68      0         620    
       cpu.obj                        12      0         0      
    +--+------------------------------+-------+---------+---------+
       Total:                         80      0         620    
                                                               
    C:\ti\ccs1010\ccs\tools\compiler\ti-cgt-arm_20.2.1.LTS\lib\rtsv7M4_T_le_v4SPD16_eabi.lib
       _printfi.c.obj                 4851    0         0      
       e_pow.c.obj                    2496    48        0      
       k_rem_pio2.c.obj               1848    344       0      
       s_tan.c.obj                    1288    0         0      
       k_tan.c.obj                    792     128       0      
       memory.c.obj                   736     0         8      
       fd_add_t2.asm.obj              438     0         0      
       e_sqrt.c.obj                   344     0         0      
       fd_div_t2.asm.obj              310     0         0      
       s_scalbn.c.obj                 272     0         0      
       fd_cmp_t2.asm.obj              268     0         0      
       ctype.c.obj                    0       257       0      
       fd_mul_t2.asm.obj              252     0         0      
       s_floor.c.obj                  248     0         0      
       memcpy_t2.asm.obj              156     0         0      
       ull_div_t2.asm.obj             150     0         0      
       vsnprintf.c.obj                136     0         0      
       memset_t2.asm.obj              122     0         0      
       fd_tos_t2.asm.obj              110     0         0      
       copy_decompress_lzss.c.obj     104     0         0      
       s_frexp.c.obj                  100     0         0      
       sprintf.c.obj                  98      0         0      
       _ltoa.c.obj                    84      0         0      
       atoi.c.obj                     76      0         0      
       fd_toi_t2.asm.obj              72      0         0      
       autoinit.c.obj                 68      0         0      
       fs_tod_t2.asm.obj              56      0         0      
       boot_cortex_m.c.obj            52      0         0      
       i_tofd_t2.asm.obj              46      0         0      
       copy_zero_init.c.obj           28      0         0      
       memccpy.c.obj                  28      0         0      
       s_copysign.c.obj               26      0         0      
       strcmp.c.obj                   24      0         0      
       strchr.c.obj                   22      0         0      
       strcpy.c.obj                   20      0         0      
       strlen.c.obj                   20      0         0      
       wcslen.c.obj                   18      0         0      
       copy_decompress_none.c.obj     14      0         0      
       errno.c.obj                    8       0         4      
       _lock.c.obj                    2       0         8      
       exit.c.obj                     4       0         0      
       pre_init.c.obj                 4       0         0      
       div0.asm.obj                   2       0         0      
    +--+------------------------------+-------+---------+---------+
       Total:                         15793   777       20     
                                                               
       Heap:                          0       0         4096   
       Stack:                         0       0         4096   
       Linker Generated:              0       102       0      
    +--+------------------------------+-------+---------+---------+
       Grand Total:                   28171   2522      9036   


LINKER GENERATED COPY TABLES

__TI_cinit_table @ 000077e8 records: 3, size/record: 8, table size: 24
	.data: load addr=00007798, load size=00000032 bytes, run addr=200022e8, run size=0000006c bytes, compression=lzss
	.bss: load addr=000077d8, load size=00000008 bytes, run addr=20002270, run size=00000075 bytes, compression=zero_init
	.vtable: load addr=000077e0, load size=00000008 bytes, run addr=20000000, run size=0000026c bytes, compression=zero_init


LINKER GENERATED HANDLER TABLE

__TI_handler_table @ 000077cc records: 3, size/record: 4, table size: 12
	index: 0, handler: __TI_zero_init
	index: 1, handler: __TI_decompress_lzss
	index: 2, handler: __TI_decompress_none


GLOBAL SYMBOLS: SORTED ALPHABETICALLY BY Name 

address   name                          
-------   ----                          
00007081  C$$EXIT                       
00007049  CPUcpsie                      
2000230c  END_TIME                      
00000bc3  GPIOF_Handler                 
0000701b  IntMasterEnable               
00006e0d  IntRegister                   
00007055  ResetISR                      
20002308  START_TIME                    
20002310  STATE                         
000047af  TIMER3B_Handler               
0000573b  UART1_Handler                 
20001270  __STACK_END                   
00001000  __STACK_SIZE                  
20000470  __STACK_TOP                   
00001000  __SYSMEM_SIZE                 
000077e8  __TI_CINIT_Base               
00007800  __TI_CINIT_Limit              
000077cc  __TI_Handler_Table_Base       
000077d8  __TI_Handler_Table_Limit      
00006c55  __TI_auto_init_nobinit_nopinit
000069f9  __TI_decompress_lzss          
0000703b  __TI_decompress_none          
00006b1b  __TI_ltoa                     
ffffffff  __TI_pprof_out_hndl           
00000e8d  __TI_printfi                  
ffffffff  __TI_prof_data_size           
ffffffff  __TI_prof_data_start          
00000000  __TI_static_base__            
00006efd  __TI_zero_init_nomemset       
000066a5  __aeabi_cdcmpeq               
000066a5  __aeabi_cdcmple               
0000672b  __aeabi_cdrcmple              
0000698b  __aeabi_d2f                   
00006c0d  __aeabi_d2iz                  
000057eb  __aeabi_dadd                  
00005d75  __aeabi_ddiv                  
000061e9  __aeabi_dmul                  
000057e1  __aeabi_dsub                  
0000706d  __aeabi_errno_addr            
00006dd5  __aeabi_f2d                   
00006ea5  __aeabi_i2d                   
00002aff  __aeabi_idiv0                 
00002aff  __aeabi_ldiv0                 
00006831  __aeabi_memclr                
00006831  __aeabi_memclr4               
00006831  __aeabi_memclr8               
00006573  __aeabi_memcpy                
00006573  __aeabi_memcpy4               
00006573  __aeabi_memcpy8               
00006833  __aeabi_memset                
00006833  __aeabi_memset4               
00006833  __aeabi_memset8               
0000660f  __aeabi_uldivmod              
ffffffff  __binit__                     
ffffffff  __c_args__                    
00002b01  __kernel_rem_pio2             
00004991  __kernel_tan                  
UNDEFED   __mpu_init                    
20000270  __stack                       
20000000  __start___llvm_prf_cnts       
20000000  __stop___llvm_prf_cnts        
00006e41  _c_int00_noargs               
000071e0  _ctypes_                      
20002334  _lock                         
000018db  _nop                          
20002331  _running                      
20001270  _sys_memory                   
UNDEFED   _system_post_cinit            
0000707d  _system_pre_init              
200022dc  _timeout_ticks                
20002338  _unlock                       
00007081  abort                         
00005af1  adc_init                      
00005b93  adc_read                      
000060e1  aligned_alloc                 
00006bc1  atoi                          
ffffffff  binit                         
000067e5  button_getButton              
000067b1  button_init                   
00006d9d  calloc                        
000026cd  check_border                  
00002629  check_bump                    
000027d3  check_pitfall                 
20002320  clkStp                        
20002344  command_byte                  
20002348  command_flag                  
00006f51  copysign                      
00006f51  copysignl                     
20002350  errno                         
20002314  fallingEdge                   
000062e5  floor                         
000062e5  floorl                        
000063dd  free                          
00006a61  frexp                         
00006a61  frexpl                        
20000000  g_pfnRAMVectors               
00000000  g_pfnVectors                  
00003739  get_double_button             
0000361d  get_double_uart               
0000097f  go_charge                     
0000702b  lcd_clear                     
00004465  lcd_gotoLine                  
000042cd  lcd_init                      
000044cb  lcd_printf                    
0000438d  lcd_putc                      
000043c5  lcd_puts                      
00004291  lcd_reverseNibble             
000045fd  lcd_rotateLeft                
0000458f  lcd_rotatingBanner            
000043e3  lcd_sendCommand               
00004421  lcd_sendNibble                
0000448d  lcd_setCursorPos              
00005fd1  ldexp                         
00005fd1  ldexpl                        
00006c99  main                          
00007075  malloc                        
000060e1  memalign                      
00006f35  memccpy                       
00006573  memcpy                        
00006839  memset                        
200022e8  motor_cal_factor_L            
200022ec  motor_cal_factor_R            
00002509  move_backward                 
00003239  move_bot                      
0000229d  move_forward                  
20002330  not_calibrated                
00003e59  object_init                   
00003e73  object_scan                   
0000026d  oi_alloc                      
00000aa9  oi_checkFirmware              
000002c7  oi_close                      
00000279  oi_free                       
00000ded  oi_getMotorCalibrationLeft    
00000e01  oi_getMotorCalibrationRight   
000002b1  oi_init                       
00000289  oi_init_noupdate              
00000915  oi_loadSong                   
00006f9b  oi_parseInt                   
0000032b  oi_parsePacket                
0000096b  oi_play_song                  
0000084b  oi_setLeds                    
00000db1  oi_setMotorCalibration        
0000088f  oi_setWheels                  
00000b51  oi_shutoff_init               
0000098d  oi_uartInit                   
00000a31  oi_uartReceive                
00000a77  oi_uartSendBuff               
00000a15  oi_uartSendChar               
00000a59  oi_uartSendStr                
000002d9  oi_update                     
20002318  overflowCount                 
000047e5  ping_getDistance              
00004661  ping_init                     
00004727  ping_trigger                  
000018dd  pow                           
000018dd  powl                          
00003859  print_instructions            
00004051  print_objects                 
2000232c  raw_0                         
20002328  raw_180                       
200022e0  risingEdge                    
00005fd1  scalbn                        
00005fd1  scalbnl                       
00004d25  servo_calibrate               
00004ca9  servo_init                    
00004e6d  servo_move                    
00006cdd  sprintf                       
00005999  sqrt                          
00005999  sqrtl                         
00006fcb  strchr                        
00006fb3  strcmp                        
00006fe1  strcpy                        
00006ff5  strlen                        
00003951  tan                           
00003951  tanl                          
0000531f  timer_getMicros               
000052c7  timer_getMillis               
00005201  timer_init                    
000052a3  timer_pause                   
000052b5  timer_resume                  
00005279  timer_stop                    
00005379  timer_waitMicros              
000053ab  timer_waitMillis              
00002447  turn_left                     
000023b5  turn_right                    
00005619  uart_interrupt_init           
000056f3  uart_receive                  
000056d7  uart_sendChar                 
00005713  uart_sendStr                  
00003801  verify_double                 
00006d1d  vsnprintf                     
00007009  wcslen                        
00004131  width_calibrate               
200022e4  width_calibrated              
2000234c  width_conversion              


GLOBAL SYMBOLS: SORTED BY Symbol Address 

address   name                          
-------   ----                          
00000000  __TI_static_base__            
00000000  g_pfnVectors                  
0000026d  oi_alloc                      
00000279  oi_free                       
00000289  oi_init_noupdate              
000002b1  oi_init                       
000002c7  oi_close                      
000002d9  oi_update                     
0000032b  oi_parsePacket                
0000084b  oi_setLeds                    
0000088f  oi_setWheels                  
00000915  oi_loadSong                   
0000096b  oi_play_song                  
0000097f  go_charge                     
0000098d  oi_uartInit                   
00000a15  oi_uartSendChar               
00000a31  oi_uartReceive                
00000a59  oi_uartSendStr                
00000a77  oi_uartSendBuff               
00000aa9  oi_checkFirmware              
00000b51  oi_shutoff_init               
00000bc3  GPIOF_Handler                 
00000db1  oi_setMotorCalibration        
00000ded  oi_getMotorCalibrationLeft    
00000e01  oi_getMotorCalibrationRight   
00000e8d  __TI_printfi                  
00001000  __STACK_SIZE                  
00001000  __SYSMEM_SIZE                 
000018db  _nop                          
000018dd  pow                           
000018dd  powl                          
0000229d  move_forward                  
000023b5  turn_right                    
00002447  turn_left                     
00002509  move_backward                 
00002629  check_bump                    
000026cd  check_border                  
000027d3  check_pitfall                 
00002aff  __aeabi_idiv0                 
00002aff  __aeabi_ldiv0                 
00002b01  __kernel_rem_pio2             
00003239  move_bot                      
0000361d  get_double_uart               
00003739  get_double_button             
00003801  verify_double                 
00003859  print_instructions            
00003951  tan                           
00003951  tanl                          
00003e59  object_init                   
00003e73  object_scan                   
00004051  print_objects                 
00004131  width_calibrate               
00004291  lcd_reverseNibble             
000042cd  lcd_init                      
0000438d  lcd_putc                      
000043c5  lcd_puts                      
000043e3  lcd_sendCommand               
00004421  lcd_sendNibble                
00004465  lcd_gotoLine                  
0000448d  lcd_setCursorPos              
000044cb  lcd_printf                    
0000458f  lcd_rotatingBanner            
000045fd  lcd_rotateLeft                
00004661  ping_init                     
00004727  ping_trigger                  
000047af  TIMER3B_Handler               
000047e5  ping_getDistance              
00004991  __kernel_tan                  
00004ca9  servo_init                    
00004d25  servo_calibrate               
00004e6d  servo_move                    
00005201  timer_init                    
00005279  timer_stop                    
000052a3  timer_pause                   
000052b5  timer_resume                  
000052c7  timer_getMillis               
0000531f  timer_getMicros               
00005379  timer_waitMicros              
000053ab  timer_waitMillis              
00005619  uart_interrupt_init           
000056d7  uart_sendChar                 
000056f3  uart_receive                  
00005713  uart_sendStr                  
0000573b  UART1_Handler                 
000057e1  __aeabi_dsub                  
000057eb  __aeabi_dadd                  
00005999  sqrt                          
00005999  sqrtl                         
00005af1  adc_init                      
00005b93  adc_read                      
00005d75  __aeabi_ddiv                  
00005fd1  ldexp                         
00005fd1  ldexpl                        
00005fd1  scalbn                        
00005fd1  scalbnl                       
000060e1  aligned_alloc                 
000060e1  memalign                      
000061e9  __aeabi_dmul                  
000062e5  floor                         
000062e5  floorl                        
000063dd  free                          
00006573  __aeabi_memcpy                
00006573  __aeabi_memcpy4               
00006573  __aeabi_memcpy8               
00006573  memcpy                        
0000660f  __aeabi_uldivmod              
000066a5  __aeabi_cdcmpeq               
000066a5  __aeabi_cdcmple               
0000672b  __aeabi_cdrcmple              
000067b1  button_init                   
000067e5  button_getButton              
00006831  __aeabi_memclr                
00006831  __aeabi_memclr4               
00006831  __aeabi_memclr8               
00006833  __aeabi_memset                
00006833  __aeabi_memset4               
00006833  __aeabi_memset8               
00006839  memset                        
0000698b  __aeabi_d2f                   
000069f9  __TI_decompress_lzss          
00006a61  frexp                         
00006a61  frexpl                        
00006b1b  __TI_ltoa                     
00006bc1  atoi                          
00006c0d  __aeabi_d2iz                  
00006c55  __TI_auto_init_nobinit_nopinit
00006c99  main                          
00006cdd  sprintf                       
00006d1d  vsnprintf                     
00006d9d  calloc                        
00006dd5  __aeabi_f2d                   
00006e0d  IntRegister                   
00006e41  _c_int00_noargs               
00006ea5  __aeabi_i2d                   
00006efd  __TI_zero_init_nomemset       
00006f35  memccpy                       
00006f51  copysign                      
00006f51  copysignl                     
00006f9b  oi_parseInt                   
00006fb3  strcmp                        
00006fcb  strchr                        
00006fe1  strcpy                        
00006ff5  strlen                        
00007009  wcslen                        
0000701b  IntMasterEnable               
0000702b  lcd_clear                     
0000703b  __TI_decompress_none          
00007049  CPUcpsie                      
00007055  ResetISR                      
0000706d  __aeabi_errno_addr            
00007075  malloc                        
0000707d  _system_pre_init              
00007081  C$$EXIT                       
00007081  abort                         
000071e0  _ctypes_                      
000077cc  __TI_Handler_Table_Base       
000077d8  __TI_Handler_Table_Limit      
000077e8  __TI_CINIT_Base               
00007800  __TI_CINIT_Limit              
20000000  __start___llvm_prf_cnts       
20000000  __stop___llvm_prf_cnts        
20000000  g_pfnRAMVectors               
20000270  __stack                       
20000470  __STACK_TOP                   
20001270  __STACK_END                   
20001270  _sys_memory                   
200022dc  _timeout_ticks                
200022e0  risingEdge                    
200022e4  width_calibrated              
200022e8  motor_cal_factor_L            
200022ec  motor_cal_factor_R            
20002308  START_TIME                    
2000230c  END_TIME                      
20002310  STATE                         
20002314  fallingEdge                   
20002318  overflowCount                 
20002320  clkStp                        
20002328  raw_180                       
2000232c  raw_0                         
20002330  not_calibrated                
20002331  _running                      
20002334  _lock                         
20002338  _unlock                       
20002344  command_byte                  
20002348  command_flag                  
2000234c  width_conversion              
20002350  errno                         
ffffffff  __TI_pprof_out_hndl           
ffffffff  __TI_prof_data_size           
ffffffff  __TI_prof_data_start          
ffffffff  __binit__                     
ffffffff  __c_args__                    
ffffffff  binit                         
UNDEFED   __mpu_init                    
UNDEFED   _system_post_cinit            

[195 symbols]
