******************************************************************************
                  TI ARM Linker PC v20.2.1                     
******************************************************************************
>> Linked Thu Feb 25 16:28:39 2021

OUTPUT FILE NAME:   <Lab4.1.out>
ENTRY POINT SYMBOL: "_c_int00_noargs"  address: 00004325


MEMORY CONFIGURATION

         name            origin    length      used     unused   attr    fill
----------------------  --------  ---------  --------  --------  ----  --------
  FLASH                 00000000   00040000  000046e5  0003b91b  R  X
  SRAM                  20000000   00008000  0000235a  00005ca6  RW X


SEGMENT ALLOCATION MAP

run origin  load origin   length   init length attrs members
----------  ----------- ---------- ----------- ----- -------
00000000    00000000    000046e8   000046e8    r-x
  00000000    00000000    0000026c   0000026c    r-- .intvecs
  0000026c    0000026c    000042fc   000042fc    r-x .text
  00004568    00004568    0000012d   0000012d    r-- .const
  00004698    00004698    00000050   00000050    r-- .cinit
20000000    20000000    00002361   00000000    rw-
  20000000    20000000    0000026c   00000000    rw- .vtable
  20000270    20000270    00001000   00000000    rw- .stack
  20001270    20001270    00001000   00000000    rw- .sysmem
  20002270    20002270    000000b5   00000000    rw- .bss
  20002328    20002328    00000039   00000000    rw- .data


SECTION ALLOCATION MAP

 output                                  attributes/
section   page    origin      length       input sections
--------  ----  ----------  ----------   ----------------
.intvecs   0    00000000    0000026c     
                  00000000    0000026c     tm4c123gh6pm_startup_ccs.obj (.intvecs)

.text      0    0000026c    000042fc     
                  0000026c    00000c20     open_interface.obj (.text)
                  00000e8c    00000a4e     rtsv7M4_T_le_v4SPD16_eabi.lib : _printfi.c.obj (.text:__TI_printfi)
                  000018da    00000002                                   : _lock.c.obj (.text:_nop)
                  000018dc    000003d0     lcd.obj (.text)
                  00001cac    00000358     main.obj (.text)
                  00002004    00000358     movement.obj (.text)
                  0000235c    00000270     rtsv7M4_T_le_v4SPD16_eabi.lib : _printfi.c.obj (.text:_pconv_a)
                  000025cc    00000248     Timer.obj (.text)
                  00002814    000001ec     libcybotFindObjects.lib : ping.obj (.text)
                  00002a00    000001d0     rtsv7M4_T_le_v4SPD16_eabi.lib : _printfi.c.obj (.text:_pconv_g)
                  00002bd0    000001b6                                   : fd_add_t2.asm.obj (.text)
                  00002d86    00000002                                   : div0.asm.obj (.text)
                  00002d88    0000015c     libcybotUART.lib : uart.obj (.text)
                  00002ee4    00000158     libcybotFindObjects.lib : cyBot_FindObjects.obj (.text)
                  0000303c    0000013c     rtsv7M4_T_le_v4SPD16_eabi.lib : _printfi.c.obj (.text:_pconv_e)
                  00003178    00000136                                   : fd_div_t2.asm.obj (.text)
                  000032ae    00000002     --HOLE-- [fill = 0]
                  000032b0    00000124                                   : _printfi.c.obj (.text:fcvt)
                  000033d4    00000124     libcybotFindObjects.lib : servo.obj (.text)
                  000034f8    00000118                             : ir.obj (.text)
                  00003610    00000110     rtsv7M4_T_le_v4SPD16_eabi.lib : s_scalbn.c.obj (.text:scalbn)
                  00003720    00000108                                   : memory.c.obj (.text:aligned_alloc)
                  00003828    000000fc                                   : fd_mul_t2.asm.obj (.text)
                  00003924    000000e4                                   : memory.c.obj (.text:free)
                  00003a08    000000b1                                   : _printfi.c.obj (.text:_ltostr)
                  00003ab9    00000001     --HOLE-- [fill = 0]
                  00003aba    0000009c                                   : memcpy_t2.asm.obj (.text)
                  00003b56    00000096                                   : ull_div_t2.asm.obj (.text)
                  00003bec    00000086                                   : fd_cmp_t2.asm.obj (.text:__aeabi_cdcmple)
                  00003c72    00000086                                   : fd_cmp_t2.asm.obj (.text:__aeabi_cdrcmple)
                  00003cf8    0000007a                                   : memset_t2.asm.obj (.text)
                  00003d72    00000002     --HOLE-- [fill = 0]
                  00003d74    00000070                                   : memory.c.obj (.text:split)
                  00003de4    0000006e                                   : _printfi.c.obj (.text:_mcpy)
                  00003e52    0000006e                                   : fd_tos_t2.asm.obj (.text)
                  00003ec0    00000068                                   : copy_decompress_lzss.c.obj (.text:decompress:lzss:__TI_decompress_lzss)
                  00003f28    00000064                                   : s_frexp.c.obj (.text:frexp)
                  00003f8c    00000060     resetSimulation.obj (.text)
                  00003fec    00000056     rtsv7M4_T_le_v4SPD16_eabi.lib : _printfi.c.obj (.text:_pconv_f)
                  00004042    00000054                                   : _ltoa.c.obj (.text:__TI_ltoa)
                  00004096    00000052                                   : _printfi.c.obj (.text:_ecpy)
                  000040e8    0000004c                                   : atoi.c.obj (.text:atoi)
                  00004134    00000048                                   : fd_toi_t2.asm.obj (.text)
                  0000417c    00000044                                   : autoinit.c.obj (.text:__TI_auto_init_nobinit_nopinit:__TI_auto_init_nobinit_nopinit)
                  000041c0    00000040                                   : sprintf.c.obj (.text:sprintf)
                  00004200    00000040                                   : vsnprintf.c.obj (.text:vsnprintf)
                  00004240    0000003e                                   : _printfi.c.obj (.text:_fcpy)
                  0000427e    00000002     --HOLE-- [fill = 0]
                  00004280    00000038                                   : memory.c.obj (.text:calloc)
                  000042b8    00000038                                   : fs_tod_t2.asm.obj (.text)
                  000042f0    00000034     driverlib.lib : interrupt.obj (.text:IntRegister)
                  00004324    00000034     rtsv7M4_T_le_v4SPD16_eabi.lib : boot_cortex_m.c.obj (.text:_c_int00_noargs:_c_int00_noargs)
                  00004358    00000030                                   : vsnprintf.c.obj (.text:_outs)
                  00004388    0000002e                                   : i_tofd_t2.asm.obj (.text)
                  000043b6    00000002     --HOLE-- [fill = 0]
                  000043b8    00000028                                   : memory.c.obj (.text:free_list_insert)
                  000043e0    0000001c                                   : copy_zero_init.c.obj (.text:decompress:ZI:__TI_zero_init_nomemset:__TI_zero_init_nomemset)
                  000043fc    0000001c                                   : memory.c.obj (.text:free_list_remove)
                  00004418    0000001c                                   : memccpy.c.obj (.text:memccpy)
                  00004434    0000001a                                   : s_copysign.c.obj (.text:copysign)
                  0000444e    00000018                                   : vsnprintf.c.obj (.text:_outc)
                  00004466    00000018                                   : sprintf.c.obj (.text:_outs)
                  0000447e    00000018     open_interface.obj (.text:oi_parseInt)
                  00004496    00000018     rtsv7M4_T_le_v4SPD16_eabi.lib : strcmp.c.obj (.text:strcmp)
                  000044ae    00000016                                   : strchr.c.obj (.text:strchr)
                  000044c4    00000014                                   : strcpy.c.obj (.text:strcpy)
                  000044d8    00000014                                   : strlen.c.obj (.text:strlen)
                  000044ec    00000012                                   : wcslen.c.obj (.text:wcslen)
                  000044fe    00000010     driverlib.lib : interrupt.obj (.text:IntMasterEnable)
                  0000450e    00000010     lcd.obj (.text:lcd_clear)
                  0000451e    0000000e     rtsv7M4_T_le_v4SPD16_eabi.lib : copy_decompress_none.c.obj (.text:decompress:none:__TI_decompress_none)
                  0000452c    0000000c     driverlib.lib : cpu.obj (.text:CPUcpsie)
                  00004538    0000000c     tm4c123gh6pm_startup_ccs.obj (.text)
                  00004544    0000000a     rtsv7M4_T_le_v4SPD16_eabi.lib : sprintf.c.obj (.text:_outc)
                  0000454e    00000002     --HOLE-- [fill = 0]
                  00004550    00000008                                   : errno.c.obj (.text:__aeabi_errno_addr)
                  00004558    00000008                                   : memory.c.obj (.text:malloc)
                  00004560    00000004                                   : pre_init.c.obj (.text:_system_pre_init)
                  00004564    00000004                                   : exit.c.obj (.text:abort:abort)

.const     0    00004568    0000012d     
                  00004568    00000101     rtsv7M4_T_le_v4SPD16_eabi.lib : ctype.c.obj (.const:.string:_ctypes_)
                  00004669    00000015     lcd.obj (.const:.string:$P$T0$4)
                  0000467e    0000000f     open_interface.obj (.const:.string:$P$T0$3)
                  0000468d    00000004     lcd.obj (.const:.string:lineAddress$1)
                  00004691    00000004     lcd.obj (.const:.string:lineAddresses$2)

.cinit     0    00004698    00000050     
                  00004698    00000018     (.cinit..data.load) [load image, compression = lzss]
                  000046b0    0000000c     (__TI_handler_table)
                  000046bc    00000004     --HOLE-- [fill = 0]
                  000046c0    00000008     (.cinit..bss.load) [load image, compression = zero_init]
                  000046c8    00000008     (.cinit..vtable.load) [load image, compression = zero_init]
                  000046d0    00000018     (__TI_cinit_table)

.init_array 
*          0    00000000    00000000     UNINITIALIZED

.vtable    0    20000000    0000026c     UNINITIALIZED
                  20000000    0000026c     driverlib.lib : interrupt.obj (.vtable)

.stack     0    20000270    00001000     UNINITIALIZED
                  20000270    00000004     rtsv7M4_T_le_v4SPD16_eabi.lib : boot_cortex_m.c.obj (.stack)
                  20000274    00000ffc     --HOLE--

.sysmem    0    20001270    00001000     UNINITIALIZED
                  20001270    00000010     rtsv7M4_T_le_v4SPD16_eabi.lib : memory.c.obj (.sysmem)
                  20001280    00000ff0     --HOLE--

.bss       0    20002270    000000b5     UNINITIALIZED
                  20002270    00000054     lcd.obj (.bss:lastbuffer$3)
                  200022c4    00000034     (.common:isr_char_buffer)
                  200022f8    00000018     open_interface.obj (.bss:firmware$2)
                  20002310    00000004     (.common:_timeout_ticks)
                  20002314    00000004     (.common:fallingEdge)
                  20002318    00000004     (.common:isr_int_value)
                  2000231c    00000004     (.common:pulseLength)
                  20002320    00000004     (.common:risingEdge)
                  20002324    00000001     (.common:isRisingEdge)

.data      0    20002328    00000039     UNINITIALIZED
                  20002328    00000020     open_interface.obj (.data)
                  20002348    00000008     rtsv7M4_T_le_v4SPD16_eabi.lib : _lock.c.obj (.data:$O1$$)
                  20002350    00000008                                   : memory.c.obj (.data:$O1$$)
                  20002358    00000004     libcybotUART.lib : uart.obj (.data)
                  2000235c    00000004     rtsv7M4_T_le_v4SPD16_eabi.lib : errno.c.obj (.data)
                  20002360    00000001     Timer.obj (.data)

__llvm_prf_cnts 
*          0    20000000    00000000     UNINITIALIZED

MODULE SUMMARY

       Module                         code    ro data   rw data
       ------                         ----    -------   -------
    .\
       open_interface.obj             3128    15        56     
       lcd.obj                        992     29        84     
       main.obj                       856     0         0      
       movement.obj                   856     0         0      
       tm4c123gh6pm_startup_ccs.obj   12      620       0      
       Timer.obj                      584     0         5      
       resetSimulation.obj            96      0         0      
    +--+------------------------------+-------+---------+---------+
       Total:                         6524    664       145    
                                                               
    ../libcybotFindObjects.lib
       ping.obj                       492     0         13     
       cyBot_FindObjects.obj          344     0         0      
       servo.obj                      292     0         0      
       ir.obj                         280     0         4      
    +--+------------------------------+-------+---------+---------+
       Total:                         1408    0         17     
                                                               
    ../libcybotUART.lib
       uart.obj                       348     0         56     
    +--+------------------------------+-------+---------+---------+
       Total:                         348     0         56     
                                                               
    C:/ti/TivaWare_C_Series-2.1.4.178/driverlib/ccs/Debug/driverlib.lib
       interrupt.obj                  68      0         620    
       cpu.obj                        12      0         0      
    +--+------------------------------+-------+---------+---------+
       Total:                         80      0         620    
                                                               
    C:\ti\ccs1010\ccs\tools\compiler\ti-cgt-arm_20.2.1.LTS\lib\rtsv7M4_T_le_v4SPD16_eabi.lib
       _printfi.c.obj                 4851    0         0      
       memory.c.obj                   736     0         8      
       fd_add_t2.asm.obj              438     0         0      
       fd_div_t2.asm.obj              310     0         0      
       s_scalbn.c.obj                 272     0         0      
       fd_cmp_t2.asm.obj              268     0         0      
       ctype.c.obj                    0       257       0      
       fd_mul_t2.asm.obj              252     0         0      
       memcpy_t2.asm.obj              156     0         0      
       ull_div_t2.asm.obj             150     0         0      
       vsnprintf.c.obj                136     0         0      
       memset_t2.asm.obj              122     0         0      
       fd_tos_t2.asm.obj              110     0         0      
       copy_decompress_lzss.c.obj     104     0         0      
       s_frexp.c.obj                  100     0         0      
       sprintf.c.obj                  98      0         0      
       _ltoa.c.obj                    84      0         0      
       atoi.c.obj                     76      0         0      
       fd_toi_t2.asm.obj              72      0         0      
       autoinit.c.obj                 68      0         0      
       fs_tod_t2.asm.obj              56      0         0      
       boot_cortex_m.c.obj            52      0         0      
       i_tofd_t2.asm.obj              46      0         0      
       copy_zero_init.c.obj           28      0         0      
       memccpy.c.obj                  28      0         0      
       s_copysign.c.obj               26      0         0      
       strcmp.c.obj                   24      0         0      
       strchr.c.obj                   22      0         0      
       strcpy.c.obj                   20      0         0      
       strlen.c.obj                   20      0         0      
       wcslen.c.obj                   18      0         0      
       copy_decompress_none.c.obj     14      0         0      
       errno.c.obj                    8       0         4      
       _lock.c.obj                    2       0         8      
       exit.c.obj                     4       0         0      
       pre_init.c.obj                 4       0         0      
       div0.asm.obj                   2       0         0      
    +--+------------------------------+-------+---------+---------+
       Total:                         8777    257       20     
                                                               
       Heap:                          0       0         4096   
       Stack:                         0       0         4096   
       Linker Generated:              0       76        0      
    +--+------------------------------+-------+---------+---------+
       Grand Total:                   17137   997       9050   


LINKER GENERATED COPY TABLES

__TI_cinit_table @ 000046d0 records: 3, size/record: 8, table size: 24
	.data: load addr=00004698, load size=00000018 bytes, run addr=20002328, run size=00000039 bytes, compression=lzss
	.bss: load addr=000046c0, load size=00000008 bytes, run addr=20002270, run size=000000b5 bytes, compression=zero_init
	.vtable: load addr=000046c8, load size=00000008 bytes, run addr=20000000, run size=0000026c bytes, compression=zero_init


LINKER GENERATED HANDLER TABLE

__TI_handler_table @ 000046b0 records: 3, size/record: 4, table size: 12
	index: 0, handler: __TI_zero_init
	index: 1, handler: __TI_decompress_lzss
	index: 2, handler: __TI_decompress_none


GLOBAL SYMBOLS: SORTED ALPHABETICALLY BY Name 

address   name                          
-------   ----                          
00003591  ADC0SS0_Handler               
00004565  C$$EXIT                       
0000452d  CPUcpsie                      
00000bc3  GPIOF_Handler                 
000044ff  IntMasterEnable               
000042f1  IntRegister                   
00004539  ResetISR                      
00002905  TIMER3B_Handler               
20001270  __STACK_END                   
00001000  __STACK_SIZE                  
20000470  __STACK_TOP                   
00001000  __SYSMEM_SIZE                 
000046d0  __TI_CINIT_Base               
000046e8  __TI_CINIT_Limit              
000046b0  __TI_Handler_Table_Base       
000046bc  __TI_Handler_Table_Limit      
0000417d  __TI_auto_init_nobinit_nopinit
00003ec1  __TI_decompress_lzss          
0000451f  __TI_decompress_none          
00004043  __TI_ltoa                     
ffffffff  __TI_pprof_out_hndl           
00000e8d  __TI_printfi                  
ffffffff  __TI_prof_data_size           
ffffffff  __TI_prof_data_start          
00000000  __TI_static_base__            
000043e1  __TI_zero_init_nomemset       
00003bed  __aeabi_cdcmpeq               
00003bed  __aeabi_cdcmple               
00003c73  __aeabi_cdrcmple              
00003e53  __aeabi_d2f                   
00004135  __aeabi_d2iz                  
00002bdb  __aeabi_dadd                  
00003179  __aeabi_ddiv                  
00003829  __aeabi_dmul                  
00002bd1  __aeabi_dsub                  
00004551  __aeabi_errno_addr            
000042b9  __aeabi_f2d                   
00004389  __aeabi_i2d                   
00002d87  __aeabi_idiv0                 
00002d87  __aeabi_ldiv0                 
00003cf9  __aeabi_memclr                
00003cf9  __aeabi_memclr4               
00003cf9  __aeabi_memclr8               
00003abb  __aeabi_memcpy                
00003abb  __aeabi_memcpy4               
00003abb  __aeabi_memcpy8               
00003cfb  __aeabi_memset                
00003cfb  __aeabi_memset4               
00003cfb  __aeabi_memset8               
00003b57  __aeabi_uldivmod              
ffffffff  __binit__                     
ffffffff  __c_args__                    
UNDEFED   __mpu_init                    
20000270  __stack                       
20000000  __start___llvm_prf_cnts       
20000000  __stop___llvm_prf_cnts        
00004325  _c_int00_noargs               
00004568  _ctypes_                      
20002348  _lock                         
000018db  _nop                          
20002360  _running                      
20001270  _sys_memory                   
UNDEFED   _system_post_cinit            
00004561  _system_pre_init              
20002310  _timeout_ticks                
2000234c  _unlock                       
00004565  abort                         
00003721  aligned_alloc                 
000040e9  atoi                          
00002241  avoid_collision               
ffffffff  binit                         
00004281  calloc                        
00004435  copysign                      
00004435  copysignl                     
00002ffb  cyBOT_Scan                    
00002feb  cyBOT_init_Scan               
00002ee5  cyBot_FindObjects             
00002e91  cyBot_UART1_Handler           
00002e77  cyBot_getByte                 
00002d89  cyBot_sendByte                
00002e59  cyBot_uart_flush              
00002dc7  cyBot_uart_init               
00002daf  cyBot_uart_sendBuffer         
00002d95  cyBot_uart_sendStr            
00001f27  displayObjects                
2000235c  errno                         
20002314  fallingEdge                   
00003925  free                          
00003f29  frexp                         
00003f29  frexpl                        
20000000  g_pfnRAMVectors               
00000000  g_pfnVectors                  
0000097f  go_charge                     
000035a7  ir_enableInterrupt            
00003589  ir_getDistance                
00003561  ir_getValue                   
000034f9  ir_init                       
20002324  isRisingEdge                  
200022c4  isr_char_buffer               
20002358  isr_counter                   
20002318  isr_int_value                 
0000450f  lcd_clear                     
00001ab1  lcd_gotoLine                  
00001919  lcd_init                      
00001b17  lcd_printf                    
000019d9  lcd_putc                      
00001a11  lcd_puts                      
000018dd  lcd_reverseNibble             
00001c49  lcd_rotateLeft                
00001bdb  lcd_rotatingBanner            
00001a2f  lcd_sendCommand               
00001a6d  lcd_sendNibble                
00001ad9  lcd_setCursorPos              
00003611  ldexp                         
00003611  ldexpl                        
00001cad  main                          
00004559  malloc                        
00003721  memalign                      
00004419  memccpy                       
00003abb  memcpy                        
00003d01  memset                        
20002328  motor_cal_factor_L            
2000232c  motor_cal_factor_R            
000021a3  move_backward                 
00002005  move_forward                  
0000026d  oi_alloc                      
00000aa9  oi_checkFirmware              
000002c7  oi_close                      
00000279  oi_free                       
00000ded  oi_getMotorCalibrationLeft    
00000e01  oi_getMotorCalibrationRight   
000002b1  oi_init                       
00000289  oi_init_noupdate              
00000915  oi_loadSong                   
0000447f  oi_parseInt                   
0000032b  oi_parsePacket                
0000096b  oi_play_song                  
0000084b  oi_setLeds                    
00000db1  oi_setMotorCalibration        
0000088f  oi_setWheels                  
00000b51  oi_shutoff_init               
0000098d  oi_uartInit                   
00000a31  oi_uartReceive                
00000a77  oi_uartSendBuff               
00000a15  oi_uartSendChar               
00000a59  oi_uartSendStr                
000002d9  oi_update                     
00001eff  parsePutty                    
00002957  ping_getDistance              
00002815  ping_init                     
0000289b  ping_trigger                  
2000231c  pulseLength                   
00003f8d  resetSimulationBoard          
20002320  risingEdge                    
00003611  scalbn                        
00003611  scalbnl                       
000033d5  servo_init                    
00003459  servo_move                    
000034a3  servo_setPWM                  
0000344d  servo_stop                    
000041c1  sprintf                       
000044af  strchr                        
00004497  strcmp                        
000044c5  strcpy                        
000044d9  strlen                        
000026eb  timer_getMicros               
00002693  timer_getMillis               
000025cd  timer_init                    
0000266f  timer_pause                   
00002681  timer_resume                  
00002645  timer_stop                    
00002745  timer_waitMicros              
00002777  timer_waitMillis              
00002131  turn_left                     
000020c3  turn_right                    
00004201  vsnprintf                     
000044ed  wcslen                        


GLOBAL SYMBOLS: SORTED BY Symbol Address 

address   name                          
-------   ----                          
00000000  __TI_static_base__            
00000000  g_pfnVectors                  
0000026d  oi_alloc                      
00000279  oi_free                       
00000289  oi_init_noupdate              
000002b1  oi_init                       
000002c7  oi_close                      
000002d9  oi_update                     
0000032b  oi_parsePacket                
0000084b  oi_setLeds                    
0000088f  oi_setWheels                  
00000915  oi_loadSong                   
0000096b  oi_play_song                  
0000097f  go_charge                     
0000098d  oi_uartInit                   
00000a15  oi_uartSendChar               
00000a31  oi_uartReceive                
00000a59  oi_uartSendStr                
00000a77  oi_uartSendBuff               
00000aa9  oi_checkFirmware              
00000b51  oi_shutoff_init               
00000bc3  GPIOF_Handler                 
00000db1  oi_setMotorCalibration        
00000ded  oi_getMotorCalibrationLeft    
00000e01  oi_getMotorCalibrationRight   
00000e8d  __TI_printfi                  
00001000  __STACK_SIZE                  
00001000  __SYSMEM_SIZE                 
000018db  _nop                          
000018dd  lcd_reverseNibble             
00001919  lcd_init                      
000019d9  lcd_putc                      
00001a11  lcd_puts                      
00001a2f  lcd_sendCommand               
00001a6d  lcd_sendNibble                
00001ab1  lcd_gotoLine                  
00001ad9  lcd_setCursorPos              
00001b17  lcd_printf                    
00001bdb  lcd_rotatingBanner            
00001c49  lcd_rotateLeft                
00001cad  main                          
00001eff  parsePutty                    
00001f27  displayObjects                
00002005  move_forward                  
000020c3  turn_right                    
00002131  turn_left                     
000021a3  move_backward                 
00002241  avoid_collision               
000025cd  timer_init                    
00002645  timer_stop                    
0000266f  timer_pause                   
00002681  timer_resume                  
00002693  timer_getMillis               
000026eb  timer_getMicros               
00002745  timer_waitMicros              
00002777  timer_waitMillis              
00002815  ping_init                     
0000289b  ping_trigger                  
00002905  TIMER3B_Handler               
00002957  ping_getDistance              
00002bd1  __aeabi_dsub                  
00002bdb  __aeabi_dadd                  
00002d87  __aeabi_idiv0                 
00002d87  __aeabi_ldiv0                 
00002d89  cyBot_sendByte                
00002d95  cyBot_uart_sendStr            
00002daf  cyBot_uart_sendBuffer         
00002dc7  cyBot_uart_init               
00002e59  cyBot_uart_flush              
00002e77  cyBot_getByte                 
00002e91  cyBot_UART1_Handler           
00002ee5  cyBot_FindObjects             
00002feb  cyBOT_init_Scan               
00002ffb  cyBOT_Scan                    
00003179  __aeabi_ddiv                  
000033d5  servo_init                    
0000344d  servo_stop                    
00003459  servo_move                    
000034a3  servo_setPWM                  
000034f9  ir_init                       
00003561  ir_getValue                   
00003589  ir_getDistance                
00003591  ADC0SS0_Handler               
000035a7  ir_enableInterrupt            
00003611  ldexp                         
00003611  ldexpl                        
00003611  scalbn                        
00003611  scalbnl                       
00003721  aligned_alloc                 
00003721  memalign                      
00003829  __aeabi_dmul                  
00003925  free                          
00003abb  __aeabi_memcpy                
00003abb  __aeabi_memcpy4               
00003abb  __aeabi_memcpy8               
00003abb  memcpy                        
00003b57  __aeabi_uldivmod              
00003bed  __aeabi_cdcmpeq               
00003bed  __aeabi_cdcmple               
00003c73  __aeabi_cdrcmple              
00003cf9  __aeabi_memclr                
00003cf9  __aeabi_memclr4               
00003cf9  __aeabi_memclr8               
00003cfb  __aeabi_memset                
00003cfb  __aeabi_memset4               
00003cfb  __aeabi_memset8               
00003d01  memset                        
00003e53  __aeabi_d2f                   
00003ec1  __TI_decompress_lzss          
00003f29  frexp                         
00003f29  frexpl                        
00003f8d  resetSimulationBoard          
00004043  __TI_ltoa                     
000040e9  atoi                          
00004135  __aeabi_d2iz                  
0000417d  __TI_auto_init_nobinit_nopinit
000041c1  sprintf                       
00004201  vsnprintf                     
00004281  calloc                        
000042b9  __aeabi_f2d                   
000042f1  IntRegister                   
00004325  _c_int00_noargs               
00004389  __aeabi_i2d                   
000043e1  __TI_zero_init_nomemset       
00004419  memccpy                       
00004435  copysign                      
00004435  copysignl                     
0000447f  oi_parseInt                   
00004497  strcmp                        
000044af  strchr                        
000044c5  strcpy                        
000044d9  strlen                        
000044ed  wcslen                        
000044ff  IntMasterEnable               
0000450f  lcd_clear                     
0000451f  __TI_decompress_none          
0000452d  CPUcpsie                      
00004539  ResetISR                      
00004551  __aeabi_errno_addr            
00004559  malloc                        
00004561  _system_pre_init              
00004565  C$$EXIT                       
00004565  abort                         
00004568  _ctypes_                      
000046b0  __TI_Handler_Table_Base       
000046bc  __TI_Handler_Table_Limit      
000046d0  __TI_CINIT_Base               
000046e8  __TI_CINIT_Limit              
20000000  __start___llvm_prf_cnts       
20000000  __stop___llvm_prf_cnts        
20000000  g_pfnRAMVectors               
20000270  __stack                       
20000470  __STACK_TOP                   
20001270  __STACK_END                   
20001270  _sys_memory                   
200022c4  isr_char_buffer               
20002310  _timeout_ticks                
20002314  fallingEdge                   
20002318  isr_int_value                 
2000231c  pulseLength                   
20002320  risingEdge                    
20002324  isRisingEdge                  
20002328  motor_cal_factor_L            
2000232c  motor_cal_factor_R            
20002348  _lock                         
2000234c  _unlock                       
20002358  isr_counter                   
2000235c  errno                         
20002360  _running                      
ffffffff  __TI_pprof_out_hndl           
ffffffff  __TI_prof_data_size           
ffffffff  __TI_prof_data_start          
ffffffff  __binit__                     
ffffffff  __c_args__                    
ffffffff  binit                         
UNDEFED   __mpu_init                    
UNDEFED   _system_post_cinit            

[177 symbols]
