<?xml version="1.0" encoding="ISO-8859-1" ?>
<link_info>
   <banner>TI ARM Linker PC v20.2.1.LTS</banner>
   <copyright>Copyright (c) 1996-2018 Texas Instruments Incorporated</copyright>
   <link_time>0x60382497</link_time>
   <link_errors>0x0</link_errors>
   <output_file>Lab4.1.out</output_file>
   <entry_point>
      <name>_c_int00_noargs</name>
      <address>0x4325</address>
   </entry_point>
   <input_file_list>
      <input_file id="fl-2">
         <path>.\</path>
         <kind>object</kind>
         <file>Timer.obj</file>
         <name>Timer.obj</name>
      </input_file>
      <input_file id="fl-3">
         <path>.\</path>
         <kind>object</kind>
         <file>button.obj</file>
         <name>button.obj</name>
      </input_file>
      <input_file id="fl-4">
         <path>.\</path>
         <kind>object</kind>
         <file>helloworld.obj</file>
         <name>helloworld.obj</name>
      </input_file>
      <input_file id="fl-5">
         <path>.\</path>
         <kind>object</kind>
         <file>lcd.obj</file>
         <name>lcd.obj</name>
      </input_file>
      <input_file id="fl-6">
         <path>.\</path>
         <kind>object</kind>
         <file>main.obj</file>
         <name>main.obj</name>
      </input_file>
      <input_file id="fl-7">
         <path>.\</path>
         <kind>object</kind>
         <file>movement.obj</file>
         <name>movement.obj</name>
      </input_file>
      <input_file id="fl-8">
         <path>.\</path>
         <kind>object</kind>
         <file>open_interface.obj</file>
         <name>open_interface.obj</name>
      </input_file>
      <input_file id="fl-9">
         <path>.\</path>
         <kind>object</kind>
         <file>resetSimulation.obj</file>
         <name>resetSimulation.obj</name>
      </input_file>
      <input_file id="fl-a">
         <path>.\</path>
         <kind>object</kind>
         <file>tm4c123gh6pm_startup_ccs.obj</file>
         <name>tm4c123gh6pm_startup_ccs.obj</name>
      </input_file>
      <input_file id="fl-11">
         <kind>object</kind>
         <file>&lt;internal&gt;</file>
         <name>&lt;internal&gt;</name>
      </input_file>
      <input_file id="fl-12">
         <path>..\</path>
         <kind>archive</kind>
         <file>libcybotFindObjects.lib</file>
         <name>cyBot_FindObjects.obj</name>
      </input_file>
      <input_file id="fl-13">
         <path>..\</path>
         <kind>archive</kind>
         <file>libcybotFindObjects.lib</file>
         <name>ir.obj</name>
      </input_file>
      <input_file id="fl-14">
         <path>..\</path>
         <kind>archive</kind>
         <file>libcybotFindObjects.lib</file>
         <name>ping.obj</name>
      </input_file>
      <input_file id="fl-15">
         <path>..\</path>
         <kind>archive</kind>
         <file>libcybotFindObjects.lib</file>
         <name>servo.obj</name>
      </input_file>
      <input_file id="fl-16">
         <path>..\</path>
         <kind>archive</kind>
         <file>libcybotUART.lib</file>
         <name>uart.obj</name>
      </input_file>
      <input_file id="fl-cc">
         <path>C:\ti\ccs1010\ccs\tools\compiler\ti-cgt-arm_20.2.1.LTS\lib\</path>
         <kind>archive</kind>
         <file>rtsv7M4_T_le_v4SPD16_eabi.lib</file>
         <name>sprintf.c.obj</name>
      </input_file>
      <input_file id="fl-cd">
         <path>C:\ti\ccs1010\ccs\tools\compiler\ti-cgt-arm_20.2.1.LTS\lib\</path>
         <kind>archive</kind>
         <file>rtsv7M4_T_le_v4SPD16_eabi.lib</file>
         <name>vsnprintf.c.obj</name>
      </input_file>
      <input_file id="fl-ce">
         <path>C:\ti\ccs1010\ccs\tools\compiler\ti-cgt-arm_20.2.1.LTS\lib\</path>
         <kind>archive</kind>
         <file>rtsv7M4_T_le_v4SPD16_eabi.lib</file>
         <name>fd_add_t2.asm.obj</name>
      </input_file>
      <input_file id="fl-cf">
         <path>C:\ti\ccs1010\ccs\tools\compiler\ti-cgt-arm_20.2.1.LTS\lib\</path>
         <kind>archive</kind>
         <file>rtsv7M4_T_le_v4SPD16_eabi.lib</file>
         <name>fd_cmp_t2.asm.obj</name>
      </input_file>
      <input_file id="fl-d0">
         <path>C:\ti\ccs1010\ccs\tools\compiler\ti-cgt-arm_20.2.1.LTS\lib\</path>
         <kind>archive</kind>
         <file>rtsv7M4_T_le_v4SPD16_eabi.lib</file>
         <name>fd_div_t2.asm.obj</name>
      </input_file>
      <input_file id="fl-d1">
         <path>C:\ti\ccs1010\ccs\tools\compiler\ti-cgt-arm_20.2.1.LTS\lib\</path>
         <kind>archive</kind>
         <file>rtsv7M4_T_le_v4SPD16_eabi.lib</file>
         <name>fd_mul_t2.asm.obj</name>
      </input_file>
      <input_file id="fl-d2">
         <path>C:\ti\ccs1010\ccs\tools\compiler\ti-cgt-arm_20.2.1.LTS\lib\</path>
         <kind>archive</kind>
         <file>rtsv7M4_T_le_v4SPD16_eabi.lib</file>
         <name>fd_tos_t2.asm.obj</name>
      </input_file>
      <input_file id="fl-d3">
         <path>C:\ti\ccs1010\ccs\tools\compiler\ti-cgt-arm_20.2.1.LTS\lib\</path>
         <kind>archive</kind>
         <file>rtsv7M4_T_le_v4SPD16_eabi.lib</file>
         <name>fs_tod_t2.asm.obj</name>
      </input_file>
      <input_file id="fl-d4">
         <path>C:\ti\ccs1010\ccs\tools\compiler\ti-cgt-arm_20.2.1.LTS\lib\</path>
         <kind>archive</kind>
         <file>rtsv7M4_T_le_v4SPD16_eabi.lib</file>
         <name>i_tofd_t2.asm.obj</name>
      </input_file>
      <input_file id="fl-d5">
         <path>C:\ti\ccs1010\ccs\tools\compiler\ti-cgt-arm_20.2.1.LTS\lib\</path>
         <kind>archive</kind>
         <file>rtsv7M4_T_le_v4SPD16_eabi.lib</file>
         <name>memcpy_t2.asm.obj</name>
      </input_file>
      <input_file id="fl-d6">
         <path>C:\ti\ccs1010\ccs\tools\compiler\ti-cgt-arm_20.2.1.LTS\lib\</path>
         <kind>archive</kind>
         <file>rtsv7M4_T_le_v4SPD16_eabi.lib</file>
         <name>copy_zero_init.c.obj</name>
      </input_file>
      <input_file id="fl-d7">
         <path>C:\ti\ccs1010\ccs\tools\compiler\ti-cgt-arm_20.2.1.LTS\lib\</path>
         <kind>archive</kind>
         <file>rtsv7M4_T_le_v4SPD16_eabi.lib</file>
         <name>copy_decompress_none.c.obj</name>
      </input_file>
      <input_file id="fl-d8">
         <path>C:\ti\ccs1010\ccs\tools\compiler\ti-cgt-arm_20.2.1.LTS\lib\</path>
         <kind>archive</kind>
         <file>rtsv7M4_T_le_v4SPD16_eabi.lib</file>
         <name>copy_decompress_lzss.c.obj</name>
      </input_file>
      <input_file id="fl-d9">
         <path>C:\ti\ccs1010\ccs\tools\compiler\ti-cgt-arm_20.2.1.LTS\lib\</path>
         <kind>archive</kind>
         <file>rtsv7M4_T_le_v4SPD16_eabi.lib</file>
         <name>memory.c.obj</name>
      </input_file>
      <input_file id="fl-da">
         <path>C:\ti\ccs1010\ccs\tools\compiler\ti-cgt-arm_20.2.1.LTS\lib\</path>
         <kind>archive</kind>
         <file>rtsv7M4_T_le_v4SPD16_eabi.lib</file>
         <name>strcmp.c.obj</name>
      </input_file>
      <input_file id="fl-db">
         <path>C:\ti\ccs1010\ccs\tools\compiler\ti-cgt-arm_20.2.1.LTS\lib\</path>
         <kind>archive</kind>
         <file>rtsv7M4_T_le_v4SPD16_eabi.lib</file>
         <name>strcpy.c.obj</name>
      </input_file>
      <input_file id="fl-dc">
         <path>C:\ti\ccs1010\ccs\tools\compiler\ti-cgt-arm_20.2.1.LTS\lib\</path>
         <kind>archive</kind>
         <file>rtsv7M4_T_le_v4SPD16_eabi.lib</file>
         <name>strlen.c.obj</name>
      </input_file>
      <input_file id="fl-dd">
         <path>C:\ti\ccs1010\ccs\tools\compiler\ti-cgt-arm_20.2.1.LTS\lib\</path>
         <kind>archive</kind>
         <file>rtsv7M4_T_le_v4SPD16_eabi.lib</file>
         <name>boot_cortex_m.c.obj</name>
      </input_file>
      <input_file id="fl-de">
         <path>C:\ti\ccs1010\ccs\tools\compiler\ti-cgt-arm_20.2.1.LTS\lib\</path>
         <kind>archive</kind>
         <file>rtsv7M4_T_le_v4SPD16_eabi.lib</file>
         <name>_printfi.c.obj</name>
      </input_file>
      <input_file id="fl-df">
         <path>C:\ti\ccs1010\ccs\tools\compiler\ti-cgt-arm_20.2.1.LTS\lib\</path>
         <kind>archive</kind>
         <file>rtsv7M4_T_le_v4SPD16_eabi.lib</file>
         <name>memset_t2.asm.obj</name>
      </input_file>
      <input_file id="fl-e0">
         <path>C:\ti\ccs1010\ccs\tools\compiler\ti-cgt-arm_20.2.1.LTS\lib\</path>
         <kind>archive</kind>
         <file>rtsv7M4_T_le_v4SPD16_eabi.lib</file>
         <name>fd_toi_t2.asm.obj</name>
      </input_file>
      <input_file id="fl-e1">
         <path>C:\ti\ccs1010\ccs\tools\compiler\ti-cgt-arm_20.2.1.LTS\lib\</path>
         <kind>archive</kind>
         <file>rtsv7M4_T_le_v4SPD16_eabi.lib</file>
         <name>ull_div_t2.asm.obj</name>
      </input_file>
      <input_file id="fl-e2">
         <path>C:\ti\ccs1010\ccs\tools\compiler\ti-cgt-arm_20.2.1.LTS\lib\</path>
         <kind>archive</kind>
         <file>rtsv7M4_T_le_v4SPD16_eabi.lib</file>
         <name>autoinit.c.obj</name>
      </input_file>
      <input_file id="fl-e3">
         <path>C:\ti\ccs1010\ccs\tools\compiler\ti-cgt-arm_20.2.1.LTS\lib\</path>
         <kind>archive</kind>
         <file>rtsv7M4_T_le_v4SPD16_eabi.lib</file>
         <name>pre_init.c.obj</name>
      </input_file>
      <input_file id="fl-e4">
         <path>C:\ti\ccs1010\ccs\tools\compiler\ti-cgt-arm_20.2.1.LTS\lib\</path>
         <kind>archive</kind>
         <file>rtsv7M4_T_le_v4SPD16_eabi.lib</file>
         <name>cpy_tbl.c.obj</name>
      </input_file>
      <input_file id="fl-e5">
         <path>C:\ti\ccs1010\ccs\tools\compiler\ti-cgt-arm_20.2.1.LTS\lib\</path>
         <kind>archive</kind>
         <file>rtsv7M4_T_le_v4SPD16_eabi.lib</file>
         <name>exit.c.obj</name>
      </input_file>
      <input_file id="fl-e6">
         <path>C:\ti\ccs1010\ccs\tools\compiler\ti-cgt-arm_20.2.1.LTS\lib\</path>
         <kind>archive</kind>
         <file>rtsv7M4_T_le_v4SPD16_eabi.lib</file>
         <name>_lock.c.obj</name>
      </input_file>
      <input_file id="fl-e7">
         <path>C:\ti\ccs1010\ccs\tools\compiler\ti-cgt-arm_20.2.1.LTS\lib\</path>
         <kind>archive</kind>
         <file>rtsv7M4_T_le_v4SPD16_eabi.lib</file>
         <name>_ltoa.c.obj</name>
      </input_file>
      <input_file id="fl-e8">
         <path>C:\ti\ccs1010\ccs\tools\compiler\ti-cgt-arm_20.2.1.LTS\lib\</path>
         <kind>archive</kind>
         <file>rtsv7M4_T_le_v4SPD16_eabi.lib</file>
         <name>args_main.c.obj</name>
      </input_file>
      <input_file id="fl-e9">
         <path>C:\ti\ccs1010\ccs\tools\compiler\ti-cgt-arm_20.2.1.LTS\lib\</path>
         <kind>archive</kind>
         <file>rtsv7M4_T_le_v4SPD16_eabi.lib</file>
         <name>atoi.c.obj</name>
      </input_file>
      <input_file id="fl-ea">
         <path>C:\ti\ccs1010\ccs\tools\compiler\ti-cgt-arm_20.2.1.LTS\lib\</path>
         <kind>archive</kind>
         <file>rtsv7M4_T_le_v4SPD16_eabi.lib</file>
         <name>ctype.c.obj</name>
      </input_file>
      <input_file id="fl-eb">
         <path>C:\ti\ccs1010\ccs\tools\compiler\ti-cgt-arm_20.2.1.LTS\lib\</path>
         <kind>archive</kind>
         <file>rtsv7M4_T_le_v4SPD16_eabi.lib</file>
         <name>memccpy.c.obj</name>
      </input_file>
      <input_file id="fl-ec">
         <path>C:\ti\ccs1010\ccs\tools\compiler\ti-cgt-arm_20.2.1.LTS\lib\</path>
         <kind>archive</kind>
         <file>rtsv7M4_T_le_v4SPD16_eabi.lib</file>
         <name>strchr.c.obj</name>
      </input_file>
      <input_file id="fl-ed">
         <path>C:\ti\ccs1010\ccs\tools\compiler\ti-cgt-arm_20.2.1.LTS\lib\</path>
         <kind>archive</kind>
         <file>rtsv7M4_T_le_v4SPD16_eabi.lib</file>
         <name>errno.c.obj</name>
      </input_file>
      <input_file id="fl-ee">
         <path>C:\ti\ccs1010\ccs\tools\compiler\ti-cgt-arm_20.2.1.LTS\lib\</path>
         <kind>archive</kind>
         <file>rtsv7M4_T_le_v4SPD16_eabi.lib</file>
         <name>s_frexp.c.obj</name>
      </input_file>
      <input_file id="fl-ef">
         <path>C:\ti\ccs1010\ccs\tools\compiler\ti-cgt-arm_20.2.1.LTS\lib\</path>
         <kind>archive</kind>
         <file>rtsv7M4_T_le_v4SPD16_eabi.lib</file>
         <name>s_scalbn.c.obj</name>
      </input_file>
      <input_file id="fl-f0">
         <path>C:\ti\ccs1010\ccs\tools\compiler\ti-cgt-arm_20.2.1.LTS\lib\</path>
         <kind>archive</kind>
         <file>rtsv7M4_T_le_v4SPD16_eabi.lib</file>
         <name>wcslen.c.obj</name>
      </input_file>
      <input_file id="fl-f1">
         <path>C:\ti\ccs1010\ccs\tools\compiler\ti-cgt-arm_20.2.1.LTS\lib\</path>
         <kind>archive</kind>
         <file>rtsv7M4_T_le_v4SPD16_eabi.lib</file>
         <name>div0.asm.obj</name>
      </input_file>
      <input_file id="fl-f2">
         <path>C:\ti\ccs1010\ccs\tools\compiler\ti-cgt-arm_20.2.1.LTS\lib\</path>
         <kind>archive</kind>
         <file>rtsv7M4_T_le_v4SPD16_eabi.lib</file>
         <name>s_copysign.c.obj</name>
      </input_file>
      <input_file id="fl-f3">
         <path>C:\ti\TivaWare_C_Series-2.1.4.178\driverlib\ccs\Debug\</path>
         <kind>archive</kind>
         <file>driverlib.lib</file>
         <name>interrupt.obj</name>
      </input_file>
      <input_file id="fl-f4">
         <path>C:\ti\TivaWare_C_Series-2.1.4.178\driverlib\ccs\Debug\</path>
         <kind>archive</kind>
         <file>driverlib.lib</file>
         <name>cpu.obj</name>
      </input_file>
   </input_file_list>
   <object_component_list>
      <object_component id="oc-12">
         <name>.intvecs</name>
         <load_address>0x0</load_address>
         <run_address>0x0</run_address>
         <size>0x26c</size>
         <input_file_ref idref="fl-a"/>
      </object_component>
      <object_component id="oc-d7">
         <name>.text</name>
         <load_address>0x26c</load_address>
         <run_address>0x26c</run_address>
         <size>0xc20</size>
         <input_file_ref idref="fl-8"/>
      </object_component>
      <object_component id="oc-1d1">
         <name>.text:__TI_printfi</name>
         <load_address>0xe8c</load_address>
         <run_address>0xe8c</run_address>
         <size>0xa4e</size>
         <input_file_ref idref="fl-de"/>
      </object_component>
      <object_component id="oc-2d7">
         <name>.text:_nop</name>
         <load_address>0x18da</load_address>
         <run_address>0x18da</run_address>
         <size>0x2</size>
         <input_file_ref idref="fl-e6"/>
      </object_component>
      <object_component id="oc-1ba">
         <name>.text</name>
         <load_address>0x18dc</load_address>
         <run_address>0x18dc</run_address>
         <size>0x3d0</size>
         <input_file_ref idref="fl-5"/>
      </object_component>
      <object_component id="oc-a2">
         <name>.text</name>
         <load_address>0x1cac</load_address>
         <run_address>0x1cac</run_address>
         <size>0x358</size>
         <input_file_ref idref="fl-6"/>
      </object_component>
      <object_component id="oc-e9">
         <name>.text</name>
         <load_address>0x2004</load_address>
         <run_address>0x2004</run_address>
         <size>0x358</size>
         <input_file_ref idref="fl-7"/>
      </object_component>
      <object_component id="oc-2ac">
         <name>.text:_pconv_a</name>
         <load_address>0x235c</load_address>
         <run_address>0x235c</run_address>
         <size>0x270</size>
         <input_file_ref idref="fl-de"/>
      </object_component>
      <object_component id="oc-15e">
         <name>.text</name>
         <load_address>0x25cc</load_address>
         <run_address>0x25cc</run_address>
         <size>0x248</size>
         <input_file_ref idref="fl-2"/>
      </object_component>
      <object_component id="oc-1a7">
         <name>.text</name>
         <load_address>0x2814</load_address>
         <run_address>0x2814</run_address>
         <size>0x1ec</size>
         <input_file_ref idref="fl-14"/>
      </object_component>
      <object_component id="oc-29a">
         <name>.text:_pconv_g</name>
         <load_address>0x2a00</load_address>
         <run_address>0x2a00</run_address>
         <size>0x1d0</size>
         <input_file_ref idref="fl-de"/>
      </object_component>
      <object_component id="oc-18a">
         <name>.text</name>
         <load_address>0x2bd0</load_address>
         <run_address>0x2bd0</run_address>
         <size>0x1b6</size>
         <input_file_ref idref="fl-ce"/>
      </object_component>
      <object_component id="oc-3b5">
         <name>.text</name>
         <load_address>0x2d86</load_address>
         <run_address>0x2d86</run_address>
         <size>0x2</size>
         <input_file_ref idref="fl-f1"/>
      </object_component>
      <object_component id="oc-dd">
         <name>.text</name>
         <load_address>0x2d88</load_address>
         <run_address>0x2d88</run_address>
         <size>0x15c</size>
         <input_file_ref idref="fl-16"/>
      </object_component>
      <object_component id="oc-e3">
         <name>.text</name>
         <load_address>0x2ee4</load_address>
         <run_address>0x2ee4</run_address>
         <size>0x158</size>
         <input_file_ref idref="fl-12"/>
      </object_component>
      <object_component id="oc-2a6">
         <name>.text:_pconv_e</name>
         <load_address>0x303c</load_address>
         <run_address>0x303c</run_address>
         <size>0x13c</size>
         <input_file_ref idref="fl-de"/>
      </object_component>
      <object_component id="oc-185">
         <name>.text</name>
         <load_address>0x3178</load_address>
         <run_address>0x3178</run_address>
         <size>0x136</size>
         <input_file_ref idref="fl-d0"/>
      </object_component>
      <object_component id="oc-355">
         <name>.text:fcvt</name>
         <load_address>0x32b0</load_address>
         <run_address>0x32b0</run_address>
         <size>0x124</size>
         <input_file_ref idref="fl-de"/>
      </object_component>
      <object_component id="oc-1a1">
         <name>.text</name>
         <load_address>0x33d4</load_address>
         <run_address>0x33d4</run_address>
         <size>0x124</size>
         <input_file_ref idref="fl-15"/>
      </object_component>
      <object_component id="oc-1ad">
         <name>.text</name>
         <load_address>0x34f8</load_address>
         <run_address>0x34f8</run_address>
         <size>0x118</size>
         <input_file_ref idref="fl-13"/>
      </object_component>
      <object_component id="oc-369">
         <name>.text:scalbn</name>
         <load_address>0x3610</load_address>
         <run_address>0x3610</run_address>
         <size>0x110</size>
         <input_file_ref idref="fl-ef"/>
      </object_component>
      <object_component id="oc-2f6">
         <name>.text:aligned_alloc</name>
         <load_address>0x3720</load_address>
         <run_address>0x3720</run_address>
         <size>0x108</size>
         <input_file_ref idref="fl-d9"/>
      </object_component>
      <object_component id="oc-180">
         <name>.text</name>
         <load_address>0x3828</load_address>
         <run_address>0x3828</run_address>
         <size>0xfc</size>
         <input_file_ref idref="fl-d1"/>
      </object_component>
      <object_component id="oc-158">
         <name>.text:free</name>
         <load_address>0x3924</load_address>
         <run_address>0x3924</run_address>
         <size>0xe4</size>
         <input_file_ref idref="fl-d9"/>
      </object_component>
      <object_component id="oc-294">
         <name>.text:_ltostr</name>
         <load_address>0x3a08</load_address>
         <run_address>0x3a08</run_address>
         <size>0xb1</size>
         <input_file_ref idref="fl-de"/>
      </object_component>
      <object_component id="oc-3e">
         <name>.text</name>
         <load_address>0x3aba</load_address>
         <run_address>0x3aba</run_address>
         <size>0x9c</size>
         <input_file_ref idref="fl-d5"/>
      </object_component>
      <object_component id="oc-337">
         <name>.text</name>
         <load_address>0x3b56</load_address>
         <run_address>0x3b56</run_address>
         <size>0x96</size>
         <input_file_ref idref="fl-e1"/>
      </object_component>
      <object_component id="oc-1c0">
         <name>.text:__aeabi_cdcmple</name>
         <load_address>0x3bec</load_address>
         <run_address>0x3bec</run_address>
         <size>0x86</size>
         <input_file_ref idref="fl-cf"/>
      </object_component>
      <object_component id="oc-1c5">
         <name>.text:__aeabi_cdrcmple</name>
         <load_address>0x3c72</load_address>
         <run_address>0x3c72</run_address>
         <size>0x86</size>
         <input_file_ref idref="fl-cf"/>
      </object_component>
      <object_component id="oc-96">
         <name>.text</name>
         <load_address>0x3cf8</load_address>
         <run_address>0x3cf8</run_address>
         <size>0x7a</size>
         <input_file_ref idref="fl-df"/>
      </object_component>
      <object_component id="oc-3a1">
         <name>.text:split</name>
         <load_address>0x3d74</load_address>
         <run_address>0x3d74</run_address>
         <size>0x70</size>
         <input_file_ref idref="fl-d9"/>
      </object_component>
      <object_component id="oc-34e">
         <name>.text:_mcpy</name>
         <load_address>0x3de4</load_address>
         <run_address>0x3de4</run_address>
         <size>0x6e</size>
         <input_file_ref idref="fl-de"/>
      </object_component>
      <object_component id="oc-192">
         <name>.text</name>
         <load_address>0x3e52</load_address>
         <run_address>0x3e52</run_address>
         <size>0x6e</size>
         <input_file_ref idref="fl-d2"/>
      </object_component>
      <object_component id="oc-15">
         <name>.text:decompress:lzss:__TI_decompress_lzss</name>
         <load_address>0x3ec0</load_address>
         <run_address>0x3ec0</run_address>
         <size>0x68</size>
         <input_file_ref idref="fl-d8"/>
      </object_component>
      <object_component id="oc-363">
         <name>.text:frexp</name>
         <load_address>0x3f28</load_address>
         <run_address>0x3f28</run_address>
         <size>0x64</size>
         <input_file_ref idref="fl-ee"/>
      </object_component>
      <object_component id="oc-f9">
         <name>.text</name>
         <load_address>0x3f8c</load_address>
         <run_address>0x3f8c</run_address>
         <size>0x60</size>
         <input_file_ref idref="fl-9"/>
      </object_component>
      <object_component id="oc-2a0">
         <name>.text:_pconv_f</name>
         <load_address>0x3fec</load_address>
         <run_address>0x3fec</run_address>
         <size>0x56</size>
         <input_file_ref idref="fl-de"/>
      </object_component>
      <object_component id="oc-342">
         <name>.text:__TI_ltoa</name>
         <load_address>0x4042</load_address>
         <run_address>0x4042</run_address>
         <size>0x54</size>
         <input_file_ref idref="fl-e7"/>
      </object_component>
      <object_component id="oc-348">
         <name>.text:_ecpy</name>
         <load_address>0x4096</load_address>
         <run_address>0x4096</run_address>
         <size>0x52</size>
         <input_file_ref idref="fl-de"/>
      </object_component>
      <object_component id="oc-28e">
         <name>.text:atoi</name>
         <load_address>0x40e8</load_address>
         <run_address>0x40e8</run_address>
         <size>0x4c</size>
         <input_file_ref idref="fl-e9"/>
      </object_component>
      <object_component id="oc-33d">
         <name>.text</name>
         <load_address>0x4134</load_address>
         <run_address>0x4134</run_address>
         <size>0x48</size>
         <input_file_ref idref="fl-e0"/>
      </object_component>
      <object_component id="oc-11e">
         <name>.text:__TI_auto_init_nobinit_nopinit:__TI_auto_init_nobinit_nopinit</name>
         <load_address>0x417c</load_address>
         <run_address>0x417c</run_address>
         <size>0x44</size>
         <input_file_ref idref="fl-e2"/>
      </object_component>
      <object_component id="oc-105">
         <name>.text:sprintf</name>
         <load_address>0x41c0</load_address>
         <run_address>0x41c0</run_address>
         <size>0x40</size>
         <input_file_ref idref="fl-cc"/>
      </object_component>
      <object_component id="oc-274">
         <name>.text:vsnprintf</name>
         <load_address>0x4200</load_address>
         <run_address>0x4200</run_address>
         <size>0x40</size>
         <input_file_ref idref="fl-cd"/>
      </object_component>
      <object_component id="oc-35b">
         <name>.text:_fcpy</name>
         <load_address>0x4240</load_address>
         <run_address>0x4240</run_address>
         <size>0x3e</size>
         <input_file_ref idref="fl-de"/>
      </object_component>
      <object_component id="oc-152">
         <name>.text:calloc</name>
         <load_address>0x4280</load_address>
         <run_address>0x4280</run_address>
         <size>0x38</size>
         <input_file_ref idref="fl-d9"/>
      </object_component>
      <object_component id="oc-f4">
         <name>.text</name>
         <load_address>0x42b8</load_address>
         <run_address>0x42b8</run_address>
         <size>0x38</size>
         <input_file_ref idref="fl-d3"/>
      </object_component>
      <object_component id="oc-171">
         <name>.text:IntRegister</name>
         <load_address>0x42f0</load_address>
         <run_address>0x42f0</run_address>
         <size>0x34</size>
         <input_file_ref idref="fl-f3"/>
      </object_component>
      <object_component id="oc-5c">
         <name>.text:_c_int00_noargs:_c_int00_noargs</name>
         <load_address>0x4324</load_address>
         <run_address>0x4324</run_address>
         <size>0x34</size>
         <input_file_ref idref="fl-dd"/>
      </object_component>
      <object_component id="oc-314">
         <name>.text:_outs</name>
         <load_address>0x4358</load_address>
         <run_address>0x4358</run_address>
         <size>0x30</size>
         <input_file_ref idref="fl-cd"/>
      </object_component>
      <object_component id="oc-ef">
         <name>.text</name>
         <load_address>0x4388</load_address>
         <run_address>0x4388</run_address>
         <size>0x2e</size>
         <input_file_ref idref="fl-d4"/>
      </object_component>
      <object_component id="oc-228">
         <name>.text:free_list_insert</name>
         <load_address>0x43b8</load_address>
         <run_address>0x43b8</run_address>
         <size>0x28</size>
         <input_file_ref idref="fl-d9"/>
      </object_component>
      <object_component id="oc-4a">
         <name>.text:decompress:ZI:__TI_zero_init_nomemset:__TI_zero_init_nomemset</name>
         <load_address>0x43e0</load_address>
         <run_address>0x43e0</run_address>
         <size>0x1c</size>
         <input_file_ref idref="fl-d6"/>
      </object_component>
      <object_component id="oc-222">
         <name>.text:free_list_remove</name>
         <load_address>0x43fc</load_address>
         <run_address>0x43fc</run_address>
         <size>0x1c</size>
         <input_file_ref idref="fl-d9"/>
      </object_component>
      <object_component id="oc-2b2">
         <name>.text:memccpy</name>
         <load_address>0x4418</load_address>
         <run_address>0x4418</run_address>
         <size>0x1c</size>
         <input_file_ref idref="fl-eb"/>
      </object_component>
      <object_component id="oc-3c9">
         <name>.text:copysign</name>
         <load_address>0x4434</load_address>
         <run_address>0x4434</run_address>
         <size>0x1a</size>
         <input_file_ref idref="fl-f2"/>
      </object_component>
      <object_component id="oc-31a">
         <name>.text:_outc</name>
         <load_address>0x444e</load_address>
         <run_address>0x444e</run_address>
         <size>0x18</size>
         <input_file_ref idref="fl-cd"/>
      </object_component>
      <object_component id="oc-1d7">
         <name>.text:_outs</name>
         <load_address>0x4466</load_address>
         <run_address>0x4466</run_address>
         <size>0x18</size>
         <input_file_ref idref="fl-cc"/>
      </object_component>
      <object_component id="oc-164">
         <name>.text:oi_parseInt</name>
         <load_address>0x447e</load_address>
         <run_address>0x447e</run_address>
         <size>0x18</size>
         <input_file_ref idref="fl-8"/>
      </object_component>
      <object_component id="oc-16b">
         <name>.text:strcmp</name>
         <load_address>0x4496</load_address>
         <run_address>0x4496</run_address>
         <size>0x18</size>
         <input_file_ref idref="fl-da"/>
      </object_component>
      <object_component id="oc-36f">
         <name>.text:strchr</name>
         <load_address>0x44ae</load_address>
         <run_address>0x44ae</run_address>
         <size>0x16</size>
         <input_file_ref idref="fl-ec"/>
      </object_component>
      <object_component id="oc-27a">
         <name>.text:strcpy</name>
         <load_address>0x44c4</load_address>
         <run_address>0x44c4</run_address>
         <size>0x14</size>
         <input_file_ref idref="fl-db"/>
      </object_component>
      <object_component id="oc-ff">
         <name>.text:strlen</name>
         <load_address>0x44d8</load_address>
         <run_address>0x44d8</run_address>
         <size>0x14</size>
         <input_file_ref idref="fl-dc"/>
      </object_component>
      <object_component id="oc-2b8">
         <name>.text:wcslen</name>
         <load_address>0x44ec</load_address>
         <run_address>0x44ec</run_address>
         <size>0x12</size>
         <input_file_ref idref="fl-f0"/>
      </object_component>
      <object_component id="oc-177">
         <name>.text:IntMasterEnable</name>
         <load_address>0x44fe</load_address>
         <run_address>0x44fe</run_address>
         <size>0x10</size>
         <input_file_ref idref="fl-f3"/>
      </object_component>
      <object_component id="oc-26d">
         <name>.text:lcd_clear</name>
         <load_address>0x450e</load_address>
         <run_address>0x450e</run_address>
         <size>0x10</size>
         <input_file_ref idref="fl-5"/>
      </object_component>
      <object_component id="oc-1b">
         <name>.text:decompress:none:__TI_decompress_none</name>
         <load_address>0x451e</load_address>
         <run_address>0x451e</run_address>
         <size>0xe</size>
         <input_file_ref idref="fl-d7"/>
      </object_component>
      <object_component id="oc-240">
         <name>.text:CPUcpsie</name>
         <load_address>0x452c</load_address>
         <run_address>0x452c</run_address>
         <size>0xc</size>
         <input_file_ref idref="fl-f4"/>
      </object_component>
      <object_component id="oc-2a">
         <name>.text</name>
         <load_address>0x4538</load_address>
         <run_address>0x4538</run_address>
         <size>0xc</size>
         <input_file_ref idref="fl-a"/>
      </object_component>
      <object_component id="oc-1dd">
         <name>.text:_outc</name>
         <load_address>0x4544</load_address>
         <run_address>0x4544</run_address>
         <size>0xa</size>
         <input_file_ref idref="fl-cc"/>
      </object_component>
      <object_component id="oc-2be">
         <name>.text:__aeabi_errno_addr</name>
         <load_address>0x4550</load_address>
         <run_address>0x4550</run_address>
         <size>0x8</size>
         <input_file_ref idref="fl-ed"/>
      </object_component>
      <object_component id="oc-21b">
         <name>.text:malloc</name>
         <load_address>0x4558</load_address>
         <run_address>0x4558</run_address>
         <size>0x8</size>
         <input_file_ref idref="fl-d9"/>
      </object_component>
      <object_component id="oc-9c">
         <name>.text:_system_pre_init</name>
         <load_address>0x4560</load_address>
         <run_address>0x4560</run_address>
         <size>0x4</size>
         <input_file_ref idref="fl-e3"/>
      </object_component>
      <object_component id="oc-112">
         <name>.text:abort:abort</name>
         <load_address>0x4564</load_address>
         <run_address>0x4564</run_address>
         <size>0x4</size>
         <input_file_ref idref="fl-e5"/>
      </object_component>
      <object_component id="oc-332">
         <name>.const:.string:_ctypes_</name>
         <load_address>0x4568</load_address>
         <run_address>0x4568</run_address>
         <size>0x101</size>
         <input_file_ref idref="fl-ea"/>
      </object_component>
      <object_component id="oc-283">
         <name>.const:.string:$P$T0$4</name>
         <load_address>0x4669</load_address>
         <run_address>0x4669</run_address>
         <size>0x15</size>
         <input_file_ref idref="fl-5"/>
      </object_component>
      <object_component id="oc-18f">
         <name>.const:.string:$P$T0$3</name>
         <load_address>0x467e</load_address>
         <run_address>0x467e</run_address>
         <size>0xf</size>
         <input_file_ref idref="fl-8"/>
      </object_component>
      <object_component id="oc-280">
         <name>.const:.string:lineAddress$1</name>
         <load_address>0x468d</load_address>
         <run_address>0x468d</run_address>
         <size>0x4</size>
         <input_file_ref idref="fl-5"/>
      </object_component>
      <object_component id="oc-281">
         <name>.const:.string:lineAddresses$2</name>
         <load_address>0x4691</load_address>
         <run_address>0x4691</run_address>
         <size>0x4</size>
         <input_file_ref idref="fl-5"/>
      </object_component>
      <object_component id="oc-423">
         <name>.cinit..data.load</name>
         <load_address>0x4698</load_address>
         <run_address>0x4698</run_address>
         <size>0x18</size>
      </object_component>
      <object_component id="oc-420">
         <name>__TI_handler_table</name>
         <load_address>0x46b0</load_address>
         <run_address>0x46b0</run_address>
         <size>0xc</size>
      </object_component>
      <object_component id="oc-424">
         <name>.cinit..bss.load</name>
         <load_address>0x46c0</load_address>
         <run_address>0x46c0</run_address>
         <size>0x8</size>
      </object_component>
      <object_component id="oc-422">
         <name>.cinit..vtable.load</name>
         <load_address>0x46c8</load_address>
         <run_address>0x46c8</run_address>
         <size>0x8</size>
      </object_component>
      <object_component id="oc-421">
         <name>__TI_cinit_table</name>
         <load_address>0x46d0</load_address>
         <run_address>0x46d0</run_address>
         <size>0x18</size>
      </object_component>
      <object_component id="oc-236">
         <name>.vtable</name>
         <uninitialized>true</uninitialized>
         <run_address>0x20000000</run_address>
         <size>0x26c</size>
         <input_file_ref idref="fl-f3"/>
      </object_component>
      <object_component id="oc-22f">
         <name>.data</name>
         <load_address>0x20002360</load_address>
         <run_address>0x20002360</run_address>
         <size>0x1</size>
         <input_file_ref idref="fl-2"/>
      </object_component>
      <object_component id="oc-17d">
         <name>.data</name>
         <load_address>0x20002328</load_address>
         <run_address>0x20002328</run_address>
         <size>0x20</size>
         <input_file_ref idref="fl-8"/>
      </object_component>
      <object_component id="oc-19d">
         <name>.data</name>
         <load_address>0x20002358</load_address>
         <run_address>0x20002358</run_address>
         <size>0x4</size>
         <input_file_ref idref="fl-16"/>
      </object_component>
      <object_component id="oc-2fd">
         <name>.data:$O1$$</name>
         <load_address>0x20002350</load_address>
         <run_address>0x20002350</run_address>
         <size>0x8</size>
         <input_file_ref idref="fl-d9"/>
      </object_component>
      <object_component id="oc-1ff">
         <name>.data:$O1$$</name>
         <load_address>0x20002348</load_address>
         <run_address>0x20002348</run_address>
         <size>0x8</size>
         <input_file_ref idref="fl-e6"/>
      </object_component>
      <object_component id="oc-37f">
         <name>.data</name>
         <load_address>0x2000235c</load_address>
         <run_address>0x2000235c</run_address>
         <size>0x4</size>
         <input_file_ref idref="fl-ed"/>
      </object_component>
      <object_component id="oc-282">
         <name>.bss:lastbuffer$3</name>
         <uninitialized>true</uninitialized>
         <run_address>0x20002270</run_address>
         <size>0x54</size>
         <input_file_ref idref="fl-5"/>
      </object_component>
      <object_component id="oc-197">
         <name>.bss:firmware$2</name>
         <uninitialized>true</uninitialized>
         <run_address>0x200022f8</run_address>
         <size>0x18</size>
         <input_file_ref idref="fl-8"/>
      </object_component>
      <object_component id="oc-232">
         <name>.common:_timeout_ticks</name>
         <uninitialized>true</uninitialized>
         <run_address>0x20002310</run_address>
         <size>0x4</size>
      </object_component>
      <object_component id="oc-267">
         <name>.common:isr_int_value</name>
         <uninitialized>true</uninitialized>
         <run_address>0x20002318</run_address>
         <size>0x4</size>
      </object_component>
      <object_component id="oc-263">
         <name>.common:risingEdge</name>
         <uninitialized>true</uninitialized>
         <run_address>0x20002320</run_address>
         <size>0x4</size>
      </object_component>
      <object_component id="oc-264">
         <name>.common:fallingEdge</name>
         <uninitialized>true</uninitialized>
         <run_address>0x20002314</run_address>
         <size>0x4</size>
      </object_component>
      <object_component id="oc-265">
         <name>.common:pulseLength</name>
         <uninitialized>true</uninitialized>
         <run_address>0x2000231c</run_address>
         <size>0x4</size>
      </object_component>
      <object_component id="oc-260">
         <name>.common:isRisingEdge</name>
         <uninitialized>true</uninitialized>
         <run_address>0x20002324</run_address>
         <size>0x1</size>
      </object_component>
      <object_component id="oc-19a">
         <name>.common:isr_char_buffer</name>
         <uninitialized>true</uninitialized>
         <run_address>0x200022c4</run_address>
         <size>0x34</size>
      </object_component>
      <object_component id="oc-24">
         <name>.sysmem</name>
         <uninitialized>true</uninitialized>
         <run_address>0x20001270</run_address>
         <size>0x10</size>
         <input_file_ref idref="fl-d9"/>
      </object_component>
      <object_component id="oc-427">
         <name>.sysmem</name>
         <uninitialized>true</uninitialized>
         <run_address>0x20001270</run_address>
         <size>0x0</size>
      </object_component>
      <object_component id="oc-27">
         <name>.stack</name>
         <uninitialized>true</uninitialized>
         <run_address>0x20000270</run_address>
         <size>0x4</size>
         <input_file_ref idref="fl-dd"/>
      </object_component>
      <object_component id="oc-426">
         <name>.stack</name>
         <uninitialized>true</uninitialized>
         <run_address>0x20000270</run_address>
         <size>0x0</size>
      </object_component>
      <object_component id="oc-c5">
         <name>.debug_info</name>
         <load_address>0x0</load_address>
         <run_address>0x0</run_address>
         <size>0x2d9</size>
         <input_file_ref idref="fl-2"/>
      </object_component>
      <object_component id="oc-230">
         <name>.debug_info</name>
         <load_address>0x2d9</load_address>
         <run_address>0x2d9</run_address>
         <size>0xe7</size>
         <input_file_ref idref="fl-2"/>
      </object_component>
      <object_component id="oc-15f">
         <name>.debug_info</name>
         <load_address>0x3c0</load_address>
         <run_address>0x3c0</run_address>
         <size>0x52f</size>
         <input_file_ref idref="fl-2"/>
      </object_component>
      <object_component id="oc-77">
         <name>.debug_info</name>
         <load_address>0x8ef</load_address>
         <run_address>0x8ef</run_address>
         <size>0x26b</size>
         <input_file_ref idref="fl-2"/>
      </object_component>
      <object_component id="oc-39">
         <name>.debug_info</name>
         <load_address>0xb5a</load_address>
         <run_address>0xb5a</run_address>
         <size>0x84</size>
         <input_file_ref idref="fl-2"/>
      </object_component>
      <object_component id="oc-c0">
         <name>.debug_info</name>
         <load_address>0xbde</load_address>
         <run_address>0xbde</run_address>
         <size>0x2a4</size>
         <input_file_ref idref="fl-2"/>
      </object_component>
      <object_component id="oc-7c">
         <name>.debug_info</name>
         <load_address>0xe82</load_address>
         <run_address>0xe82</run_address>
         <size>0xbb</size>
         <input_file_ref idref="fl-2"/>
      </object_component>
      <object_component id="oc-2d4">
         <name>.debug_info</name>
         <load_address>0xf3d</load_address>
         <run_address>0xf3d</run_address>
         <size>0xe3</size>
         <input_file_ref idref="fl-4"/>
      </object_component>
      <object_component id="oc-1f6">
         <name>.debug_info</name>
         <load_address>0x1020</load_address>
         <run_address>0x1020</run_address>
         <size>0xcc</size>
         <input_file_ref idref="fl-4"/>
      </object_component>
      <object_component id="oc-1e5">
         <name>.debug_info</name>
         <load_address>0x10ec</load_address>
         <run_address>0x10ec</run_address>
         <size>0x2c</size>
         <input_file_ref idref="fl-4"/>
      </object_component>
      <object_component id="oc-287">
         <name>.debug_info</name>
         <load_address>0x1118</load_address>
         <run_address>0x1118</run_address>
         <size>0x408</size>
         <input_file_ref idref="fl-5"/>
      </object_component>
      <object_component id="oc-284">
         <name>.debug_info</name>
         <load_address>0x1520</load_address>
         <run_address>0x1520</run_address>
         <size>0xe3</size>
         <input_file_ref idref="fl-5"/>
      </object_component>
      <object_component id="oc-26e">
         <name>.debug_info</name>
         <load_address>0x1603</load_address>
         <run_address>0x1603</run_address>
         <size>0x13c</size>
         <input_file_ref idref="fl-5"/>
      </object_component>
      <object_component id="oc-1bb">
         <name>.debug_info</name>
         <load_address>0x173f</load_address>
         <run_address>0x173f</run_address>
         <size>0xacb</size>
         <input_file_ref idref="fl-5"/>
      </object_component>
      <object_component id="oc-10c">
         <name>.debug_info</name>
         <load_address>0x220a</load_address>
         <run_address>0x220a</run_address>
         <size>0x508</size>
         <input_file_ref idref="fl-6"/>
      </object_component>
      <object_component id="oc-a4">
         <name>.debug_info</name>
         <load_address>0x2712</load_address>
         <run_address>0x2712</run_address>
         <size>0x54a</size>
         <input_file_ref idref="fl-6"/>
      </object_component>
      <object_component id="oc-1ec">
         <name>.debug_info</name>
         <load_address>0x2c5c</load_address>
         <run_address>0x2c5c</run_address>
         <size>0x5aa</size>
         <input_file_ref idref="fl-6"/>
      </object_component>
      <object_component id="oc-1f1">
         <name>.debug_info</name>
         <load_address>0x3206</load_address>
         <run_address>0x3206</run_address>
         <size>0x72</size>
         <input_file_ref idref="fl-6"/>
      </object_component>
      <object_component id="oc-10d">
         <name>.debug_info</name>
         <load_address>0x3278</load_address>
         <run_address>0x3278</run_address>
         <size>0x8b</size>
         <input_file_ref idref="fl-6"/>
      </object_component>
      <object_component id="oc-1cb">
         <name>.debug_info</name>
         <load_address>0x3303</load_address>
         <run_address>0x3303</run_address>
         <size>0x368</size>
         <input_file_ref idref="fl-7"/>
      </object_component>
      <object_component id="oc-ec">
         <name>.debug_info</name>
         <load_address>0x366b</load_address>
         <run_address>0x366b</run_address>
         <size>0x85a</size>
         <input_file_ref idref="fl-7"/>
      </object_component>
      <object_component id="oc-199">
         <name>.debug_info</name>
         <load_address>0x3ec5</load_address>
         <run_address>0x3ec5</run_address>
         <size>0x41e</size>
         <input_file_ref idref="fl-8"/>
      </object_component>
      <object_component id="oc-17e">
         <name>.debug_info</name>
         <load_address>0x42e3</load_address>
         <run_address>0x42e3</run_address>
         <size>0x139</size>
         <input_file_ref idref="fl-8"/>
      </object_component>
      <object_component id="oc-190">
         <name>.debug_info</name>
         <load_address>0x441c</load_address>
         <run_address>0x441c</run_address>
         <size>0xee</size>
         <input_file_ref idref="fl-8"/>
      </object_component>
      <object_component id="oc-166">
         <name>.debug_info</name>
         <load_address>0x450a</load_address>
         <run_address>0x450a</run_address>
         <size>0x166</size>
         <input_file_ref idref="fl-8"/>
      </object_component>
      <object_component id="oc-d9">
         <name>.debug_info</name>
         <load_address>0x4670</load_address>
         <run_address>0x4670</run_address>
         <size>0x19b0</size>
         <input_file_ref idref="fl-8"/>
      </object_component>
      <object_component id="oc-fc">
         <name>.debug_info</name>
         <load_address>0x6020</load_address>
         <run_address>0x6020</run_address>
         <size>0x177</size>
         <input_file_ref idref="fl-9"/>
      </object_component>
      <object_component id="oc-32">
         <name>.debug_info</name>
         <load_address>0x6197</load_address>
         <run_address>0x6197</run_address>
         <size>0x2c3</size>
         <input_file_ref idref="fl-a"/>
      </object_component>
      <object_component id="oc-13">
         <name>.debug_info</name>
         <load_address>0x645a</load_address>
         <run_address>0x645a</run_address>
         <size>0x102</size>
         <input_file_ref idref="fl-a"/>
      </object_component>
      <object_component id="oc-2b">
         <name>.debug_info</name>
         <load_address>0x655c</load_address>
         <run_address>0x655c</run_address>
         <size>0x27e</size>
         <input_file_ref idref="fl-a"/>
      </object_component>
      <object_component id="oc-1b4">
         <name>.debug_info</name>
         <load_address>0x67da</load_address>
         <run_address>0x67da</run_address>
         <size>0x386</size>
         <input_file_ref idref="fl-12"/>
      </object_component>
      <object_component id="oc-e6">
         <name>.debug_info</name>
         <load_address>0x6b60</load_address>
         <run_address>0x6b60</run_address>
         <size>0x4a3</size>
         <input_file_ref idref="fl-12"/>
      </object_component>
      <object_component id="oc-1b5">
         <name>.debug_info</name>
         <load_address>0x7003</load_address>
         <run_address>0x7003</run_address>
         <size>0x5e</size>
         <input_file_ref idref="fl-12"/>
      </object_component>
      <object_component id="oc-268">
         <name>.debug_info</name>
         <load_address>0x7061</load_address>
         <run_address>0x7061</run_address>
         <size>0x289</size>
         <input_file_ref idref="fl-13"/>
      </object_component>
      <object_component id="oc-1ae">
         <name>.debug_info</name>
         <load_address>0x72ea</load_address>
         <run_address>0x72ea</run_address>
         <size>0x238</size>
         <input_file_ref idref="fl-13"/>
      </object_component>
      <object_component id="oc-261">
         <name>.debug_info</name>
         <load_address>0x7522</load_address>
         <run_address>0x7522</run_address>
         <size>0x38c</size>
         <input_file_ref idref="fl-14"/>
      </object_component>
      <object_component id="oc-1a9">
         <name>.debug_info</name>
         <load_address>0x78ae</load_address>
         <run_address>0x78ae</run_address>
         <size>0x242</size>
         <input_file_ref idref="fl-14"/>
      </object_component>
      <object_component id="oc-1a3">
         <name>.debug_info</name>
         <load_address>0x7af0</load_address>
         <run_address>0x7af0</run_address>
         <size>0x268</size>
         <input_file_ref idref="fl-15"/>
      </object_component>
      <object_component id="oc-19b">
         <name>.debug_info</name>
         <load_address>0x7d58</load_address>
         <run_address>0x7d58</run_address>
         <size>0x326</size>
         <input_file_ref idref="fl-16"/>
      </object_component>
      <object_component id="oc-19e">
         <name>.debug_info</name>
         <load_address>0x807e</load_address>
         <run_address>0x807e</run_address>
         <size>0xee</size>
         <input_file_ref idref="fl-16"/>
      </object_component>
      <object_component id="oc-e0">
         <name>.debug_info</name>
         <load_address>0x816c</load_address>
         <run_address>0x816c</run_address>
         <size>0x43b</size>
         <input_file_ref idref="fl-16"/>
      </object_component>
      <object_component id="oc-258">
         <name>.debug_info</name>
         <load_address>0x85a7</load_address>
         <run_address>0x85a7</run_address>
         <size>0x26b</size>
         <input_file_ref idref="fl-16"/>
      </object_component>
      <object_component id="oc-30b">
         <name>.debug_info</name>
         <load_address>0x8812</load_address>
         <run_address>0x8812</run_address>
         <size>0x297</size>
         <input_file_ref idref="fl-16"/>
      </object_component>
      <object_component id="oc-253">
         <name>.debug_info</name>
         <load_address>0x8aa9</load_address>
         <run_address>0x8aa9</run_address>
         <size>0xbb</size>
         <input_file_ref idref="fl-16"/>
      </object_component>
      <object_component id="oc-1e4">
         <name>.debug_info</name>
         <load_address>0x8b64</load_address>
         <run_address>0x8b64</run_address>
         <size>0x333</size>
         <input_file_ref idref="fl-cc"/>
      </object_component>
      <object_component id="oc-108">
         <name>.debug_info</name>
         <load_address>0x8e97</load_address>
         <run_address>0x8e97</run_address>
         <size>0x1d1</size>
         <input_file_ref idref="fl-cc"/>
      </object_component>
      <object_component id="oc-1da">
         <name>.debug_info</name>
         <load_address>0x9068</load_address>
         <run_address>0x9068</run_address>
         <size>0x18d</size>
         <input_file_ref idref="fl-cc"/>
      </object_component>
      <object_component id="oc-1df">
         <name>.debug_info</name>
         <load_address>0x91f5</load_address>
         <run_address>0x91f5</run_address>
         <size>0x16d</size>
         <input_file_ref idref="fl-cc"/>
      </object_component>
      <object_component id="oc-322">
         <name>.debug_info</name>
         <load_address>0x9362</load_address>
         <run_address>0x9362</run_address>
         <size>0x2c</size>
         <input_file_ref idref="fl-cc"/>
      </object_component>
      <object_component id="oc-321">
         <name>.debug_info</name>
         <load_address>0x938e</load_address>
         <run_address>0x938e</run_address>
         <size>0x340</size>
         <input_file_ref idref="fl-cd"/>
      </object_component>
      <object_component id="oc-276">
         <name>.debug_info</name>
         <load_address>0x96ce</load_address>
         <run_address>0x96ce</run_address>
         <size>0x208</size>
         <input_file_ref idref="fl-cd"/>
      </object_component>
      <object_component id="oc-317">
         <name>.debug_info</name>
         <load_address>0x98d6</load_address>
         <run_address>0x98d6</run_address>
         <size>0x1c6</size>
         <input_file_ref idref="fl-cd"/>
      </object_component>
      <object_component id="oc-31e">
         <name>.debug_info</name>
         <load_address>0x9a9c</load_address>
         <run_address>0x9a9c</run_address>
         <size>0x179</size>
         <input_file_ref idref="fl-cd"/>
      </object_component>
      <object_component id="oc-327">
         <name>.debug_info</name>
         <load_address>0x9c15</load_address>
         <run_address>0x9c15</run_address>
         <size>0x69</size>
         <input_file_ref idref="fl-cd"/>
      </object_component>
      <object_component id="oc-18b">
         <name>.debug_info</name>
         <load_address>0x9c7e</load_address>
         <run_address>0x9c7e</run_address>
         <size>0x14c</size>
         <input_file_ref idref="fl-ce"/>
      </object_component>
      <object_component id="oc-1c2">
         <name>.debug_info</name>
         <load_address>0x9dca</load_address>
         <run_address>0x9dca</run_address>
         <size>0x128</size>
         <input_file_ref idref="fl-cf"/>
      </object_component>
      <object_component id="oc-1c8">
         <name>.debug_info</name>
         <load_address>0x9ef2</load_address>
         <run_address>0x9ef2</run_address>
         <size>0x12a</size>
         <input_file_ref idref="fl-cf"/>
      </object_component>
      <object_component id="oc-186">
         <name>.debug_info</name>
         <load_address>0xa01c</load_address>
         <run_address>0xa01c</run_address>
         <size>0x13a</size>
         <input_file_ref idref="fl-d0"/>
      </object_component>
      <object_component id="oc-182">
         <name>.debug_info</name>
         <load_address>0xa156</load_address>
         <run_address>0xa156</run_address>
         <size>0x13a</size>
         <input_file_ref idref="fl-d1"/>
      </object_component>
      <object_component id="oc-195">
         <name>.debug_info</name>
         <load_address>0xa290</load_address>
         <run_address>0xa290</run_address>
         <size>0x13e</size>
         <input_file_ref idref="fl-d2"/>
      </object_component>
      <object_component id="oc-f6">
         <name>.debug_info</name>
         <load_address>0xa3ce</load_address>
         <run_address>0xa3ce</run_address>
         <size>0x12c</size>
         <input_file_ref idref="fl-d3"/>
      </object_component>
      <object_component id="oc-f1">
         <name>.debug_info</name>
         <load_address>0xa4fa</load_address>
         <run_address>0xa4fa</run_address>
         <size>0x12c</size>
         <input_file_ref idref="fl-d4"/>
      </object_component>
      <object_component id="oc-3f">
         <name>.debug_info</name>
         <load_address>0xa626</load_address>
         <run_address>0xa626</run_address>
         <size>0x119</size>
         <input_file_ref idref="fl-d5"/>
      </object_component>
      <object_component id="oc-95">
         <name>.debug_info</name>
         <load_address>0xa73f</load_address>
         <run_address>0xa73f</run_address>
         <size>0x2d4</size>
         <input_file_ref idref="fl-d6"/>
      </object_component>
      <object_component id="oc-4c">
         <name>.debug_info</name>
         <load_address>0xaa13</load_address>
         <run_address>0xaa13</run_address>
         <size>0x1d2</size>
         <input_file_ref idref="fl-d6"/>
      </object_component>
      <object_component id="oc-90">
         <name>.debug_info</name>
         <load_address>0xabe5</load_address>
         <run_address>0xabe5</run_address>
         <size>0x46</size>
         <input_file_ref idref="fl-d6"/>
      </object_component>
      <object_component id="oc-ce">
         <name>.debug_info</name>
         <load_address>0xac2b</load_address>
         <run_address>0xac2b</run_address>
         <size>0x2c</size>
         <input_file_ref idref="fl-d6"/>
      </object_component>
      <object_component id="oc-49">
         <name>.debug_info</name>
         <load_address>0xac57</load_address>
         <run_address>0xac57</run_address>
         <size>0x2a8</size>
         <input_file_ref idref="fl-d7"/>
      </object_component>
      <object_component id="oc-1d">
         <name>.debug_info</name>
         <load_address>0xaeff</load_address>
         <run_address>0xaeff</run_address>
         <size>0x1ea</size>
         <input_file_ref idref="fl-d7"/>
      </object_component>
      <object_component id="oc-44">
         <name>.debug_info</name>
         <load_address>0xb0e9</load_address>
         <run_address>0xb0e9</run_address>
         <size>0x46</size>
         <input_file_ref idref="fl-d7"/>
      </object_component>
      <object_component id="oc-88">
         <name>.debug_info</name>
         <load_address>0xb12f</load_address>
         <run_address>0xb12f</run_address>
         <size>0x2c</size>
         <input_file_ref idref="fl-d7"/>
      </object_component>
      <object_component id="oc-86">
         <name>.debug_info</name>
         <load_address>0xb15b</load_address>
         <run_address>0xb15b</run_address>
         <size>0x29e</size>
         <input_file_ref idref="fl-d8"/>
      </object_component>
      <object_component id="oc-16">
         <name>.debug_info</name>
         <load_address>0xb3f9</load_address>
         <run_address>0xb3f9</run_address>
         <size>0x250</size>
         <input_file_ref idref="fl-d8"/>
      </object_component>
      <object_component id="oc-34">
         <name>.debug_info</name>
         <load_address>0xb649</load_address>
         <run_address>0xb649</run_address>
         <size>0x60</size>
         <input_file_ref idref="fl-d8"/>
      </object_component>
      <object_component id="oc-c7">
         <name>.debug_info</name>
         <load_address>0xb6a9</load_address>
         <run_address>0xb6a9</run_address>
         <size>0x46</size>
         <input_file_ref idref="fl-d8"/>
      </object_component>
      <object_component id="oc-81">
         <name>.debug_info</name>
         <load_address>0xb6ef</load_address>
         <run_address>0xb6ef</run_address>
         <size>0x39</size>
         <input_file_ref idref="fl-d8"/>
      </object_component>
      <object_component id="oc-70">
         <name>.debug_info</name>
         <load_address>0xb728</load_address>
         <run_address>0xb728</run_address>
         <size>0x3b2</size>
         <input_file_ref idref="fl-d9"/>
      </object_component>
      <object_component id="oc-25">
         <name>.debug_info</name>
         <load_address>0xbada</load_address>
         <run_address>0xbada</run_address>
         <size>0x10c</size>
         <input_file_ref idref="fl-d9"/>
      </object_component>
      <object_component id="oc-2fe">
         <name>.debug_info</name>
         <load_address>0xbbe6</load_address>
         <run_address>0xbbe6</run_address>
         <size>0x13f</size>
         <input_file_ref idref="fl-d9"/>
      </object_component>
      <object_component id="oc-21c">
         <name>.debug_info</name>
         <load_address>0xbd25</load_address>
         <run_address>0xbd25</run_address>
         <size>0x168</size>
         <input_file_ref idref="fl-d9"/>
      </object_component>
      <object_component id="oc-223">
         <name>.debug_info</name>
         <load_address>0xbe8d</load_address>
         <run_address>0xbe8d</run_address>
         <size>0x18e</size>
         <input_file_ref idref="fl-d9"/>
      </object_component>
      <object_component id="oc-229">
         <name>.debug_info</name>
         <load_address>0xc01b</load_address>
         <run_address>0xc01b</run_address>
         <size>0x19f</size>
         <input_file_ref idref="fl-d9"/>
      </object_component>
      <object_component id="oc-159">
         <name>.debug_info</name>
         <load_address>0xc1ba</load_address>
         <run_address>0xc1ba</run_address>
         <size>0x203</size>
         <input_file_ref idref="fl-d9"/>
      </object_component>
      <object_component id="oc-3a2">
         <name>.debug_info</name>
         <load_address>0xc3bd</load_address>
         <run_address>0xc3bd</run_address>
         <size>0x1db</size>
         <input_file_ref idref="fl-d9"/>
      </object_component>
      <object_component id="oc-153">
         <name>.debug_info</name>
         <load_address>0xc598</load_address>
         <run_address>0xc598</run_address>
         <size>0x1a5</size>
         <input_file_ref idref="fl-d9"/>
      </object_component>
      <object_component id="oc-2f7">
         <name>.debug_info</name>
         <load_address>0xc73d</load_address>
         <run_address>0xc73d</run_address>
         <size>0x299</size>
         <input_file_ref idref="fl-d9"/>
      </object_component>
      <object_component id="oc-bb">
         <name>.debug_info</name>
         <load_address>0xc9d6</load_address>
         <run_address>0xc9d6</run_address>
         <size>0xb2</size>
         <input_file_ref idref="fl-d9"/>
      </object_component>
      <object_component id="oc-b6">
         <name>.debug_info</name>
         <load_address>0xca88</load_address>
         <run_address>0xca88</run_address>
         <size>0x2c</size>
         <input_file_ref idref="fl-d9"/>
      </object_component>
      <object_component id="oc-235">
         <name>.debug_info</name>
         <load_address>0xcab4</load_address>
         <run_address>0xcab4</run_address>
         <size>0x28a</size>
         <input_file_ref idref="fl-da"/>
      </object_component>
      <object_component id="oc-16d">
         <name>.debug_info</name>
         <load_address>0xcd3e</load_address>
         <run_address>0xcd3e</run_address>
         <size>0x273</size>
         <input_file_ref idref="fl-da"/>
      </object_component>
      <object_component id="oc-32d">
         <name>.debug_info</name>
         <load_address>0xcfb1</load_address>
         <run_address>0xcfb1</run_address>
         <size>0x2a4</size>
         <input_file_ref idref="fl-db"/>
      </object_component>
      <object_component id="oc-27b">
         <name>.debug_info</name>
         <load_address>0xd255</load_address>
         <run_address>0xd255</run_address>
         <size>0x24d</size>
         <input_file_ref idref="fl-db"/>
      </object_component>
      <object_component id="oc-1d0">
         <name>.debug_info</name>
         <load_address>0xd4a2</load_address>
         <run_address>0xd4a2</run_address>
         <size>0x28f</size>
         <input_file_ref idref="fl-dc"/>
      </object_component>
      <object_component id="oc-100">
         <name>.debug_info</name>
         <load_address>0xd731</load_address>
         <run_address>0xd731</run_address>
         <size>0x245</size>
         <input_file_ref idref="fl-dc"/>
      </object_component>
      <object_component id="oc-28">
         <name>.debug_info</name>
         <load_address>0xd976</load_address>
         <run_address>0xd976</run_address>
         <size>0x10b</size>
         <input_file_ref idref="fl-dd"/>
      </object_component>
      <object_component id="oc-5f">
         <name>.debug_info</name>
         <load_address>0xda81</load_address>
         <run_address>0xda81</run_address>
         <size>0x1a9</size>
         <input_file_ref idref="fl-dd"/>
      </object_component>
      <object_component id="oc-2c5">
         <name>.debug_info</name>
         <load_address>0xdc2a</load_address>
         <run_address>0xdc2a</run_address>
         <size>0x590</size>
         <input_file_ref idref="fl-de"/>
      </object_component>
      <object_component id="oc-296">
         <name>.debug_info</name>
         <load_address>0xe1ba</load_address>
         <run_address>0xe1ba</run_address>
         <size>0x21e</size>
         <input_file_ref idref="fl-de"/>
      </object_component>
      <object_component id="oc-349">
         <name>.debug_info</name>
         <load_address>0xe3d8</load_address>
         <run_address>0xe3d8</run_address>
         <size>0x1b3</size>
         <input_file_ref idref="fl-de"/>
      </object_component>
      <object_component id="oc-350">
         <name>.debug_info</name>
         <load_address>0xe58b</load_address>
         <run_address>0xe58b</run_address>
         <size>0x21b</size>
         <input_file_ref idref="fl-de"/>
      </object_component>
      <object_component id="oc-29c">
         <name>.debug_info</name>
         <load_address>0xe7a6</load_address>
         <run_address>0xe7a6</run_address>
         <size>0x3c0</size>
         <input_file_ref idref="fl-de"/>
      </object_component>
      <object_component id="oc-357">
         <name>.debug_info</name>
         <load_address>0xeb66</load_address>
         <run_address>0xeb66</run_address>
         <size>0x30a</size>
         <input_file_ref idref="fl-de"/>
      </object_component>
      <object_component id="oc-35d">
         <name>.debug_info</name>
         <load_address>0xee70</load_address>
         <run_address>0xee70</run_address>
         <size>0x215</size>
         <input_file_ref idref="fl-de"/>
      </object_component>
      <object_component id="oc-2a1">
         <name>.debug_info</name>
         <load_address>0xf085</load_address>
         <run_address>0xf085</run_address>
         <size>0x215</size>
         <input_file_ref idref="fl-de"/>
      </object_component>
      <object_component id="oc-2a8">
         <name>.debug_info</name>
         <load_address>0xf29a</load_address>
         <run_address>0xf29a</run_address>
         <size>0x304</size>
         <input_file_ref idref="fl-de"/>
      </object_component>
      <object_component id="oc-2ae">
         <name>.debug_info</name>
         <load_address>0xf59e</load_address>
         <run_address>0xf59e</run_address>
         <size>0x4b5</size>
         <input_file_ref idref="fl-de"/>
      </object_component>
      <object_component id="oc-1d3">
         <name>.debug_info</name>
         <load_address>0xfa53</load_address>
         <run_address>0xfa53</run_address>
         <size>0x5f4</size>
         <input_file_ref idref="fl-de"/>
      </object_component>
      <object_component id="oc-2c6">
         <name>.debug_info</name>
         <load_address>0x10047</load_address>
         <run_address>0x10047</run_address>
         <size>0x86</size>
         <input_file_ref idref="fl-de"/>
      </object_component>
      <object_component id="oc-386">
         <name>.debug_info</name>
         <load_address>0x100cd</load_address>
         <run_address>0x100cd</run_address>
         <size>0x39</size>
         <input_file_ref idref="fl-de"/>
      </object_component>
      <object_component id="oc-3e0">
         <name>.debug_info</name>
         <load_address>0x10106</load_address>
         <run_address>0x10106</run_address>
         <size>0xb6</size>
         <input_file_ref idref="fl-de"/>
      </object_component>
      <object_component id="oc-38b">
         <name>.debug_info</name>
         <load_address>0x101bc</load_address>
         <run_address>0x101bc</run_address>
         <size>0x46</size>
         <input_file_ref idref="fl-de"/>
      </object_component>
      <object_component id="oc-2cb">
         <name>.debug_info</name>
         <load_address>0x10202</load_address>
         <run_address>0x10202</run_address>
         <size>0x46</size>
         <input_file_ref idref="fl-de"/>
      </object_component>
      <object_component id="oc-97">
         <name>.debug_info</name>
         <load_address>0x10248</load_address>
         <run_address>0x10248</run_address>
         <size>0x147</size>
         <input_file_ref idref="fl-df"/>
      </object_component>
      <object_component id="oc-33e">
         <name>.debug_info</name>
         <load_address>0x1038f</load_address>
         <run_address>0x1038f</run_address>
         <size>0x12e</size>
         <input_file_ref idref="fl-e0"/>
      </object_component>
      <object_component id="oc-339">
         <name>.debug_info</name>
         <load_address>0x104bd</load_address>
         <run_address>0x104bd</run_address>
         <size>0x134</size>
         <input_file_ref idref="fl-e1"/>
      </object_component>
      <object_component id="oc-206">
         <name>.debug_info</name>
         <load_address>0x105f1</load_address>
         <run_address>0x105f1</run_address>
         <size>0x4b3</size>
         <input_file_ref idref="fl-e2"/>
      </object_component>
      <object_component id="oc-120">
         <name>.debug_info</name>
         <load_address>0x10aa4</load_address>
         <run_address>0x10aa4</run_address>
         <size>0x1a6</size>
         <input_file_ref idref="fl-e2"/>
      </object_component>
      <object_component id="oc-2e5">
         <name>.debug_info</name>
         <load_address>0x10c4a</load_address>
         <run_address>0x10c4a</run_address>
         <size>0x39</size>
         <input_file_ref idref="fl-e2"/>
      </object_component>
      <object_component id="oc-395">
         <name>.debug_info</name>
         <load_address>0x10c83</load_address>
         <run_address>0x10c83</run_address>
         <size>0x39</size>
         <input_file_ref idref="fl-e2"/>
      </object_component>
      <object_component id="oc-2ea">
         <name>.debug_info</name>
         <load_address>0x10cbc</load_address>
         <run_address>0x10cbc</run_address>
         <size>0x39</size>
         <input_file_ref idref="fl-e2"/>
      </object_component>
      <object_component id="oc-2ef">
         <name>.debug_info</name>
         <load_address>0x10cf5</load_address>
         <run_address>0x10cf5</run_address>
         <size>0xcd</size>
         <input_file_ref idref="fl-e2"/>
      </object_component>
      <object_component id="oc-9f">
         <name>.debug_info</name>
         <load_address>0x10dc2</load_address>
         <run_address>0x10dc2</run_address>
         <size>0x153</size>
         <input_file_ref idref="fl-e3"/>
      </object_component>
      <object_component id="oc-114">
         <name>.debug_info</name>
         <load_address>0x10f15</load_address>
         <run_address>0x10f15</run_address>
         <size>0x122</size>
         <input_file_ref idref="fl-e5"/>
      </object_component>
      <object_component id="oc-2df">
         <name>.debug_info</name>
         <load_address>0x11037</load_address>
         <run_address>0x11037</run_address>
         <size>0x2c9</size>
         <input_file_ref idref="fl-e6"/>
      </object_component>
      <object_component id="oc-200">
         <name>.debug_info</name>
         <load_address>0x11300</load_address>
         <run_address>0x11300</run_address>
         <size>0x11e</size>
         <input_file_ref idref="fl-e6"/>
      </object_component>
      <object_component id="oc-2d9">
         <name>.debug_info</name>
         <load_address>0x1141e</load_address>
         <run_address>0x1141e</run_address>
         <size>0x12e</size>
         <input_file_ref idref="fl-e6"/>
      </object_component>
      <object_component id="oc-3bd">
         <name>.debug_info</name>
         <load_address>0x1154c</load_address>
         <run_address>0x1154c</run_address>
         <size>0x29c</size>
         <input_file_ref idref="fl-e7"/>
      </object_component>
      <object_component id="oc-343">
         <name>.debug_info</name>
         <load_address>0x117e8</load_address>
         <run_address>0x117e8</run_address>
         <size>0x1da</size>
         <input_file_ref idref="fl-e7"/>
      </object_component>
      <object_component id="oc-336">
         <name>.debug_info</name>
         <load_address>0x119c2</load_address>
         <run_address>0x119c2</run_address>
         <size>0x2b9</size>
         <input_file_ref idref="fl-e9"/>
      </object_component>
      <object_component id="oc-292">
         <name>.debug_info</name>
         <load_address>0x11c7b</load_address>
         <run_address>0x11c7b</run_address>
         <size>0x17c</size>
         <input_file_ref idref="fl-e9"/>
      </object_component>
      <object_component id="oc-3b2">
         <name>.debug_info</name>
         <load_address>0x11df7</load_address>
         <run_address>0x11df7</run_address>
         <size>0xf9</size>
         <input_file_ref idref="fl-ea"/>
      </object_component>
      <object_component id="oc-333">
         <name>.debug_info</name>
         <load_address>0x11ef0</load_address>
         <run_address>0x11ef0</run_address>
         <size>0x105</size>
         <input_file_ref idref="fl-ea"/>
      </object_component>
      <object_component id="oc-377">
         <name>.debug_info</name>
         <load_address>0x11ff5</load_address>
         <run_address>0x11ff5</run_address>
         <size>0x2a7</size>
         <input_file_ref idref="fl-eb"/>
      </object_component>
      <object_component id="oc-2b4">
         <name>.debug_info</name>
         <load_address>0x1229c</load_address>
         <run_address>0x1229c</run_address>
         <size>0x1b8</size>
         <input_file_ref idref="fl-eb"/>
      </object_component>
      <object_component id="oc-3d2">
         <name>.debug_info</name>
         <load_address>0x12454</load_address>
         <run_address>0x12454</run_address>
         <size>0x29a</size>
         <input_file_ref idref="fl-ec"/>
      </object_component>
      <object_component id="oc-370">
         <name>.debug_info</name>
         <load_address>0x126ee</load_address>
         <run_address>0x126ee</run_address>
         <size>0x262</size>
         <input_file_ref idref="fl-ec"/>
      </object_component>
      <object_component id="oc-383">
         <name>.debug_info</name>
         <load_address>0x12950</load_address>
         <run_address>0x12950</run_address>
         <size>0x289</size>
         <input_file_ref idref="fl-ed"/>
      </object_component>
      <object_component id="oc-380">
         <name>.debug_info</name>
         <load_address>0x12bd9</load_address>
         <run_address>0x12bd9</run_address>
         <size>0x10e</size>
         <input_file_ref idref="fl-ed"/>
      </object_component>
      <object_component id="oc-2c2">
         <name>.debug_info</name>
         <load_address>0x12ce7</load_address>
         <run_address>0x12ce7</run_address>
         <size>0x14e</size>
         <input_file_ref idref="fl-ed"/>
      </object_component>
      <object_component id="oc-3c3">
         <name>.debug_info</name>
         <load_address>0x12e35</load_address>
         <run_address>0x12e35</run_address>
         <size>0x29a</size>
         <input_file_ref idref="fl-ee"/>
      </object_component>
      <object_component id="oc-366">
         <name>.debug_info</name>
         <load_address>0x130cf</load_address>
         <run_address>0x130cf</run_address>
         <size>0x195</size>
         <input_file_ref idref="fl-ee"/>
      </object_component>
      <object_component id="oc-3ed">
         <name>.debug_info</name>
         <load_address>0x13264</load_address>
         <run_address>0x13264</run_address>
         <size>0x39</size>
         <input_file_ref idref="fl-ee"/>
      </object_component>
      <object_component id="oc-3c4">
         <name>.debug_info</name>
         <load_address>0x1329d</load_address>
         <run_address>0x1329d</run_address>
         <size>0x2c</size>
         <input_file_ref idref="fl-ee"/>
      </object_component>
      <object_component id="oc-3d0">
         <name>.debug_info</name>
         <load_address>0x132c9</load_address>
         <run_address>0x132c9</run_address>
         <size>0x2fd</size>
         <input_file_ref idref="fl-ef"/>
      </object_component>
      <object_component id="oc-36a">
         <name>.debug_info</name>
         <load_address>0x135c6</load_address>
         <run_address>0x135c6</run_address>
         <size>0x225</size>
         <input_file_ref idref="fl-ef"/>
      </object_component>
      <object_component id="oc-37e">
         <name>.debug_info</name>
         <load_address>0x137eb</load_address>
         <run_address>0x137eb</run_address>
         <size>0x28f</size>
         <input_file_ref idref="fl-f0"/>
      </object_component>
      <object_component id="oc-2bb">
         <name>.debug_info</name>
         <load_address>0x13a7a</load_address>
         <run_address>0x13a7a</run_address>
         <size>0x15a</size>
         <input_file_ref idref="fl-f0"/>
      </object_component>
      <object_component id="oc-3d5">
         <name>.debug_info</name>
         <load_address>0x13bd4</load_address>
         <run_address>0x13bd4</run_address>
         <size>0x46</size>
         <input_file_ref idref="fl-f0"/>
      </object_component>
      <object_component id="oc-379">
         <name>.debug_info</name>
         <load_address>0x13c1a</load_address>
         <run_address>0x13c1a</run_address>
         <size>0x39</size>
         <input_file_ref idref="fl-f0"/>
      </object_component>
      <object_component id="oc-3b6">
         <name>.debug_info</name>
         <load_address>0x13c53</load_address>
         <run_address>0x13c53</run_address>
         <size>0x115</size>
         <input_file_ref idref="fl-f1"/>
      </object_component>
      <object_component id="oc-3ca">
         <name>.debug_info</name>
         <load_address>0x13d68</load_address>
         <run_address>0x13d68</run_address>
         <size>0x161</size>
         <input_file_ref idref="fl-f2"/>
      </object_component>
      <object_component id="oc-23f">
         <name>.debug_info</name>
         <load_address>0x13ec9</load_address>
         <run_address>0x13ec9</run_address>
         <size>0x20e</size>
         <input_file_ref idref="fl-f3"/>
      </object_component>
      <object_component id="oc-237">
         <name>.debug_info</name>
         <load_address>0x140d7</load_address>
         <run_address>0x140d7</run_address>
         <size>0x157</size>
         <input_file_ref idref="fl-f3"/>
      </object_component>
      <object_component id="oc-172">
         <name>.debug_info</name>
         <load_address>0x1422e</load_address>
         <run_address>0x1422e</run_address>
         <size>0x2c1</size>
         <input_file_ref idref="fl-f3"/>
      </object_component>
      <object_component id="oc-179">
         <name>.debug_info</name>
         <load_address>0x144ef</load_address>
         <run_address>0x144ef</run_address>
         <size>0x23e</size>
         <input_file_ref idref="fl-f3"/>
      </object_component>
      <object_component id="oc-23a">
         <name>.debug_info</name>
         <load_address>0x1472d</load_address>
         <run_address>0x1472d</run_address>
         <size>0x18b</size>
         <input_file_ref idref="fl-f3"/>
      </object_component>
      <object_component id="oc-241">
         <name>.debug_info</name>
         <load_address>0x148b8</load_address>
         <run_address>0x148b8</run_address>
         <size>0x212</size>
         <input_file_ref idref="fl-f4"/>
      </object_component>
      <object_component id="oc-428">
         <name>.debug_info</name>
         <load_address>0x14aca</load_address>
         <run_address>0x14aca</run_address>
         <size>0xb5</size>
      </object_component>
      <object_component id="oc-151">
         <name>.debug_line</name>
         <load_address>0x0</load_address>
         <run_address>0x0</run_address>
         <size>0x69</size>
         <input_file_ref idref="fl-2"/>
      </object_component>
      <object_component id="oc-303">
         <name>.debug_line</name>
         <load_address>0x69</load_address>
[...]
         <value>0xbc3</value>
         <object_component_ref idref="oc-d7"/>
      </symbol>
      <symbol id="sm-216">
         <name>oi_free</name>
         <value>0x279</value>
         <object_component_ref idref="oc-d7"/>
      </symbol>
      <symbol id="sm-217">
         <name>oi_getMotorCalibrationRight</name>
         <value>0xe01</value>
         <object_component_ref idref="oc-d7"/>
      </symbol>
      <symbol id="sm-218">
         <name>oi_uartReceive</name>
         <value>0xa31</value>
         <object_component_ref idref="oc-d7"/>
      </symbol>
      <symbol id="sm-219">
         <name>oi_setWheels</name>
         <value>0x88f</value>
         <object_component_ref idref="oc-d7"/>
      </symbol>
      <symbol id="sm-21a">
         <name>oi_shutoff_init</name>
         <value>0xb51</value>
         <object_component_ref idref="oc-d7"/>
      </symbol>
      <symbol id="sm-21b">
         <name>motor_cal_factor_L</name>
         <value>0x20002328</value>
         <object_component_ref idref="oc-17d"/>
      </symbol>
      <symbol id="sm-21c">
         <name>motor_cal_factor_R</name>
         <value>0x2000232c</value>
         <object_component_ref idref="oc-17d"/>
      </symbol>
      <symbol id="sm-21d">
         <name>oi_parseInt</name>
         <value>0x447f</value>
         <object_component_ref idref="oc-164"/>
      </symbol>
      <symbol id="sm-21e">
         <name>oi_setMotorCalibration</name>
         <value>0xdb1</value>
         <object_component_ref idref="oc-d7"/>
      </symbol>
      <symbol id="sm-21f">
         <name>oi_uartSendStr</name>
         <value>0xa59</value>
         <object_component_ref idref="oc-d7"/>
      </symbol>
      <symbol id="sm-220">
         <name>oi_close</name>
         <value>0x2c7</value>
         <object_component_ref idref="oc-d7"/>
      </symbol>
      <symbol id="sm-221">
         <name>oi_uartSendBuff</name>
         <value>0xa77</value>
         <object_component_ref idref="oc-d7"/>
      </symbol>
      <symbol id="sm-222">
         <name>oi_checkFirmware</name>
         <value>0xaa9</value>
         <object_component_ref idref="oc-d7"/>
      </symbol>
      <symbol id="sm-223">
         <name>oi_init_noupdate</name>
         <value>0x289</value>
         <object_component_ref idref="oc-d7"/>
      </symbol>
      <symbol id="sm-224">
         <name>oi_uartSendChar</name>
         <value>0xa15</value>
         <object_component_ref idref="oc-d7"/>
      </symbol>
      <symbol id="sm-225">
         <name>oi_alloc</name>
         <value>0x26d</value>
         <object_component_ref idref="oc-d7"/>
      </symbol>
      <symbol id="sm-226">
         <name>oi_getMotorCalibrationLeft</name>
         <value>0xded</value>
         <object_component_ref idref="oc-d7"/>
      </symbol>
      <symbol id="sm-227">
         <name>oi_loadSong</name>
         <value>0x915</value>
         <object_component_ref idref="oc-d7"/>
      </symbol>
      <symbol id="sm-228">
         <name>oi_play_song</name>
         <value>0x96b</value>
         <object_component_ref idref="oc-d7"/>
      </symbol>
      <symbol id="sm-229">
         <name>oi_parsePacket</name>
         <value>0x32b</value>
         <object_component_ref idref="oc-d7"/>
      </symbol>
      <symbol id="sm-22a">
         <name>oi_setLeds</name>
         <value>0x84b</value>
         <object_component_ref idref="oc-d7"/>
      </symbol>
      <symbol id="sm-22b">
         <name>oi_init</name>
         <value>0x2b1</value>
         <object_component_ref idref="oc-d7"/>
      </symbol>
      <symbol id="sm-22c">
         <name>oi_update</name>
         <value>0x2d9</value>
         <object_component_ref idref="oc-d7"/>
      </symbol>
      <symbol id="sm-22d">
         <name>oi_uartInit</name>
         <value>0x98d</value>
         <object_component_ref idref="oc-d7"/>
      </symbol>
      <symbol id="sm-23c">
         <name>resetSimulationBoard</name>
         <value>0x3f8d</value>
         <object_component_ref idref="oc-f9"/>
      </symbol>
      <symbol id="sm-258">
         <name>ResetISR</name>
         <value>0x4539</value>
         <object_component_ref idref="oc-2a"/>
      </symbol>
      <symbol id="sm-259">
         <name>g_pfnVectors</name>
         <value>0x0</value>
         <object_component_ref idref="oc-12"/>
      </symbol>
      <symbol id="sm-276">
         <name>cyBot_FindObjects</name>
         <value>0x2ee5</value>
         <object_component_ref idref="oc-e3"/>
      </symbol>
      <symbol id="sm-277">
         <name>cyBOT_Scan</name>
         <value>0x2ffb</value>
         <object_component_ref idref="oc-e3"/>
      </symbol>
      <symbol id="sm-278">
         <name>cyBOT_init_Scan</name>
         <value>0x2feb</value>
         <object_component_ref idref="oc-e3"/>
      </symbol>
      <symbol id="sm-29f">
         <name>isr_int_value</name>
         <value>0x20002318</value>
      </symbol>
      <symbol id="sm-2a0">
         <name>ir_enableInterrupt</name>
         <value>0x35a7</value>
         <object_component_ref idref="oc-1ad"/>
      </symbol>
      <symbol id="sm-2a1">
         <name>ir_getDistance</name>
         <value>0x3589</value>
         <object_component_ref idref="oc-1ad"/>
      </symbol>
      <symbol id="sm-2a2">
         <name>ir_init</name>
         <value>0x34f9</value>
         <object_component_ref idref="oc-1ad"/>
      </symbol>
      <symbol id="sm-2a3">
         <name>ADC0SS0_Handler</name>
         <value>0x3591</value>
         <object_component_ref idref="oc-1ad"/>
      </symbol>
      <symbol id="sm-2a4">
         <name>ir_getValue</name>
         <value>0x3561</value>
         <object_component_ref idref="oc-1ad"/>
      </symbol>
      <symbol id="sm-2d3">
         <name>risingEdge</name>
         <value>0x20002320</value>
      </symbol>
      <symbol id="sm-2d4">
         <name>fallingEdge</name>
         <value>0x20002314</value>
      </symbol>
      <symbol id="sm-2d5">
         <name>pulseLength</name>
         <value>0x2000231c</value>
      </symbol>
      <symbol id="sm-2d6">
         <name>isRisingEdge</name>
         <value>0x20002324</value>
      </symbol>
      <symbol id="sm-2d7">
         <name>TIMER3B_Handler</name>
         <value>0x2905</value>
         <object_component_ref idref="oc-1a7"/>
      </symbol>
      <symbol id="sm-2d8">
         <name>ping_init</name>
         <value>0x2815</value>
         <object_component_ref idref="oc-1a7"/>
      </symbol>
      <symbol id="sm-2d9">
         <name>ping_getDistance</name>
         <value>0x2957</value>
         <object_component_ref idref="oc-1a7"/>
      </symbol>
      <symbol id="sm-2da">
         <name>ping_trigger</name>
         <value>0x289b</value>
         <object_component_ref idref="oc-1a7"/>
      </symbol>
      <symbol id="sm-2f8">
         <name>servo_move</name>
         <value>0x3459</value>
         <object_component_ref idref="oc-1a1"/>
      </symbol>
      <symbol id="sm-2f9">
         <name>servo_init</name>
         <value>0x33d5</value>
         <object_component_ref idref="oc-1a1"/>
      </symbol>
      <symbol id="sm-2fa">
         <name>servo_stop</name>
         <value>0x344d</value>
         <object_component_ref idref="oc-1a1"/>
      </symbol>
      <symbol id="sm-2fb">
         <name>servo_setPWM</name>
         <value>0x34a3</value>
         <object_component_ref idref="oc-1a1"/>
      </symbol>
      <symbol id="sm-337">
         <name>isr_char_buffer</name>
         <value>0x200022c4</value>
      </symbol>
      <symbol id="sm-338">
         <name>cyBot_getByte</name>
         <value>0x2e77</value>
         <object_component_ref idref="oc-dd"/>
      </symbol>
      <symbol id="sm-339">
         <name>cyBot_sendByte</name>
         <value>0x2d89</value>
         <object_component_ref idref="oc-dd"/>
      </symbol>
      <symbol id="sm-33a">
         <name>cyBot_uart_sendStr</name>
         <value>0x2d95</value>
         <object_component_ref idref="oc-dd"/>
      </symbol>
      <symbol id="sm-33b">
         <name>isr_counter</name>
         <value>0x20002358</value>
         <object_component_ref idref="oc-19d"/>
      </symbol>
      <symbol id="sm-33c">
         <name>cyBot_uart_sendBuffer</name>
         <value>0x2daf</value>
         <object_component_ref idref="oc-dd"/>
      </symbol>
      <symbol id="sm-33d">
         <name>cyBot_uart_flush</name>
         <value>0x2e59</value>
         <object_component_ref idref="oc-dd"/>
      </symbol>
      <symbol id="sm-33e">
         <name>cyBot_UART1_Handler</name>
         <value>0x2e91</value>
         <object_component_ref idref="oc-dd"/>
      </symbol>
      <symbol id="sm-33f">
         <name>cyBot_uart_init</name>
         <value>0x2dc7</value>
         <object_component_ref idref="oc-dd"/>
      </symbol>
      <symbol id="sm-366">
         <name>sprintf</name>
         <value>0x41c1</value>
         <object_component_ref idref="oc-105"/>
      </symbol>
      <symbol id="sm-390">
         <name>vsnprintf</name>
         <value>0x4201</value>
         <object_component_ref idref="oc-274"/>
      </symbol>
      <symbol id="sm-3a7">
         <name>__aeabi_dsub</name>
         <value>0x2bd1</value>
         <object_component_ref idref="oc-18a"/>
      </symbol>
      <symbol id="sm-3a8">
         <name>__aeabi_dadd</name>
         <value>0x2bdb</value>
         <object_component_ref idref="oc-18a"/>
      </symbol>
      <symbol id="sm-3ca">
         <name>__aeabi_cdcmpeq</name>
         <value>0x3bed</value>
         <object_component_ref idref="oc-1c0"/>
      </symbol>
      <symbol id="sm-3cb">
         <name>__aeabi_cdcmple</name>
         <value>0x3bed</value>
         <object_component_ref idref="oc-1c0"/>
      </symbol>
      <symbol id="sm-3cc">
         <name>__aeabi_cdrcmple</name>
         <value>0x3c73</value>
         <object_component_ref idref="oc-1c5"/>
      </symbol>
      <symbol id="sm-3e0">
         <name>__aeabi_ddiv</name>
         <value>0x3179</value>
         <object_component_ref idref="oc-185"/>
      </symbol>
      <symbol id="sm-3eb">
         <name>__aeabi_dmul</name>
         <value>0x3829</value>
         <object_component_ref idref="oc-180"/>
      </symbol>
      <symbol id="sm-3f7">
         <name>__aeabi_d2f</name>
         <value>0x3e53</value>
         <object_component_ref idref="oc-192"/>
      </symbol>
      <symbol id="sm-402">
         <name>__aeabi_f2d</name>
         <value>0x42b9</value>
         <object_component_ref idref="oc-f4"/>
      </symbol>
      <symbol id="sm-40c">
         <name>__aeabi_i2d</name>
         <value>0x4389</value>
         <object_component_ref idref="oc-ef"/>
      </symbol>
      <symbol id="sm-427">
         <name>memcpy</name>
         <value>0x3abb</value>
         <object_component_ref idref="oc-3e"/>
      </symbol>
      <symbol id="sm-428">
         <name>__aeabi_memcpy</name>
         <value>0x3abb</value>
         <object_component_ref idref="oc-3e"/>
      </symbol>
      <symbol id="sm-429">
         <name>__aeabi_memcpy8</name>
         <value>0x3abb</value>
         <object_component_ref idref="oc-3e"/>
      </symbol>
      <symbol id="sm-42a">
         <name>__aeabi_memcpy4</name>
         <value>0x3abb</value>
         <object_component_ref idref="oc-3e"/>
      </symbol>
      <symbol id="sm-443">
         <name>__TI_zero_init_nomemset</name>
         <value>0x43e1</value>
         <object_component_ref idref="oc-4a"/>
      </symbol>
      <symbol id="sm-45a">
         <name>__TI_decompress_none</name>
         <value>0x451f</value>
         <object_component_ref idref="oc-1b"/>
      </symbol>
      <symbol id="sm-47d">
         <name>__TI_decompress_lzss</name>
         <value>0x3ec1</value>
         <object_component_ref idref="oc-15"/>
      </symbol>
      <symbol id="sm-512">
         <name>_sys_memory</name>
         <value>0x20001270</value>
         <object_component_ref idref="oc-24"/>
      </symbol>
      <symbol id="sm-513">
         <name>free</name>
         <value>0x3925</value>
         <object_component_ref idref="oc-158"/>
      </symbol>
      <symbol id="sm-514">
         <name>memalign</name>
         <value>0x3721</value>
         <object_component_ref idref="oc-2f6"/>
      </symbol>
      <symbol id="sm-515">
         <name>calloc</name>
         <value>0x4281</value>
         <object_component_ref idref="oc-152"/>
      </symbol>
      <symbol id="sm-516">
         <name>malloc</name>
         <value>0x4559</value>
         <object_component_ref idref="oc-21b"/>
      </symbol>
      <symbol id="sm-517">
         <name>aligned_alloc</name>
         <value>0x3721</value>
         <object_component_ref idref="oc-2f6"/>
      </symbol>
      <symbol id="sm-526">
         <name>strcmp</name>
         <value>0x4497</value>
         <object_component_ref idref="oc-16b"/>
      </symbol>
      <symbol id="sm-534">
         <name>strcpy</name>
         <value>0x44c5</value>
         <object_component_ref idref="oc-27a"/>
      </symbol>
      <symbol id="sm-542">
         <name>strlen</name>
         <value>0x44d9</value>
         <object_component_ref idref="oc-ff"/>
      </symbol>
      <symbol id="sm-555">
         <name>__stack</name>
         <value>0x20000270</value>
         <object_component_ref idref="oc-27"/>
      </symbol>
      <symbol id="sm-556">
         <name>_c_int00_noargs</name>
         <value>0x4325</value>
         <object_component_ref idref="oc-5c"/>
      </symbol>
      <symbol id="sm-6bb">
         <name>__TI_printfi</name>
         <value>0xe8d</value>
         <object_component_ref idref="oc-1d1"/>
      </symbol>
      <symbol id="sm-6ca">
         <name>__aeabi_memset</name>
         <value>0x3cfb</value>
         <object_component_ref idref="oc-96"/>
      </symbol>
      <symbol id="sm-6cb">
         <name>memset</name>
         <value>0x3d01</value>
         <object_component_ref idref="oc-96"/>
      </symbol>
      <symbol id="sm-6cc">
         <name>__aeabi_memset8</name>
         <value>0x3cfb</value>
         <object_component_ref idref="oc-96"/>
      </symbol>
      <symbol id="sm-6cd">
         <name>__aeabi_memset4</name>
         <value>0x3cfb</value>
         <object_component_ref idref="oc-96"/>
      </symbol>
      <symbol id="sm-6ce">
         <name>__aeabi_memclr8</name>
         <value>0x3cf9</value>
         <object_component_ref idref="oc-96"/>
      </symbol>
      <symbol id="sm-6cf">
         <name>__aeabi_memclr4</name>
         <value>0x3cf9</value>
         <object_component_ref idref="oc-96"/>
      </symbol>
      <symbol id="sm-6d0">
         <name>__aeabi_memclr</name>
         <value>0x3cf9</value>
         <object_component_ref idref="oc-96"/>
      </symbol>
      <symbol id="sm-6da">
         <name>__aeabi_d2iz</name>
         <value>0x4135</value>
         <object_component_ref idref="oc-33d"/>
      </symbol>
      <symbol id="sm-6e7">
         <name>__aeabi_uldivmod</name>
         <value>0x3b57</value>
         <object_component_ref idref="oc-337"/>
      </symbol>
      <symbol id="sm-70f">
         <name>__TI_auto_init_nobinit_nopinit</name>
         <value>0x417d</value>
         <object_component_ref idref="oc-11e"/>
      </symbol>
      <symbol id="sm-719">
         <name>_system_pre_init</name>
         <value>0x4561</value>
         <object_component_ref idref="oc-9c"/>
      </symbol>
      <symbol id="sm-725">
         <name>C$$EXIT</name>
         <value>0x4565</value>
         <object_component_ref idref="oc-112"/>
      </symbol>
      <symbol id="sm-726">
         <name>abort</name>
         <value>0x4565</value>
         <object_component_ref idref="oc-112"/>
      </symbol>
      <symbol id="sm-73b">
         <name>_nop</name>
         <value>0x18db</value>
         <object_component_ref idref="oc-2d7"/>
      </symbol>
      <symbol id="sm-73c">
         <name>_lock</name>
         <value>0x20002348</value>
         <object_component_ref idref="oc-1ff"/>
      </symbol>
      <symbol id="sm-73d">
         <name>_unlock</name>
         <value>0x2000234c</value>
         <object_component_ref idref="oc-1ff"/>
      </symbol>
      <symbol id="sm-74c">
         <name>__TI_ltoa</name>
         <value>0x4043</value>
         <object_component_ref idref="oc-342"/>
      </symbol>
      <symbol id="sm-763">
         <name>atoi</name>
         <value>0x40e9</value>
         <object_component_ref idref="oc-28e"/>
      </symbol>
      <symbol id="sm-76e">
         <name>_ctypes_</name>
         <value>0x4568</value>
         <object_component_ref idref="oc-332"/>
      </symbol>
      <symbol id="sm-77e">
         <name>memccpy</name>
         <value>0x4419</value>
         <object_component_ref idref="oc-2b2"/>
      </symbol>
      <symbol id="sm-78e">
         <name>strchr</name>
         <value>0x44af</value>
         <object_component_ref idref="oc-36f"/>
      </symbol>
      <symbol id="sm-7a4">
         <name>__aeabi_errno_addr</name>
         <value>0x4551</value>
         <object_component_ref idref="oc-2be"/>
      </symbol>
      <symbol id="sm-7a5">
         <name>errno</name>
         <value>0x2000235c</value>
         <object_component_ref idref="oc-37f"/>
      </symbol>
      <symbol id="sm-7c5">
         <name>frexpl</name>
         <value>0x3f29</value>
         <object_component_ref idref="oc-363"/>
      </symbol>
      <symbol id="sm-7c6">
         <name>frexp</name>
         <value>0x3f29</value>
         <object_component_ref idref="oc-363"/>
      </symbol>
      <symbol id="sm-7e3">
         <name>scalbn</name>
         <value>0x3611</value>
         <object_component_ref idref="oc-369"/>
      </symbol>
      <symbol id="sm-7e4">
         <name>scalbnl</name>
         <value>0x3611</value>
         <object_component_ref idref="oc-369"/>
      </symbol>
      <symbol id="sm-7e5">
         <name>ldexpl</name>
         <value>0x3611</value>
         <object_component_ref idref="oc-369"/>
      </symbol>
      <symbol id="sm-7e6">
         <name>ldexp</name>
         <value>0x3611</value>
         <object_component_ref idref="oc-369"/>
      </symbol>
      <symbol id="sm-7ff">
         <name>wcslen</name>
         <value>0x44ed</value>
         <object_component_ref idref="oc-2b8"/>
      </symbol>
      <symbol id="sm-809">
         <name>__aeabi_idiv0</name>
         <value>0x2d87</value>
         <object_component_ref idref="oc-3b5"/>
      </symbol>
      <symbol id="sm-80a">
         <name>__aeabi_ldiv0</name>
         <value>0x2d87</value>
         <object_component_ref idref="oc-3b5"/>
      </symbol>
      <symbol id="sm-814">
         <name>copysign</name>
         <value>0x4435</value>
         <object_component_ref idref="oc-3c9"/>
      </symbol>
      <symbol id="sm-815">
         <name>copysignl</name>
         <value>0x4435</value>
         <object_component_ref idref="oc-3c9"/>
      </symbol>
      <symbol id="sm-83a">
         <name>IntRegister</name>
         <value>0x42f1</value>
         <object_component_ref idref="oc-171"/>
      </symbol>
      <symbol id="sm-83b">
         <name>g_pfnRAMVectors</name>
         <value>0x20000000</value>
         <object_component_ref idref="oc-236"/>
      </symbol>
      <symbol id="sm-83c">
         <name>IntMasterEnable</name>
         <value>0x44ff</value>
         <object_component_ref idref="oc-177"/>
      </symbol>
      <symbol id="sm-846">
         <name>CPUcpsie</name>
         <value>0x452d</value>
         <object_component_ref idref="oc-240"/>
      </symbol>
      <symbol id="sm-847">
         <name>__TI_static_base__</name>
         <value>0x0</value>
      </symbol>
      <symbol id="sm-84a">
         <name>__mpu_init</name>
         <value>0x0</value>
      </symbol>
      <symbol id="sm-84b">
         <name>_system_post_cinit</name>
         <value>0x0</value>
      </symbol>
   </symbol_table>
   <title>Link successful</title>
</link_info>
