******************************************************************************
                  TI ARM Linker PC v20.2.1                     
******************************************************************************
>> Linked Tue Mar  9 18:16:53 2021

OUTPUT FILE NAME:   <Lab6.out>
ENTRY POINT SYMBOL: "_c_int00_noargs"  address: 00002e9d


MEMORY CONFIGURATION

         name            origin    length      used     unused   attr    fill
----------------------  --------  ---------  --------  --------  ----  --------
  FLASH                 00000000   00040000  000031d6  0003ce2a  R  X
  SRAM                  20000000   00008000  000022e2  00005d1e  RW X


SEGMENT ALLOCATION MAP

run origin  load origin   length   init length attrs members
----------  ----------- ---------- ----------- ----- -------
00000000    00000000    000031d8   000031d8    r-x
  00000000    00000000    0000026c   0000026c    r-- .intvecs
  0000026c    0000026c    00002e0c   00002e0c    r-x .text
  00003078    00003078    0000011e   0000011e    r-- .const
  00003198    00003198    00000040   00000040    r-- .cinit
20000000    20000000    000022e9   00000000    rw-
  20000000    20000000    0000026c   00000000    rw- .vtable
  20000270    20000270    00001000   00000000    rw- .stack
  20001270    20001270    00001000   00000000    rw- .sysmem
  20002270    20002270    00000069   00000000    rw- .bss
  200022dc    200022dc    0000000d   00000000    rw- .data


SECTION ALLOCATION MAP

 output                                  attributes/
section   page    origin      length       input sections
--------  ----  ----------  ----------   ----------------
.intvecs   0    00000000    0000026c     
                  00000000    0000026c     tm4c123gh6pm_startup_ccs.obj (.intvecs)

.text      0    0000026c    00002e0c     
                  0000026c    00000a4e     rtsv7M4_T_le_v4SPD16_eabi.lib : _printfi.c.obj (.text:__TI_printfi)
                  00000cba    00000002                                   : div0.asm.obj (.text)
                  00000cbc    000003d0     lcd.obj (.text)
                  0000108c    00000270     rtsv7M4_T_le_v4SPD16_eabi.lib : _printfi.c.obj (.text:_pconv_a)
                  000012fc    00000248     Timer.obj (.text)
                  00001544    000001ec     libcybotFindObjects.lib : ping.obj (.text)
                  00001730    000001d0     rtsv7M4_T_le_v4SPD16_eabi.lib : _printfi.c.obj (.text:_pconv_g)
                  00001900    000001c8     uart-interrupt.obj (.text)
                  00001ac8    000001b6     rtsv7M4_T_le_v4SPD16_eabi.lib : fd_add_t2.asm.obj (.text)
                  00001c7e    00000002     --HOLE-- [fill = 0]
                  00001c80    00000158     libcybotFindObjects.lib : cyBot_FindObjects.obj (.text)
                  00001dd8    0000013c     rtsv7M4_T_le_v4SPD16_eabi.lib : _printfi.c.obj (.text:_pconv_e)
                  00001f14    00000136                                   : fd_div_t2.asm.obj (.text)
                  0000204a    00000002     --HOLE-- [fill = 0]
                  0000204c    00000124                                   : _printfi.c.obj (.text:fcvt)
                  00002170    00000124     libcybotFindObjects.lib : servo.obj (.text)
                  00002294    00000118                             : ir.obj (.text)
                  000023ac    00000110     rtsv7M4_T_le_v4SPD16_eabi.lib : s_scalbn.c.obj (.text:scalbn)
                  000024bc    000000fc                                   : fd_mul_t2.asm.obj (.text)
                  000025b8    000000d0     lab6-interrupt_template.obj (.text)
                  00002688    000000b1     rtsv7M4_T_le_v4SPD16_eabi.lib : _printfi.c.obj (.text:_ltostr)
                  00002739    00000001     --HOLE-- [fill = 0]
                  0000273a    0000009c                                   : memcpy_t2.asm.obj (.text)
                  000027d6    00000096                                   : ull_div_t2.asm.obj (.text)
                  0000286c    00000086                                   : fd_cmp_t2.asm.obj (.text:__aeabi_cdcmple)
                  000028f2    00000086                                   : fd_cmp_t2.asm.obj (.text:__aeabi_cdrcmple)
                  00002978    0000007a                                   : memset_t2.asm.obj (.text)
                  000029f2    0000006e                                   : _printfi.c.obj (.text:_mcpy)
                  00002a60    0000006e                                   : fd_tos_t2.asm.obj (.text)
                  00002ace    00000068                                   : copy_decompress_lzss.c.obj (.text:decompress:lzss:__TI_decompress_lzss)
                  00002b36    00000002     --HOLE-- [fill = 0]
                  00002b38    00000064                                   : s_frexp.c.obj (.text:frexp)
                  00002b9c    00000056                                   : _printfi.c.obj (.text:_pconv_f)
                  00002bf2    00000054                                   : _ltoa.c.obj (.text:__TI_ltoa)
                  00002c46    00000052                                   : _printfi.c.obj (.text:_ecpy)
                  00002c98    0000004c                                   : atoi.c.obj (.text:atoi)
                  00002ce4    00000048                                   : fd_toi_t2.asm.obj (.text)
                  00002d2c    00000044                                   : autoinit.c.obj (.text:__TI_auto_init_nobinit_nopinit:__TI_auto_init_nobinit_nopinit)
                  00002d70    00000040                                   : sprintf.c.obj (.text:sprintf)
                  00002db0    00000040                                   : vsnprintf.c.obj (.text:vsnprintf)
                  00002df0    0000003e                                   : _printfi.c.obj (.text:_fcpy)
                  00002e2e    00000038                                   : fs_tod_t2.asm.obj (.text)
                  00002e66    00000002     --HOLE-- [fill = 0]
                  00002e68    00000034     driverlib.lib : interrupt.obj (.text:IntRegister)
                  00002e9c    00000034     rtsv7M4_T_le_v4SPD16_eabi.lib : boot_cortex_m.c.obj (.text:_c_int00_noargs:_c_int00_noargs)
                  00002ed0    00000030                                   : vsnprintf.c.obj (.text:_outs)
                  00002f00    0000002e                                   : i_tofd_t2.asm.obj (.text)
                  00002f2e    0000001c                                   : copy_zero_init.c.obj (.text:decompress:ZI:__TI_zero_init_nomemset:__TI_zero_init_nomemset)
                  00002f4a    0000001c                                   : memccpy.c.obj (.text:memccpy)
                  00002f66    0000001a                                   : s_copysign.c.obj (.text:copysign)
                  00002f80    00000018                                   : vsnprintf.c.obj (.text:_outc)
                  00002f98    00000018                                   : sprintf.c.obj (.text:_outs)
                  00002fb0    00000018                                   : strcmp.c.obj (.text:strcmp)
                  00002fc8    00000016                                   : strchr.c.obj (.text:strchr)
                  00002fde    00000014                                   : strcpy.c.obj (.text:strcpy)
                  00002ff2    00000014                                   : strlen.c.obj (.text:strlen)
                  00003006    00000012                                   : wcslen.c.obj (.text:wcslen)
                  00003018    00000010     driverlib.lib : interrupt.obj (.text:IntMasterEnable)
                  00003028    00000010     lcd.obj (.text:lcd_clear)
                  00003038    0000000e     rtsv7M4_T_le_v4SPD16_eabi.lib : copy_decompress_none.c.obj (.text:decompress:none:__TI_decompress_none)
                  00003046    0000000c     driverlib.lib : cpu.obj (.text:CPUcpsie)
                  00003052    0000000c     tm4c123gh6pm_startup_ccs.obj (.text)
                  0000305e    0000000a     rtsv7M4_T_le_v4SPD16_eabi.lib : sprintf.c.obj (.text:_outc)
                  00003068    00000008                                   : errno.c.obj (.text:__aeabi_errno_addr)
                  00003070    00000004                                   : pre_init.c.obj (.text:_system_pre_init)
                  00003074    00000004                                   : exit.c.obj (.text:abort:abort)

.const     0    00003078    0000011e     
                  00003078    00000101     rtsv7M4_T_le_v4SPD16_eabi.lib : ctype.c.obj (.const:.string:_ctypes_)
                  00003179    00000015     lcd.obj (.const:.string:$P$T0$4)
                  0000318e    00000004     lcd.obj (.const:.string:lineAddress$1)
                  00003192    00000004     lcd.obj (.const:.string:lineAddresses$2)

.cinit     0    00003198    00000040     
                  00003198    0000000c     (__TI_handler_table)
                  000031a4    0000000b     (.cinit..data.load) [load image, compression = lzss]
                  000031af    00000001     --HOLE-- [fill = 0]
                  000031b0    00000008     (.cinit..bss.load) [load image, compression = zero_init]
                  000031b8    00000008     (.cinit..vtable.load) [load image, compression = zero_init]
                  000031c0    00000018     (__TI_cinit_table)

.init_array 
*          0    00000000    00000000     UNINITIALIZED

.vtable    0    20000000    0000026c     UNINITIALIZED
                  20000000    0000026c     driverlib.lib : interrupt.obj (.vtable)

.stack     0    20000270    00001000     UNINITIALIZED
                  20000270    00000004     rtsv7M4_T_le_v4SPD16_eabi.lib : boot_cortex_m.c.obj (.stack)
                  20000274    00000ffc     --HOLE--

.sysmem    0    20001270    00001000     UNINITIALIZED
                  20001270    00000010     rtsv7M4_T_le_v4SPD16_eabi.lib : memory.c.obj (.sysmem)
                  20001280    00000ff0     --HOLE--

.bss       0    20002270    00000069     UNINITIALIZED
                  20002270    00000054     lcd.obj (.bss:lastbuffer$3)
                  200022c4    00000004     (.common:_timeout_ticks)
                  200022c8    00000004     (.common:fallingEdge)
                  200022cc    00000004     (.common:isr_int_value)
                  200022d0    00000004     (.common:pulseLength)
                  200022d4    00000004     (.common:risingEdge)
                  200022d8    00000001     (.common:isRisingEdge)

.data      0    200022dc    0000000d     UNINITIALIZED
                  200022dc    00000008     uart-interrupt.obj (.data)
                  200022e4    00000004     rtsv7M4_T_le_v4SPD16_eabi.lib : errno.c.obj (.data)
                  200022e8    00000001     Timer.obj (.data)

__llvm_prf_cnts 
*          0    20000000    00000000     UNINITIALIZED

MODULE SUMMARY

       Module                         code    ro data   rw data
       ------                         ----    -------   -------
    .\
       lcd.obj                        992     29        84     
       tm4c123gh6pm_startup_ccs.obj   12      620       0      
       Timer.obj                      584     0         5      
       uart-interrupt.obj             456     0         8      
       lab6-interrupt_template.obj    208     0         0      
    +--+------------------------------+-------+---------+---------+
       Total:                         2252    649       97     
                                                               
    ../libcybotFindObjects.lib
       ping.obj                       492     0         13     
       cyBot_FindObjects.obj          344     0         0      
       servo.obj                      292     0         0      
       ir.obj                         280     0         4      
    +--+------------------------------+-------+---------+---------+
       Total:                         1408    0         17     
                                                               
    C:/ti/TivaWare_C_Series-2.1.4.178/driverlib/ccs/Debug/driverlib.lib
       interrupt.obj                  68      0         620    
       cpu.obj                        12      0         0      
    +--+------------------------------+-------+---------+---------+
       Total:                         80      0         620    
                                                               
    C:\ti\ccs1010\ccs\tools\compiler\ti-cgt-arm_20.2.1.LTS\lib\rtsv7M4_T_le_v4SPD16_eabi.lib
       _printfi.c.obj                 4851    0         0      
       fd_add_t2.asm.obj              438     0         0      
       fd_div_t2.asm.obj              310     0         0      
       s_scalbn.c.obj                 272     0         0      
       fd_cmp_t2.asm.obj              268     0         0      
       ctype.c.obj                    0       257       0      
       fd_mul_t2.asm.obj              252     0         0      
       memcpy_t2.asm.obj              156     0         0      
       ull_div_t2.asm.obj             150     0         0      
       vsnprintf.c.obj                136     0         0      
       memset_t2.asm.obj              122     0         0      
       fd_tos_t2.asm.obj              110     0         0      
       copy_decompress_lzss.c.obj     104     0         0      
       s_frexp.c.obj                  100     0         0      
       sprintf.c.obj                  98      0         0      
       _ltoa.c.obj                    84      0         0      
       atoi.c.obj                     76      0         0      
       fd_toi_t2.asm.obj              72      0         0      
       autoinit.c.obj                 68      0         0      
       fs_tod_t2.asm.obj              56      0         0      
       boot_cortex_m.c.obj            52      0         0      
       i_tofd_t2.asm.obj              46      0         0      
       copy_zero_init.c.obj           28      0         0      
       memccpy.c.obj                  28      0         0      
       s_copysign.c.obj               26      0         0      
       strcmp.c.obj                   24      0         0      
       strchr.c.obj                   22      0         0      
       strcpy.c.obj                   20      0         0      
       strlen.c.obj                   20      0         0      
       wcslen.c.obj                   18      0         0      
       copy_decompress_none.c.obj     14      0         0      
       errno.c.obj                    8       0         4      
       exit.c.obj                     4       0         0      
       pre_init.c.obj                 4       0         0      
       div0.asm.obj                   2       0         0      
    +--+------------------------------+-------+---------+---------+
       Total:                         8039    257       4      
                                                               
       Heap:                          0       0         4096   
       Stack:                         0       0         4096   
       Linker Generated:              0       63        0      
    +--+------------------------------+-------+---------+---------+
       Grand Total:                   11779   969       8930   


LINKER GENERATED COPY TABLES

__TI_cinit_table @ 000031c0 records: 3, size/record: 8, table size: 24
	.data: load addr=000031a4, load size=0000000b bytes, run addr=200022dc, run size=0000000d bytes, compression=lzss
	.bss: load addr=000031b0, load size=00000008 bytes, run addr=20002270, run size=00000069 bytes, compression=zero_init
	.vtable: load addr=000031b8, load size=00000008 bytes, run addr=20000000, run size=0000026c bytes, compression=zero_init


LINKER GENERATED HANDLER TABLE

__TI_handler_table @ 00003198 records: 3, size/record: 4, table size: 12
	index: 0, handler: __TI_zero_init
	index: 1, handler: __TI_decompress_lzss
	index: 2, handler: __TI_decompress_none


GLOBAL SYMBOLS: SORTED ALPHABETICALLY BY Name 

address   name                          
-------   ----                          
0000232d  ADC0SS0_Handler               
00003075  C$$EXIT                       
00003047  CPUcpsie                      
00003019  IntMasterEnable               
00002e69  IntRegister                   
00003053  ResetISR                      
00001635  TIMER3B_Handler               
00001a23  UART1_Handler                 
20001270  __STACK_END                   
00001000  __STACK_SIZE                  
20000470  __STACK_TOP                   
00001000  __SYSMEM_SIZE                 
000031c0  __TI_CINIT_Base               
000031d8  __TI_CINIT_Limit              
00003198  __TI_Handler_Table_Base       
000031a4  __TI_Handler_Table_Limit      
00002d2d  __TI_auto_init_nobinit_nopinit
00002acf  __TI_decompress_lzss          
00003039  __TI_decompress_none          
00002bf3  __TI_ltoa                     
ffffffff  __TI_pprof_out_hndl           
0000026d  __TI_printfi                  
ffffffff  __TI_prof_data_size           
ffffffff  __TI_prof_data_start          
00000000  __TI_static_base__            
00002f2f  __TI_zero_init_nomemset       
0000286d  __aeabi_cdcmpeq               
0000286d  __aeabi_cdcmple               
000028f3  __aeabi_cdrcmple              
00002a61  __aeabi_d2f                   
00002ce5  __aeabi_d2iz                  
00001ad3  __aeabi_dadd                  
00001f15  __aeabi_ddiv                  
000024bd  __aeabi_dmul                  
00001ac9  __aeabi_dsub                  
00003069  __aeabi_errno_addr            
00002e2f  __aeabi_f2d                   
00002f01  __aeabi_i2d                   
00000cbb  __aeabi_idiv0                 
00000cbb  __aeabi_ldiv0                 
00002979  __aeabi_memclr                
00002979  __aeabi_memclr4               
00002979  __aeabi_memclr8               
0000273b  __aeabi_memcpy                
0000273b  __aeabi_memcpy4               
0000273b  __aeabi_memcpy8               
0000297b  __aeabi_memset                
0000297b  __aeabi_memset4               
0000297b  __aeabi_memset8               
000027d7  __aeabi_uldivmod              
ffffffff  __binit__                     
ffffffff  __c_args__                    
UNDEFED   __mpu_init                    
20000270  __stack                       
20000000  __start___llvm_prf_cnts       
20000000  __stop___llvm_prf_cnts        
00002e9d  _c_int00_noargs               
00003078  _ctypes_                      
200022e8  _running                      
20001270  _sys_memory                   
UNDEFED   _system_post_cinit            
00003071  _system_pre_init              
200022c4  _timeout_ticks                
00003075  abort                         
00002c99  atoi                          
ffffffff  binit                         
200022dc  command_byte                  
200022e0  command_flag                  
00002f67  copysign                      
00002f67  copysignl                     
00001d97  cyBOT_Scan                    
00001d87  cyBOT_init_Scan               
00001c81  cyBot_FindObjects             
200022e4  errno                         
200022c8  fallingEdge                   
00002b39  frexp                         
00002b39  frexpl                        
20000000  g_pfnRAMVectors               
00000000  g_pfnVectors                  
00002343  ir_enableInterrupt            
00002325  ir_getDistance                
000022fd  ir_getValue                   
00002295  ir_init                       
200022d8  isRisingEdge                  
200022cc  isr_int_value                 
00003029  lcd_clear                     
00000e91  lcd_gotoLine                  
00000cf9  lcd_init                      
00000ef7  lcd_printf                    
00000db9  lcd_putc                      
00000df1  lcd_puts                      
00000cbd  lcd_reverseNibble             
00001029  lcd_rotateLeft                
00000fbb  lcd_rotatingBanner            
00000e0f  lcd_sendCommand               
00000e4d  lcd_sendNibble                
00000eb9  lcd_setCursorPos              
000023ad  ldexp                         
000023ad  ldexpl                        
000025b9  main                          
00002f4b  memccpy                       
0000273b  memcpy                        
00002981  memset                        
00001687  ping_getDistance              
00001545  ping_init                     
000015cb  ping_trigger                  
200022d0  pulseLength                   
200022d4  risingEdge                    
000023ad  scalbn                        
000023ad  scalbnl                       
00002171  servo_init                    
000021f5  servo_move                    
0000223f  servo_setPWM                  
000021e9  servo_stop                    
00002d71  sprintf                       
00002fc9  strchr                        
00002fb1  strcmp                        
00002fdf  strcpy                        
00002ff3  strlen                        
0000141b  timer_getMicros               
000013c3  timer_getMillis               
000012fd  timer_init                    
0000139f  timer_pause                   
000013b1  timer_resume                  
00001375  timer_stop                    
00001475  timer_waitMicros              
000014a7  timer_waitMillis              
00001901  uart_interrupt_init           
000019db  uart_receive                  
000019bf  uart_sendChar                 
000019fb  uart_sendStr                  
00002db1  vsnprintf                     
00003007  wcslen                        


GLOBAL SYMBOLS: SORTED BY Symbol Address 

address   name                          
-------   ----                          
00000000  __TI_static_base__            
00000000  g_pfnVectors                  
0000026d  __TI_printfi                  
00000cbb  __aeabi_idiv0                 
00000cbb  __aeabi_ldiv0                 
00000cbd  lcd_reverseNibble             
00000cf9  lcd_init                      
00000db9  lcd_putc                      
00000df1  lcd_puts                      
00000e0f  lcd_sendCommand               
00000e4d  lcd_sendNibble                
00000e91  lcd_gotoLine                  
00000eb9  lcd_setCursorPos              
00000ef7  lcd_printf                    
00000fbb  lcd_rotatingBanner            
00001000  __STACK_SIZE                  
00001000  __SYSMEM_SIZE                 
00001029  lcd_rotateLeft                
000012fd  timer_init                    
00001375  timer_stop                    
0000139f  timer_pause                   
000013b1  timer_resume                  
000013c3  timer_getMillis               
0000141b  timer_getMicros               
00001475  timer_waitMicros              
000014a7  timer_waitMillis              
00001545  ping_init                     
000015cb  ping_trigger                  
00001635  TIMER3B_Handler               
00001687  ping_getDistance              
00001901  uart_interrupt_init           
000019bf  uart_sendChar                 
000019db  uart_receive                  
000019fb  uart_sendStr                  
00001a23  UART1_Handler                 
00001ac9  __aeabi_dsub                  
00001ad3  __aeabi_dadd                  
00001c81  cyBot_FindObjects             
00001d87  cyBOT_init_Scan               
00001d97  cyBOT_Scan                    
00001f15  __aeabi_ddiv                  
00002171  servo_init                    
000021e9  servo_stop                    
000021f5  servo_move                    
0000223f  servo_setPWM                  
00002295  ir_init                       
000022fd  ir_getValue                   
00002325  ir_getDistance                
0000232d  ADC0SS0_Handler               
00002343  ir_enableInterrupt            
000023ad  ldexp                         
000023ad  ldexpl                        
000023ad  scalbn                        
000023ad  scalbnl                       
000024bd  __aeabi_dmul                  
000025b9  main                          
0000273b  __aeabi_memcpy                
0000273b  __aeabi_memcpy4               
0000273b  __aeabi_memcpy8               
0000273b  memcpy                        
000027d7  __aeabi_uldivmod              
0000286d  __aeabi_cdcmpeq               
0000286d  __aeabi_cdcmple               
000028f3  __aeabi_cdrcmple              
00002979  __aeabi_memclr                
00002979  __aeabi_memclr4               
00002979  __aeabi_memclr8               
0000297b  __aeabi_memset                
0000297b  __aeabi_memset4               
0000297b  __aeabi_memset8               
00002981  memset                        
00002a61  __aeabi_d2f                   
00002acf  __TI_decompress_lzss          
00002b39  frexp                         
00002b39  frexpl                        
00002bf3  __TI_ltoa                     
00002c99  atoi                          
00002ce5  __aeabi_d2iz                  
00002d2d  __TI_auto_init_nobinit_nopinit
00002d71  sprintf                       
00002db1  vsnprintf                     
00002e2f  __aeabi_f2d                   
00002e69  IntRegister                   
00002e9d  _c_int00_noargs               
00002f01  __aeabi_i2d                   
00002f2f  __TI_zero_init_nomemset       
00002f4b  memccpy                       
00002f67  copysign                      
00002f67  copysignl                     
00002fb1  strcmp                        
00002fc9  strchr                        
00002fdf  strcpy                        
00002ff3  strlen                        
00003007  wcslen                        
00003019  IntMasterEnable               
00003029  lcd_clear                     
00003039  __TI_decompress_none          
00003047  CPUcpsie                      
00003053  ResetISR                      
00003069  __aeabi_errno_addr            
00003071  _system_pre_init              
00003075  C$$EXIT                       
00003075  abort                         
00003078  _ctypes_                      
00003198  __TI_Handler_Table_Base       
000031a4  __TI_Handler_Table_Limit      
000031c0  __TI_CINIT_Base               
000031d8  __TI_CINIT_Limit              
20000000  __start___llvm_prf_cnts       
20000000  __stop___llvm_prf_cnts        
20000000  g_pfnRAMVectors               
20000270  __stack                       
20000470  __STACK_TOP                   
20001270  __STACK_END                   
20001270  _sys_memory                   
200022c4  _timeout_ticks                
200022c8  fallingEdge                   
200022cc  isr_int_value                 
200022d0  pulseLength                   
200022d4  risingEdge                    
200022d8  isRisingEdge                  
200022dc  command_byte                  
200022e0  command_flag                  
200022e4  errno                         
200022e8  _running                      
ffffffff  __TI_pprof_out_hndl           
ffffffff  __TI_prof_data_size           
ffffffff  __TI_prof_data_start          
ffffffff  __binit__                     
ffffffff  __c_args__                    
ffffffff  binit                         
UNDEFED   __mpu_init                    
UNDEFED   _system_post_cinit            

[133 symbols]
