******************************************************************************
                  TI ARM Linker PC v20.2.1                     
******************************************************************************
>> Linked Wed Mar 24 18:19:51 2021

OUTPUT FILE NAME:   <Lab8.out>
ENTRY POINT SYMBOL: "_c_int00_noargs"  address: 000029ad


MEMORY CONFIGURATION

         name            origin    length      used     unused   attr    fill
----------------------  --------  ---------  --------  --------  ----  --------
  FLASH                 00000000   00040000  00002d12  0003d2ee  R  X
  SRAM                  20000000   00008000  000012ed  00006d13  RW X


SEGMENT ALLOCATION MAP

run origin  load origin   length   init length attrs members
----------  ----------- ---------- ----------- ----- -------
00000000    00000000    00002d18   00002d18    r-x
  00000000    00000000    0000026c   0000026c    r-- .intvecs
  0000026c    0000026c    00002938   00002938    r-x .text
  00002ba4    00002ba4    0000011e   0000011e    r-- .const
  00002cc8    00002cc8    00000050   00000050    r-- .cinit
20000000    20000000    000012f5   00000000    rw-
  20000000    20000000    0000026c   00000000    rw- .vtable
  20000270    20000270    00001000   00000000    rw- .stack
  20001270    20001270    0000005c   00000000    rw- .bss
  200012d0    200012d0    00000025   00000000    rw- .data


SECTION ALLOCATION MAP

 output                                  attributes/
section   page    origin      length       input sections
--------  ----  ----------  ----------   ----------------
.intvecs   0    00000000    0000026c     
                  00000000    0000026c     tm4c123gh6pm_startup_ccs.obj (.intvecs)

.text      0    0000026c    00002938     
                  0000026c    00000a4e     rtsv7M4_T_le_v4SPD16_eabi.lib : _printfi.c.obj (.text:__TI_printfi)
                  00000cba    00000002                                   : div0.asm.obj (.text)
                  00000cbc    000003d0     lcd.obj (.text)
                  0000108c    00000328     ping.obj (.text)
                  000013b4    00000270     rtsv7M4_T_le_v4SPD16_eabi.lib : _printfi.c.obj (.text:_pconv_a)
                  00001624    00000248     Timer.obj (.text)
                  0000186c    000001d0     rtsv7M4_T_le_v4SPD16_eabi.lib : _printfi.c.obj (.text:_pconv_g)
                  00001a3c    000001b6                                   : fd_add_t2.asm.obj (.text)
                  00001bf2    00000002     --HOLE-- [fill = 0]
                  00001bf4    0000013c                                   : _printfi.c.obj (.text:_pconv_e)
                  00001d30    00000136                                   : fd_div_t2.asm.obj (.text)
                  00001e66    00000002     --HOLE-- [fill = 0]
                  00001e68    00000124                                   : _printfi.c.obj (.text:fcvt)
                  00001f8c    00000110                                   : s_scalbn.c.obj (.text:scalbn)
                  0000209c    000000fc                                   : fd_mul_t2.asm.obj (.text)
                  00002198    000000b1                                   : _printfi.c.obj (.text:_ltostr)
                  00002249    00000001     --HOLE-- [fill = 0]
                  0000224a    0000009c                                   : memcpy_t2.asm.obj (.text)
                  000022e6    00000096                                   : ull_div_t2.asm.obj (.text)
                  0000237c    00000086                                   : fd_cmp_t2.asm.obj (.text:__aeabi_cdcmple)
                  00002402    00000086                                   : fd_cmp_t2.asm.obj (.text:__aeabi_cdrcmple)
                  00002488    0000007a                                   : memset_t2.asm.obj (.text)
                  00002502    0000006e                                   : _printfi.c.obj (.text:_mcpy)
                  00002570    0000006e                                   : fd_tos_t2.asm.obj (.text)
                  000025de    00000068                                   : copy_decompress_lzss.c.obj (.text:decompress:lzss:__TI_decompress_lzss)
                  00002646    00000002     --HOLE-- [fill = 0]
                  00002648    00000064                                   : s_frexp.c.obj (.text:frexp)
                  000026ac    00000056                                   : _printfi.c.obj (.text:_pconv_f)
                  00002702    00000054                                   : _ltoa.c.obj (.text:__TI_ltoa)
                  00002756    00000052                                   : _printfi.c.obj (.text:_ecpy)
                  000027a8    0000004c                                   : atoi.c.obj (.text:atoi)
                  000027f4    00000048                                   : fd_toi_t2.asm.obj (.text)
                  0000283c    00000044                                   : autoinit.c.obj (.text:__TI_auto_init_nobinit_nopinit:__TI_auto_init_nobinit_nopinit)
                  00002880    00000040                                   : sprintf.c.obj (.text:sprintf)
                  000028c0    00000040                                   : vsnprintf.c.obj (.text:vsnprintf)
                  00002900    0000003e                                   : _printfi.c.obj (.text:_fcpy)
                  0000293e    00000038                                   : fs_tod_t2.asm.obj (.text)
                  00002976    00000002     --HOLE-- [fill = 0]
                  00002978    00000034     driverlib.lib : interrupt.obj (.text:IntRegister)
                  000029ac    00000034     rtsv7M4_T_le_v4SPD16_eabi.lib : boot_cortex_m.c.obj (.text:_c_int00_noargs:_c_int00_noargs)
                  000029e0    00000030                                   : vsnprintf.c.obj (.text:_outs)
                  00002a10    0000002e                                   : i_tofd_t2.asm.obj (.text)
                  00002a3e    0000001c                                   : copy_zero_init.c.obj (.text:decompress:ZI:__TI_zero_init_nomemset:__TI_zero_init_nomemset)
                  00002a5a    0000001c     lab8_template.obj (.text)
                  00002a76    0000001c     rtsv7M4_T_le_v4SPD16_eabi.lib : memccpy.c.obj (.text:memccpy)
                  00002a92    0000001a                                   : s_copysign.c.obj (.text:copysign)
                  00002aac    00000018                                   : vsnprintf.c.obj (.text:_outc)
                  00002ac4    00000018                                   : sprintf.c.obj (.text:_outs)
                  00002adc    00000018                                   : strcmp.c.obj (.text:strcmp)
                  00002af4    00000016                                   : strchr.c.obj (.text:strchr)
                  00002b0a    00000014                                   : strcpy.c.obj (.text:strcpy)
                  00002b1e    00000014                                   : strlen.c.obj (.text:strlen)
                  00002b32    00000012                                   : wcslen.c.obj (.text:wcslen)
                  00002b44    00000010     driverlib.lib : interrupt.obj (.text:IntMasterEnable)
                  00002b54    00000010     lcd.obj (.text:lcd_clear)
                  00002b64    0000000e     rtsv7M4_T_le_v4SPD16_eabi.lib : copy_decompress_none.c.obj (.text:decompress:none:__TI_decompress_none)
                  00002b72    0000000c     driverlib.lib : cpu.obj (.text:CPUcpsie)
                  00002b7e    0000000c     tm4c123gh6pm_startup_ccs.obj (.text)
                  00002b8a    0000000a     rtsv7M4_T_le_v4SPD16_eabi.lib : sprintf.c.obj (.text:_outc)
                  00002b94    00000008                                   : errno.c.obj (.text:__aeabi_errno_addr)
                  00002b9c    00000004                                   : pre_init.c.obj (.text:_system_pre_init)
                  00002ba0    00000004                                   : exit.c.obj (.text:abort:abort)

.const     0    00002ba4    0000011e     
                  00002ba4    00000101     rtsv7M4_T_le_v4SPD16_eabi.lib : ctype.c.obj (.const:.string:_ctypes_)
                  00002ca5    00000015     lcd.obj (.const:.string:$P$T0$4)
                  00002cba    00000004     lcd.obj (.const:.string:lineAddress$1)
                  00002cbe    00000004     lcd.obj (.const:.string:lineAddresses$2)

.cinit     0    00002cc8    00000050     
                  00002cc8    00000018     (.cinit..data.load) [load image, compression = lzss]
                  00002ce0    0000000c     (__TI_handler_table)
                  00002cec    00000004     --HOLE-- [fill = 0]
                  00002cf0    00000008     (.cinit..bss.load) [load image, compression = zero_init]
                  00002cf8    00000008     (.cinit..vtable.load) [load image, compression = zero_init]
                  00002d00    00000018     (__TI_cinit_table)

.init_array 
*          0    00000000    00000000     UNINITIALIZED

.vtable    0    20000000    0000026c     UNINITIALIZED
                  20000000    0000026c     driverlib.lib : interrupt.obj (.vtable)

.bss       0    20001270    0000005c     UNINITIALIZED
                  20001270    00000054     lcd.obj (.bss:lastbuffer$3)
                  200012c4    00000004     (.common:_timeout_ticks)
                  200012c8    00000004     (.common:risingEdge)

.data      0    200012d0    00000025     UNINITIALIZED
                  200012d0    00000020     ping.obj (.data)
                  200012f0    00000004     rtsv7M4_T_le_v4SPD16_eabi.lib : errno.c.obj (.data)
                  200012f4    00000001     Timer.obj (.data)

.stack     0    20000270    00001000     UNINITIALIZED
                  20000270    00000004     rtsv7M4_T_le_v4SPD16_eabi.lib : boot_cortex_m.c.obj (.stack)
                  20000274    00000ffc     --HOLE--

__llvm_prf_cnts 
*          0    20000000    00000000     UNINITIALIZED

MODULE SUMMARY

       Module                         code    ro data   rw data
       ------                         ----    -------   -------
    .\
       lcd.obj                        992     29        84     
       ping.obj                       808     0         36     
       tm4c123gh6pm_startup_ccs.obj   12      620       0      
       Timer.obj                      584     0         5      
       lab8_template.obj              28      0         0      
    +--+------------------------------+-------+---------+---------+
       Total:                         2424    649       125    
                                                               
    C:/ti/TivaWare_C_Series-2.1.4.178/driverlib/ccs/Debug/driverlib.lib
       interrupt.obj                  68      0         620    
       cpu.obj                        12      0         0      
    +--+------------------------------+-------+---------+---------+
       Total:                         80      0         620    
                                                               
    C:\ti\ccs1010\ccs\tools\compiler\ti-cgt-arm_20.2.1.LTS\lib\rtsv7M4_T_le_v4SPD16_eabi.lib
       _printfi.c.obj                 4851    0         0      
       fd_add_t2.asm.obj              438     0         0      
       fd_div_t2.asm.obj              310     0         0      
       s_scalbn.c.obj                 272     0         0      
       fd_cmp_t2.asm.obj              268     0         0      
       ctype.c.obj                    0       257       0      
       fd_mul_t2.asm.obj              252     0         0      
       memcpy_t2.asm.obj              156     0         0      
       ull_div_t2.asm.obj             150     0         0      
       vsnprintf.c.obj                136     0         0      
       memset_t2.asm.obj              122     0         0      
       fd_tos_t2.asm.obj              110     0         0      
       copy_decompress_lzss.c.obj     104     0         0      
       s_frexp.c.obj                  100     0         0      
       sprintf.c.obj                  98      0         0      
       _ltoa.c.obj                    84      0         0      
       atoi.c.obj                     76      0         0      
       fd_toi_t2.asm.obj              72      0         0      
       autoinit.c.obj                 68      0         0      
       fs_tod_t2.asm.obj              56      0         0      
       boot_cortex_m.c.obj            52      0         0      
       i_tofd_t2.asm.obj              46      0         0      
       copy_zero_init.c.obj           28      0         0      
       memccpy.c.obj                  28      0         0      
       s_copysign.c.obj               26      0         0      
       strcmp.c.obj                   24      0         0      
       strchr.c.obj                   22      0         0      
       strcpy.c.obj                   20      0         0      
       strlen.c.obj                   20      0         0      
       wcslen.c.obj                   18      0         0      
       copy_decompress_none.c.obj     14      0         0      
       errno.c.obj                    8       0         4      
       exit.c.obj                     4       0         0      
       pre_init.c.obj                 4       0         0      
       div0.asm.obj                   2       0         0      
    +--+------------------------------+-------+---------+---------+
       Total:                         8039    257       4      
                                                               
       Stack:                         0       0         4096   
       Linker Generated:              0       76        0      
    +--+------------------------------+-------+---------+---------+
       Grand Total:                   10543   982       4845   


LINKER GENERATED COPY TABLES

__TI_cinit_table @ 00002d00 records: 3, size/record: 8, table size: 24
	.data: load addr=00002cc8, load size=00000018 bytes, run addr=200012d0, run size=00000025 bytes, compression=lzss
	.bss: load addr=00002cf0, load size=00000008 bytes, run addr=20001270, run size=0000005c bytes, compression=zero_init
	.vtable: load addr=00002cf8, load size=00000008 bytes, run addr=20000000, run size=0000026c bytes, compression=zero_init


LINKER GENERATED HANDLER TABLE

__TI_handler_table @ 00002ce0 records: 3, size/record: 4, table size: 12
	index: 0, handler: __TI_zero_init
	index: 1, handler: __TI_decompress_lzss
	index: 2, handler: __TI_decompress_none


GLOBAL SYMBOLS: SORTED ALPHABETICALLY BY Name 

address   name                          
-------   ----                          
00002ba1  C$$EXIT                       
00002b73  CPUcpsie                      
200012d4  END_TIME                      
00002b45  IntMasterEnable               
00002979  IntRegister                   
00002b7f  ResetISR                      
200012d0  START_TIME                    
200012d8  STATE                         
000011d1  TIMER3B_Handler               
20001270  __STACK_END                   
00001000  __STACK_SIZE                  
20000470  __STACK_TOP                   
00002d00  __TI_CINIT_Base               
00002d18  __TI_CINIT_Limit              
00002ce0  __TI_Handler_Table_Base       
00002cec  __TI_Handler_Table_Limit      
0000283d  __TI_auto_init_nobinit_nopinit
000025df  __TI_decompress_lzss          
00002b65  __TI_decompress_none          
00002703  __TI_ltoa                     
ffffffff  __TI_pprof_out_hndl           
0000026d  __TI_printfi                  
ffffffff  __TI_prof_data_size           
ffffffff  __TI_prof_data_start          
00000000  __TI_static_base__            
00002a3f  __TI_zero_init_nomemset       
0000237d  __aeabi_cdcmpeq               
0000237d  __aeabi_cdcmple               
00002403  __aeabi_cdrcmple              
00002571  __aeabi_d2f                   
000027f5  __aeabi_d2iz                  
00001a47  __aeabi_dadd                  
00001d31  __aeabi_ddiv                  
0000209d  __aeabi_dmul                  
00001a3d  __aeabi_dsub                  
00002b95  __aeabi_errno_addr            
0000293f  __aeabi_f2d                   
00002a11  __aeabi_i2d                   
00000cbb  __aeabi_idiv0                 
00000cbb  __aeabi_ldiv0                 
00002489  __aeabi_memclr                
00002489  __aeabi_memclr4               
00002489  __aeabi_memclr8               
0000224b  __aeabi_memcpy                
0000224b  __aeabi_memcpy4               
0000224b  __aeabi_memcpy8               
0000248b  __aeabi_memset                
0000248b  __aeabi_memset4               
0000248b  __aeabi_memset8               
000022e7  __aeabi_uldivmod              
ffffffff  __binit__                     
ffffffff  __c_args__                    
UNDEFED   __mpu_init                    
20000270  __stack                       
20000000  __start___llvm_prf_cnts       
20000000  __stop___llvm_prf_cnts        
000029ad  _c_int00_noargs               
00002ba4  _ctypes_                      
200012f4  _running                      
UNDEFED   _system_post_cinit            
00002b9d  _system_pre_init              
200012c4  _timeout_ticks                
00002ba1  abort                         
000027a9  atoi                          
ffffffff  binit                         
200012e8  clkStp                        
00002a93  copysign                      
00002a93  copysignl                     
200012f0  errno                         
200012dc  fallingEdge                   
00002649  frexp                         
00002649  frexpl                        
20000000  g_pfnRAMVectors               
00000000  g_pfnVectors                  
00002b55  lcd_clear                     
00000e91  lcd_gotoLine                  
00000cf9  lcd_init                      
00000ef7  lcd_printf                    
00000db9  lcd_putc                      
00000df1  lcd_puts                      
00000cbd  lcd_reverseNibble             
00001029  lcd_rotateLeft                
00000fbb  lcd_rotatingBanner            
00000e0f  lcd_sendCommand               
00000e4d  lcd_sendNibble                
00000eb9  lcd_setCursorPos              
00001f8d  ldexp                         
00001f8d  ldexpl                        
00002a5b  main                          
00002a77  memccpy                       
0000224b  memcpy                        
00002491  memset                        
200012e0  overflowCount                 
00001207  ping_getDistance              
0000108d  ping_init                     
00001149  ping_trigger                  
200012c8  risingEdge                    
00001f8d  scalbn                        
00001f8d  scalbnl                       
00002881  sprintf                       
00002af5  strchr                        
00002add  strcmp                        
00002b0b  strcpy                        
00002b1f  strlen                        
00001743  timer_getMicros               
000016eb  timer_getMillis               
00001625  timer_init                    
000016c7  timer_pause                   
000016d9  timer_resume                  
0000169d  timer_stop                    
0000179d  timer_waitMicros              
000017cf  timer_waitMillis              
000028c1  vsnprintf                     
00002b33  wcslen                        


GLOBAL SYMBOLS: SORTED BY Symbol Address 

address   name                          
-------   ----                          
00000000  __TI_static_base__            
00000000  g_pfnVectors                  
0000026d  __TI_printfi                  
00000cbb  __aeabi_idiv0                 
00000cbb  __aeabi_ldiv0                 
00000cbd  lcd_reverseNibble             
00000cf9  lcd_init                      
00000db9  lcd_putc                      
00000df1  lcd_puts                      
00000e0f  lcd_sendCommand               
00000e4d  lcd_sendNibble                
00000e91  lcd_gotoLine                  
00000eb9  lcd_setCursorPos              
00000ef7  lcd_printf                    
00000fbb  lcd_rotatingBanner            
00001000  __STACK_SIZE                  
00001029  lcd_rotateLeft                
0000108d  ping_init                     
00001149  ping_trigger                  
000011d1  TIMER3B_Handler               
00001207  ping_getDistance              
00001625  timer_init                    
0000169d  timer_stop                    
000016c7  timer_pause                   
000016d9  timer_resume                  
000016eb  timer_getMillis               
00001743  timer_getMicros               
0000179d  timer_waitMicros              
000017cf  timer_waitMillis              
00001a3d  __aeabi_dsub                  
00001a47  __aeabi_dadd                  
00001d31  __aeabi_ddiv                  
00001f8d  ldexp                         
00001f8d  ldexpl                        
00001f8d  scalbn                        
00001f8d  scalbnl                       
0000209d  __aeabi_dmul                  
0000224b  __aeabi_memcpy                
0000224b  __aeabi_memcpy4               
0000224b  __aeabi_memcpy8               
0000224b  memcpy                        
000022e7  __aeabi_uldivmod              
0000237d  __aeabi_cdcmpeq               
0000237d  __aeabi_cdcmple               
00002403  __aeabi_cdrcmple              
00002489  __aeabi_memclr                
00002489  __aeabi_memclr4               
00002489  __aeabi_memclr8               
0000248b  __aeabi_memset                
0000248b  __aeabi_memset4               
0000248b  __aeabi_memset8               
00002491  memset                        
00002571  __aeabi_d2f                   
000025df  __TI_decompress_lzss          
00002649  frexp                         
00002649  frexpl                        
00002703  __TI_ltoa                     
000027a9  atoi                          
000027f5  __aeabi_d2iz                  
0000283d  __TI_auto_init_nobinit_nopinit
00002881  sprintf                       
000028c1  vsnprintf                     
0000293f  __aeabi_f2d                   
00002979  IntRegister                   
000029ad  _c_int00_noargs               
00002a11  __aeabi_i2d                   
00002a3f  __TI_zero_init_nomemset       
00002a5b  main                          
00002a77  memccpy                       
00002a93  copysign                      
00002a93  copysignl                     
00002add  strcmp                        
00002af5  strchr                        
00002b0b  strcpy                        
00002b1f  strlen                        
00002b33  wcslen                        
00002b45  IntMasterEnable               
00002b55  lcd_clear                     
00002b65  __TI_decompress_none          
00002b73  CPUcpsie                      
00002b7f  ResetISR                      
00002b95  __aeabi_errno_addr            
00002b9d  _system_pre_init              
00002ba1  C$$EXIT                       
00002ba1  abort                         
00002ba4  _ctypes_                      
00002ce0  __TI_Handler_Table_Base       
00002cec  __TI_Handler_Table_Limit      
00002d00  __TI_CINIT_Base               
00002d18  __TI_CINIT_Limit              
20000000  __start___llvm_prf_cnts       
20000000  __stop___llvm_prf_cnts        
20000000  g_pfnRAMVectors               
20000270  __stack                       
20000470  __STACK_TOP                   
20001270  __STACK_END                   
200012c4  _timeout_ticks                
200012c8  risingEdge                    
200012d0  START_TIME                    
200012d4  END_TIME                      
200012d8  STATE                         
200012dc  fallingEdge                   
200012e0  overflowCount                 
200012e8  clkStp                        
200012f0  errno                         
200012f4  _running                      
ffffffff  __TI_pprof_out_hndl           
ffffffff  __TI_prof_data_size           
ffffffff  __TI_prof_data_start          
ffffffff  __binit__                     
ffffffff  __c_args__                    
ffffffff  binit                         
UNDEFED   __mpu_init                    
UNDEFED   _system_post_cinit            

[114 symbols]
