******************************************************************************
                  TI ARM Linker PC v20.2.1                     
******************************************************************************
>> Linked Thu Apr  8 17:44:57 2021

OUTPUT FILE NAME:   <Lab9.out>
ENTRY POINT SYMBOL: "_c_int00_noargs"  address: 00002745


MEMORY CONFIGURATION

         name            origin    length      used     unused   attr    fill
----------------------  --------  ---------  --------  --------  ----  --------
  FLASH                 00000000   00040000  00002a62  0003d59e  R  X
  SRAM                  20000000   00008000  000012c9  00006d37  RW X


SEGMENT ALLOCATION MAP

run origin  load origin   length   init length attrs members
----------  ----------- ---------- ----------- ----- -------
00000000    00000000    00002a68   00002a68    r-x
  00000000    00000000    0000026c   0000026c    r-- .intvecs
  0000026c    0000026c    00002698   00002698    r-x .text
  00002904    00002904    0000011e   0000011e    r-- .const
  00002a28    00002a28    00000040   00000040    r-- .cinit
20000000    20000000    000012cd   00000000    rw-
  20000000    20000000    0000026c   00000000    rw- .vtable
  20000270    20000270    00001000   00000000    rw- .stack
  20001270    20001270    00000058   00000000    rw- .bss
  200012c8    200012c8    00000005   00000000    rw- .data


SECTION ALLOCATION MAP

 output                                  attributes/
section   page    origin      length       input sections
--------  ----  ----------  ----------   ----------------
.intvecs   0    00000000    0000026c     
                  00000000    0000026c     tm4c123gh6pm_startup_ccs.obj (.intvecs)

.text      0    0000026c    00002698     
                  0000026c    00000a4e     rtsv7M4_T_le_v4SPD16_eabi.lib : _printfi.c.obj (.text:__TI_printfi)
                  00000cba    00000002                                   : div0.asm.obj (.text)
                  00000cbc    000003d0     lcd.obj (.text)
                  0000108c    00000270     rtsv7M4_T_le_v4SPD16_eabi.lib : _printfi.c.obj (.text:_pconv_a)
                  000012fc    00000248     Timer.obj (.text)
                  00001544    000001d0     rtsv7M4_T_le_v4SPD16_eabi.lib : _printfi.c.obj (.text:_pconv_g)
                  00001714    000001b6                                   : fd_add_t2.asm.obj (.text)
                  000018ca    00000002     --HOLE-- [fill = 0]
                  000018cc    0000013c                                   : _printfi.c.obj (.text:_pconv_e)
                  00001a08    00000136                                   : fd_div_t2.asm.obj (.text)
                  00001b3e    00000002     --HOLE-- [fill = 0]
                  00001b40    00000124                                   : _printfi.c.obj (.text:fcvt)
                  00001c64    00000110                                   : s_scalbn.c.obj (.text:scalbn)
                  00001d74    000000fc                                   : fd_mul_t2.asm.obj (.text)
                  00001e70    000000fc     servo.obj (.text)
                  00001f6c    000000b1     rtsv7M4_T_le_v4SPD16_eabi.lib : _printfi.c.obj (.text:_ltostr)
                  0000201d    00000001     --HOLE-- [fill = 0]
                  0000201e    0000009c                                   : memcpy_t2.asm.obj (.text)
                  000020ba    00000096                                   : ull_div_t2.asm.obj (.text)
                  00002150    00000086                                   : fd_cmp_t2.asm.obj (.text:__aeabi_cdcmple)
                  000021d6    00000086                                   : fd_cmp_t2.asm.obj (.text:__aeabi_cdrcmple)
                  0000225c    0000007a                                   : memset_t2.asm.obj (.text)
                  000022d6    0000006e                                   : _printfi.c.obj (.text:_mcpy)
                  00002344    0000006c     lab8_template.obj (.text)
                  000023b0    00000068     rtsv7M4_T_le_v4SPD16_eabi.lib : copy_decompress_lzss.c.obj (.text:decompress:lzss:__TI_decompress_lzss)
                  00002418    00000064                                   : s_frexp.c.obj (.text:frexp)
                  0000247c    00000056                                   : _printfi.c.obj (.text:_pconv_f)
                  000024d2    00000054                                   : _ltoa.c.obj (.text:__TI_ltoa)
                  00002526    00000052                                   : _printfi.c.obj (.text:_ecpy)
                  00002578    0000004c                                   : atoi.c.obj (.text:atoi)
                  000025c4    00000048                                   : fd_toi_t2.asm.obj (.text)
                  0000260c    00000044                                   : autoinit.c.obj (.text:__TI_auto_init_nobinit_nopinit:__TI_auto_init_nobinit_nopinit)
                  00002650    00000040                                   : sprintf.c.obj (.text:sprintf)
                  00002690    00000040                                   : vsnprintf.c.obj (.text:vsnprintf)
                  000026d0    0000003e                                   : _printfi.c.obj (.text:_fcpy)
                  0000270e    00000002     --HOLE-- [fill = 0]
                  00002710    00000034     driverlib.lib : interrupt.obj (.text:IntRegister)
                  00002744    00000034     rtsv7M4_T_le_v4SPD16_eabi.lib : boot_cortex_m.c.obj (.text:_c_int00_noargs:_c_int00_noargs)
                  00002778    00000030                                   : vsnprintf.c.obj (.text:_outs)
                  000027a8    0000002e                                   : i_tofd_t2.asm.obj (.text)
                  000027d6    0000001c                                   : copy_zero_init.c.obj (.text:decompress:ZI:__TI_zero_init_nomemset:__TI_zero_init_nomemset)
                  000027f2    0000001c                                   : memccpy.c.obj (.text:memccpy)
                  0000280e    0000001a                                   : s_copysign.c.obj (.text:copysign)
                  00002828    00000018                                   : vsnprintf.c.obj (.text:_outc)
                  00002840    00000018                                   : sprintf.c.obj (.text:_outs)
                  00002858    00000018                                   : strcmp.c.obj (.text:strcmp)
                  00002870    00000016                                   : strchr.c.obj (.text:strchr)
                  00002886    00000014                                   : strcpy.c.obj (.text:strcpy)
                  0000289a    00000014                                   : strlen.c.obj (.text:strlen)
                  000028ae    00000012                                   : wcslen.c.obj (.text:wcslen)
                  000028c0    00000010     lcd.obj (.text:lcd_clear)
                  000028d0    0000000e     rtsv7M4_T_le_v4SPD16_eabi.lib : copy_decompress_none.c.obj (.text:decompress:none:__TI_decompress_none)
                  000028de    0000000c     tm4c123gh6pm_startup_ccs.obj (.text)
                  000028ea    0000000a     rtsv7M4_T_le_v4SPD16_eabi.lib : sprintf.c.obj (.text:_outc)
                  000028f4    00000008                                   : errno.c.obj (.text:__aeabi_errno_addr)
                  000028fc    00000004                                   : pre_init.c.obj (.text:_system_pre_init)
                  00002900    00000004                                   : exit.c.obj (.text:abort:abort)

.const     0    00002904    0000011e     
                  00002904    00000101     rtsv7M4_T_le_v4SPD16_eabi.lib : ctype.c.obj (.const:.string:_ctypes_)
                  00002a05    00000015     lcd.obj (.const:.string:$P$T0$4)
                  00002a1a    00000004     lcd.obj (.const:.string:lineAddress$1)
                  00002a1e    00000004     lcd.obj (.const:.string:lineAddresses$2)

.cinit     0    00002a28    00000040     
                  00002a28    0000000c     (__TI_handler_table)
                  00002a34    00000004     --HOLE-- [fill = 0]
                  00002a38    00000008     (.cinit..bss.load) [load image, compression = zero_init]
                  00002a40    00000008     (.cinit..vtable.load) [load image, compression = zero_init]
                  00002a48    00000007     (.cinit..data.load) [load image, compression = lzss]
                  00002a4f    00000001     --HOLE-- [fill = 0]
                  00002a50    00000018     (__TI_cinit_table)

.init_array 
*          0    00000000    00000000     UNINITIALIZED

.vtable    0    20000000    0000026c     UNINITIALIZED
                  20000000    0000026c     driverlib.lib : interrupt.obj (.vtable)

.bss       0    20001270    00000058     UNINITIALIZED
                  20001270    00000054     lcd.obj (.bss:lastbuffer$3)
                  200012c4    00000004     (.common:_timeout_ticks)

.data      0    200012c8    00000005     UNINITIALIZED
                  200012c8    00000004     rtsv7M4_T_le_v4SPD16_eabi.lib : errno.c.obj (.data)
                  200012cc    00000001     Timer.obj (.data)

.stack     0    20000270    00001000     UNINITIALIZED
                  20000270    00000004     rtsv7M4_T_le_v4SPD16_eabi.lib : boot_cortex_m.c.obj (.stack)
                  20000274    00000ffc     --HOLE--

__llvm_prf_cnts 
*          0    20000000    00000000     UNINITIALIZED

MODULE SUMMARY

       Module                         code   ro data   rw data
       ------                         ----   -------   -------
    .\
       lcd.obj                        992    29        84     
       tm4c123gh6pm_startup_ccs.obj   12     620       0      
       Timer.obj                      584    0         5      
       servo.obj                      252    0         0      
       lab8_template.obj              108    0         0      
    +--+------------------------------+------+---------+---------+
       Total:                         1948   649       89     
                                                              
    C:/ti/TivaWare_C_Series-2.1.4.178/driverlib/ccs/Debug/driverlib.lib
       interrupt.obj                  52     0         620    
    +--+------------------------------+------+---------+---------+
       Total:                         52     0         620    
                                                              
    C:\ti\ccs1010\ccs\tools\compiler\ti-cgt-arm_20.2.1.LTS\lib\rtsv7M4_T_le_v4SPD16_eabi.lib
       _printfi.c.obj                 4851   0         0      
       fd_add_t2.asm.obj              438    0         0      
       fd_div_t2.asm.obj              310    0         0      
       s_scalbn.c.obj                 272    0         0      
       fd_cmp_t2.asm.obj              268    0         0      
       ctype.c.obj                    0      257       0      
       fd_mul_t2.asm.obj              252    0         0      
       memcpy_t2.asm.obj              156    0         0      
       ull_div_t2.asm.obj             150    0         0      
       vsnprintf.c.obj                136    0         0      
       memset_t2.asm.obj              122    0         0      
       copy_decompress_lzss.c.obj     104    0         0      
       s_frexp.c.obj                  100    0         0      
       sprintf.c.obj                  98     0         0      
       _ltoa.c.obj                    84     0         0      
       atoi.c.obj                     76     0         0      
       fd_toi_t2.asm.obj              72     0         0      
       autoinit.c.obj                 68     0         0      
       boot_cortex_m.c.obj            52     0         0      
       i_tofd_t2.asm.obj              46     0         0      
       copy_zero_init.c.obj           28     0         0      
       memccpy.c.obj                  28     0         0      
       s_copysign.c.obj               26     0         0      
       strcmp.c.obj                   24     0         0      
       strchr.c.obj                   22     0         0      
       strcpy.c.obj                   20     0         0      
       strlen.c.obj                   20     0         0      
       wcslen.c.obj                   18     0         0      
       copy_decompress_none.c.obj     14     0         0      
       errno.c.obj                    8      0         4      
       exit.c.obj                     4      0         0      
       pre_init.c.obj                 4      0         0      
       div0.asm.obj                   2      0         0      
    +--+------------------------------+------+---------+---------+
       Total:                         7873   257       4      
                                                              
       Stack:                         0      0         4096   
       Linker Generated:              0      59        0      
    +--+------------------------------+------+---------+---------+
       Grand Total:                   9873   965       4809   


LINKER GENERATED COPY TABLES

__TI_cinit_table @ 00002a50 records: 3, size/record: 8, table size: 24
	.bss: load addr=00002a38, load size=00000008 bytes, run addr=20001270, run size=00000058 bytes, compression=zero_init
	.vtable: load addr=00002a40, load size=00000008 bytes, run addr=20000000, run size=0000026c bytes, compression=zero_init
	.data: load addr=00002a48, load size=00000007 bytes, run addr=200012c8, run size=00000005 bytes, compression=lzss


LINKER GENERATED HANDLER TABLE

__TI_handler_table @ 00002a28 records: 3, size/record: 4, table size: 12
	index: 0, handler: __TI_zero_init
	index: 1, handler: __TI_decompress_lzss
	index: 2, handler: __TI_decompress_none


GLOBAL SYMBOLS: SORTED ALPHABETICALLY BY Name 

address   name                          
-------   ----                          
00002901  C$$EXIT                       
00002711  IntRegister                   
000028df  ResetISR                      
20001270  __STACK_END                   
00001000  __STACK_SIZE                  
20000470  __STACK_TOP                   
00002a50  __TI_CINIT_Base               
00002a68  __TI_CINIT_Limit              
00002a28  __TI_Handler_Table_Base       
00002a34  __TI_Handler_Table_Limit      
0000260d  __TI_auto_init_nobinit_nopinit
000023b1  __TI_decompress_lzss          
000028d1  __TI_decompress_none          
000024d3  __TI_ltoa                     
ffffffff  __TI_pprof_out_hndl           
0000026d  __TI_printfi                  
ffffffff  __TI_prof_data_size           
ffffffff  __TI_prof_data_start          
00000000  __TI_static_base__            
000027d7  __TI_zero_init_nomemset       
00002151  __aeabi_cdcmpeq               
00002151  __aeabi_cdcmple               
000021d7  __aeabi_cdrcmple              
000025c5  __aeabi_d2iz                  
0000171f  __aeabi_dadd                  
00001a09  __aeabi_ddiv                  
00001d75  __aeabi_dmul                  
00001715  __aeabi_dsub                  
000028f5  __aeabi_errno_addr            
000027a9  __aeabi_i2d                   
00000cbb  __aeabi_idiv0                 
00000cbb  __aeabi_ldiv0                 
0000225d  __aeabi_memclr                
0000225d  __aeabi_memclr4               
0000225d  __aeabi_memclr8               
0000201f  __aeabi_memcpy                
0000201f  __aeabi_memcpy4               
0000201f  __aeabi_memcpy8               
0000225f  __aeabi_memset                
0000225f  __aeabi_memset4               
0000225f  __aeabi_memset8               
000020bb  __aeabi_uldivmod              
ffffffff  __binit__                     
ffffffff  __c_args__                    
UNDEFED   __mpu_init                    
20000270  __stack                       
20000000  __start___llvm_prf_cnts       
20000000  __stop___llvm_prf_cnts        
00002745  _c_int00_noargs               
00002904  _ctypes_                      
200012cc  _running                      
UNDEFED   _system_post_cinit            
000028fd  _system_pre_init              
200012c4  _timeout_ticks                
00002901  abort                         
00002579  atoi                          
ffffffff  binit                         
0000280f  copysign                      
0000280f  copysignl                     
200012c8  errno                         
00002419  frexp                         
00002419  frexpl                        
20000000  g_pfnRAMVectors               
00000000  g_pfnVectors                  
000028c1  lcd_clear                     
00000e91  lcd_gotoLine                  
00000cf9  lcd_init                      
00000ef7  lcd_printf                    
00000db9  lcd_putc                      
00000df1  lcd_puts                      
00000cbd  lcd_reverseNibble             
00001029  lcd_rotateLeft                
00000fbb  lcd_rotatingBanner            
00000e0f  lcd_sendCommand               
00000e4d  lcd_sendNibble                
00000eb9  lcd_setCursorPos              
00001c65  ldexp                         
00001c65  ldexpl                        
00002345  main                          
000027f3  memccpy                       
0000201f  memcpy                        
00002265  memset                        
00001c65  scalbn                        
00001c65  scalbnl                       
00001e71  servo_init                    
00001eed  servo_move                    
00002651  sprintf                       
00002871  strchr                        
00002859  strcmp                        
00002887  strcpy                        
0000289b  strlen                        
0000141b  timer_getMicros               
000013c3  timer_getMillis               
000012fd  timer_init                    
0000139f  timer_pause                   
000013b1  timer_resume                  
00001375  timer_stop                    
00001475  timer_waitMicros              
000014a7  timer_waitMillis              
00002691  vsnprintf                     
000028af  wcslen                        


GLOBAL SYMBOLS: SORTED BY Symbol Address 

address   name                          
-------   ----                          
00000000  __TI_static_base__            
00000000  g_pfnVectors                  
0000026d  __TI_printfi                  
00000cbb  __aeabi_idiv0                 
00000cbb  __aeabi_ldiv0                 
00000cbd  lcd_reverseNibble             
00000cf9  lcd_init                      
00000db9  lcd_putc                      
00000df1  lcd_puts                      
00000e0f  lcd_sendCommand               
00000e4d  lcd_sendNibble                
00000e91  lcd_gotoLine                  
00000eb9  lcd_setCursorPos              
00000ef7  lcd_printf                    
00000fbb  lcd_rotatingBanner            
00001000  __STACK_SIZE                  
00001029  lcd_rotateLeft                
000012fd  timer_init                    
00001375  timer_stop                    
0000139f  timer_pause                   
000013b1  timer_resume                  
000013c3  timer_getMillis               
0000141b  timer_getMicros               
00001475  timer_waitMicros              
000014a7  timer_waitMillis              
00001715  __aeabi_dsub                  
0000171f  __aeabi_dadd                  
00001a09  __aeabi_ddiv                  
00001c65  ldexp                         
00001c65  ldexpl                        
00001c65  scalbn                        
00001c65  scalbnl                       
00001d75  __aeabi_dmul                  
00001e71  servo_init                    
00001eed  servo_move                    
0000201f  __aeabi_memcpy                
0000201f  __aeabi_memcpy4               
0000201f  __aeabi_memcpy8               
0000201f  memcpy                        
000020bb  __aeabi_uldivmod              
00002151  __aeabi_cdcmpeq               
00002151  __aeabi_cdcmple               
000021d7  __aeabi_cdrcmple              
0000225d  __aeabi_memclr                
0000225d  __aeabi_memclr4               
0000225d  __aeabi_memclr8               
0000225f  __aeabi_memset                
0000225f  __aeabi_memset4               
0000225f  __aeabi_memset8               
00002265  memset                        
00002345  main                          
000023b1  __TI_decompress_lzss          
00002419  frexp                         
00002419  frexpl                        
000024d3  __TI_ltoa                     
00002579  atoi                          
000025c5  __aeabi_d2iz                  
0000260d  __TI_auto_init_nobinit_nopinit
00002651  sprintf                       
00002691  vsnprintf                     
00002711  IntRegister                   
00002745  _c_int00_noargs               
000027a9  __aeabi_i2d                   
000027d7  __TI_zero_init_nomemset       
000027f3  memccpy                       
0000280f  copysign                      
0000280f  copysignl                     
00002859  strcmp                        
00002871  strchr                        
00002887  strcpy                        
0000289b  strlen                        
000028af  wcslen                        
000028c1  lcd_clear                     
000028d1  __TI_decompress_none          
000028df  ResetISR                      
000028f5  __aeabi_errno_addr            
000028fd  _system_pre_init              
00002901  C$$EXIT                       
00002901  abort                         
00002904  _ctypes_                      
00002a28  __TI_Handler_Table_Base       
00002a34  __TI_Handler_Table_Limit      
00002a50  __TI_CINIT_Base               
00002a68  __TI_CINIT_Limit              
20000000  __start___llvm_prf_cnts       
20000000  __stop___llvm_prf_cnts        
20000000  g_pfnRAMVectors               
20000270  __stack                       
20000470  __STACK_TOP                   
20001270  __STACK_END                   
200012c4  _timeout_ticks                
200012c8  errno                         
200012cc  _running                      
ffffffff  __TI_pprof_out_hndl           
ffffffff  __TI_prof_data_size           
ffffffff  __TI_prof_data_start          
ffffffff  __binit__                     
ffffffff  __c_args__                    
ffffffff  binit                         
UNDEFED   __mpu_init                    
UNDEFED   _system_post_cinit            

[101 symbols]
