******************************************************************************
                  TI ARM Linker PC v20.2.1                     
******************************************************************************
>> Linked Mon Apr 19 15:07:52 2021

OUTPUT FILE NAME:   <ObjectScan3.out>
ENTRY POINT SYMBOL: "_c_int00_noargs"  address: 00004dc5


MEMORY CONFIGURATION

         name            origin    length      used     unused   attr    fill
----------------------  --------  ---------  --------  --------  ----  --------
  FLASH                 00000000   00040000  000052a4  0003ad5c  R  X
  SRAM                  20000000   00008000  00002348  00005cb8  RW X


SEGMENT ALLOCATION MAP

run origin  load origin   length   init length attrs members
----------  ----------- ---------- ----------- ----- -------
00000000    00000000    000052a8   000052a8    r-x
  00000000    00000000    0000026c   0000026c    r-- .intvecs
  0000026c    0000026c    00004d9c   00004d9c    r-x .text
  00005008    00005008    00000234   00000234    r-- .const
  00005240    00005240    00000068   00000068    r-- .cinit
20000000    20000000    00002350   00000000    rw-
  20000000    20000000    0000026c   00000000    rw- .vtable
  20000270    20000270    00001000   00000000    rw- .stack
  20001270    20001270    00001000   00000000    rw- .sysmem
  20002270    20002270    00000074   00000000    rw- .bss
  200022e8    200022e8    00000068   00000000    rw- .data


SECTION ALLOCATION MAP

 output                                  attributes/
section   page    origin      length       input sections
--------  ----  ----------  ----------   ----------------
.intvecs   0    00000000    0000026c     
                  00000000    0000026c     tm4c123gh6pm_startup_ccs.obj (.intvecs)

.text      0    0000026c    00004d9c     
                  0000026c    00000c20     open_interface.obj (.text)
                  00000e8c    00000a4e     rtsv7M4_T_le_v4SPD16_eabi.lib : _printfi.c.obj (.text:__TI_printfi)
                  000018da    00000002                                   : _lock.c.obj (.text:_nop)
                  000018dc    000009c0                                   : e_pow.c.obj (.text:pow)
                  0000229c    0000041c     object.obj (.text)
                  000026b8    000003d0     lcd.obj (.text)
                  00002a88    00000330     ping.obj (.text)
                  00002db8    000002d0     servo.obj (.text)
                  00003088    00000270     rtsv7M4_T_le_v4SPD16_eabi.lib : _printfi.c.obj (.text:_pconv_a)
                  000032f8    00000248     Timer.obj (.text)
                  00003540    000001d0     rtsv7M4_T_le_v4SPD16_eabi.lib : _printfi.c.obj (.text:_pconv_g)
                  00003710    000001c8     uart-interrupt.obj (.text)
                  000038d8    000001b6     rtsv7M4_T_le_v4SPD16_eabi.lib : fd_add_t2.asm.obj (.text)
                  00003a8e    00000002                                   : div0.asm.obj (.text)
                  00003a90    00000158                                   : e_sqrt.c.obj (.text:sqrt)
                  00003be8    00000148     adc.obj (.text)
                  00003d30    0000013c     rtsv7M4_T_le_v4SPD16_eabi.lib : _printfi.c.obj (.text:_pconv_e)
                  00003e6c    00000136                                   : fd_div_t2.asm.obj (.text)
                  00003fa2    00000002     --HOLE-- [fill = 0]
                  00003fa4    00000124                                   : _printfi.c.obj (.text:fcvt)
                  000040c8    00000110                                   : s_scalbn.c.obj (.text:scalbn)
                  000041d8    00000108                                   : memory.c.obj (.text:aligned_alloc)
                  000042e0    000000fc                                   : fd_mul_t2.asm.obj (.text)
                  000043dc    000000e4                                   : memory.c.obj (.text:free)
                  000044c0    000000b1                                   : _printfi.c.obj (.text:_ltostr)
                  00004571    00000001     --HOLE-- [fill = 0]
                  00004572    0000009c                                   : memcpy_t2.asm.obj (.text)
                  0000460e    00000096                                   : ull_div_t2.asm.obj (.text)
                  000046a4    00000086                                   : fd_cmp_t2.asm.obj (.text:__aeabi_cdcmple)
                  0000472a    00000086                                   : fd_cmp_t2.asm.obj (.text:__aeabi_cdrcmple)
                  000047b0    0000007a                                   : memset_t2.asm.obj (.text)
                  0000482a    00000002     --HOLE-- [fill = 0]
                  0000482c    00000070                                   : memory.c.obj (.text:split)
                  0000489c    0000006e                                   : _printfi.c.obj (.text:_mcpy)
                  0000490a    0000006e                                   : fd_tos_t2.asm.obj (.text)
                  00004978    00000068                                   : copy_decompress_lzss.c.obj (.text:decompress:lzss:__TI_decompress_lzss)
                  000049e0    00000064                                   : s_frexp.c.obj (.text:frexp)
                  00004a44    00000056                                   : _printfi.c.obj (.text:_pconv_f)
                  00004a9a    00000054                                   : _ltoa.c.obj (.text:__TI_ltoa)
                  00004aee    00000052                                   : _printfi.c.obj (.text:_ecpy)
                  00004b40    0000004c                                   : atoi.c.obj (.text:atoi)
                  00004b8c    00000048     main.obj (.text)
                  00004bd4    00000048     rtsv7M4_T_le_v4SPD16_eabi.lib : fd_toi_t2.asm.obj (.text)
                  00004c1c    00000044                                   : autoinit.c.obj (.text:__TI_auto_init_nobinit_nopinit:__TI_auto_init_nobinit_nopinit)
                  00004c60    00000040                                   : sprintf.c.obj (.text:sprintf)
                  00004ca0    00000040                                   : vsnprintf.c.obj (.text:vsnprintf)
                  00004ce0    0000003e                                   : _printfi.c.obj (.text:_fcpy)
                  00004d1e    00000002     --HOLE-- [fill = 0]
                  00004d20    00000038                                   : memory.c.obj (.text:calloc)
                  00004d58    00000038                                   : fs_tod_t2.asm.obj (.text)
                  00004d90    00000034     driverlib.lib : interrupt.obj (.text:IntRegister)
                  00004dc4    00000034     rtsv7M4_T_le_v4SPD16_eabi.lib : boot_cortex_m.c.obj (.text:_c_int00_noargs:_c_int00_noargs)
                  00004df8    00000030                                   : vsnprintf.c.obj (.text:_outs)
                  00004e28    0000002e                                   : i_tofd_t2.asm.obj (.text)
                  00004e56    00000002     --HOLE-- [fill = 0]
                  00004e58    00000028                                   : memory.c.obj (.text:free_list_insert)
                  00004e80    0000001c                                   : copy_zero_init.c.obj (.text:decompress:ZI:__TI_zero_init_nomemset:__TI_zero_init_nomemset)
                  00004e9c    0000001c                                   : memory.c.obj (.text:free_list_remove)
                  00004eb8    0000001c                                   : memccpy.c.obj (.text:memccpy)
                  00004ed4    0000001a                                   : s_copysign.c.obj (.text:copysign)
                  00004eee    00000018                                   : vsnprintf.c.obj (.text:_outc)
                  00004f06    00000018                                   : sprintf.c.obj (.text:_outs)
                  00004f1e    00000018     open_interface.obj (.text:oi_parseInt)
                  00004f36    00000018     rtsv7M4_T_le_v4SPD16_eabi.lib : strcmp.c.obj (.text:strcmp)
                  00004f4e    00000016                                   : strchr.c.obj (.text:strchr)
                  00004f64    00000014                                   : strcpy.c.obj (.text:strcpy)
                  00004f78    00000014                                   : strlen.c.obj (.text:strlen)
                  00004f8c    00000012                                   : wcslen.c.obj (.text:wcslen)
                  00004f9e    00000010     driverlib.lib : interrupt.obj (.text:IntMasterEnable)
                  00004fae    00000010     lcd.obj (.text:lcd_clear)
                  00004fbe    0000000e     rtsv7M4_T_le_v4SPD16_eabi.lib : copy_decompress_none.c.obj (.text:decompress:none:__TI_decompress_none)
                  00004fcc    0000000c     driverlib.lib : cpu.obj (.text:CPUcpsie)
                  00004fd8    0000000c     tm4c123gh6pm_startup_ccs.obj (.text)
                  00004fe4    0000000a     rtsv7M4_T_le_v4SPD16_eabi.lib : sprintf.c.obj (.text:_outc)
                  00004fee    00000002     --HOLE-- [fill = 0]
                  00004ff0    00000008                                   : errno.c.obj (.text:__aeabi_errno_addr)
                  00004ff8    00000008                                   : memory.c.obj (.text:malloc)
                  00005000    00000004                                   : pre_init.c.obj (.text:_system_pre_init)
                  00005004    00000004                                   : exit.c.obj (.text:abort:abort)

.const     0    00005008    00000234     
                  00005008    00000101     rtsv7M4_T_le_v4SPD16_eabi.lib : ctype.c.obj (.const:.string:_ctypes_)
                  00005109    0000006c     servo.obj (.const:.string:$P$T0$1)
                  00005175    0000006b     servo.obj (.const:.string:$P$T1$2)
                  000051e0    00000030     rtsv7M4_T_le_v4SPD16_eabi.lib : e_pow.c.obj (.const:$O1$$)
                  00005210    00000015     lcd.obj (.const:.string:$P$T0$4)
                  00005225    0000000f     open_interface.obj (.const:.string:$P$T0$3)
                  00005234    00000004     lcd.obj (.const:.string:lineAddress$1)
                  00005238    00000004     lcd.obj (.const:.string:lineAddresses$2)

.cinit     0    00005240    00000068     
                  00005240    00000030     (.cinit..data.load) [load image, compression = lzss]
                  00005270    0000000c     (__TI_handler_table)
                  0000527c    00000004     --HOLE-- [fill = 0]
                  00005280    00000008     (.cinit..bss.load) [load image, compression = zero_init]
                  00005288    00000008     (.cinit..vtable.load) [load image, compression = zero_init]
                  00005290    00000018     (__TI_cinit_table)

.init_array 
*          0    00000000    00000000     UNINITIALIZED

.vtable    0    20000000    0000026c     UNINITIALIZED
                  20000000    0000026c     driverlib.lib : interrupt.obj (.vtable)

.stack     0    20000270    00001000     UNINITIALIZED
                  20000270    00000004     rtsv7M4_T_le_v4SPD16_eabi.lib : boot_cortex_m.c.obj (.stack)
                  20000274    00000ffc     --HOLE--

.sysmem    0    20001270    00001000     UNINITIALIZED
                  20001270    00000010     rtsv7M4_T_le_v4SPD16_eabi.lib : memory.c.obj (.sysmem)
                  20001280    00000ff0     --HOLE--

.bss       0    20002270    00000074     UNINITIALIZED
                  20002270    00000054     lcd.obj (.bss:lastbuffer$3)
                  200022c4    00000018     open_interface.obj (.bss:firmware$2)
                  200022dc    00000004     (.common:_timeout_ticks)
                  200022e0    00000004     (.common:risingEdge)

.data      0    200022e8    00000068     UNINITIALIZED
                  200022e8    00000020     open_interface.obj (.data)
                  20002308    00000020     ping.obj (.data)
                  20002328    00000009     servo.obj (.data)
                  20002331    00000001     Timer.obj (.data)
                  20002332    00000002     --HOLE--
                  20002334    00000008     rtsv7M4_T_le_v4SPD16_eabi.lib : _lock.c.obj (.data:$O1$$)
                  2000233c    00000008                                   : memory.c.obj (.data:$O1$$)
                  20002344    00000008     uart-interrupt.obj (.data)
                  2000234c    00000004     rtsv7M4_T_le_v4SPD16_eabi.lib : errno.c.obj (.data)

__llvm_prf_cnts 
*          0    20000000    00000000     UNINITIALIZED

MODULE SUMMARY

       Module                         code    ro data   rw data
       ------                         ----    -------   -------
    .\
       open_interface.obj             3128    15        56     
       lcd.obj                        992     29        84     
       object.obj                     1052    0         0      
       servo.obj                      720     215       9      
       ping.obj                       816     0         36     
       tm4c123gh6pm_startup_ccs.obj   12      620       0      
       Timer.obj                      584     0         5      
       uart-interrupt.obj             456     0         8      
       adc.obj                        328     0         0      
       main.obj                       72      0         0      
    +--+------------------------------+-------+---------+---------+
       Total:                         8160    879       198    
                                                               
    C:/ti/TivaWare_C_Series-2.1.4.178/driverlib/ccs/Debug/driverlib.lib
       interrupt.obj                  68      0         620    
       cpu.obj                        12      0         0      
    +--+------------------------------+-------+---------+---------+
       Total:                         80      0         620    
                                                               
    C:\ti\ccs1010\ccs\tools\compiler\ti-cgt-arm_20.2.1.LTS\lib\rtsv7M4_T_le_v4SPD16_eabi.lib
       _printfi.c.obj                 4851    0         0      
       e_pow.c.obj                    2496    48        0      
       memory.c.obj                   736     0         8      
       fd_add_t2.asm.obj              438     0         0      
       e_sqrt.c.obj                   344     0         0      
       fd_div_t2.asm.obj              310     0         0      
       s_scalbn.c.obj                 272     0         0      
       fd_cmp_t2.asm.obj              268     0         0      
       ctype.c.obj                    0       257       0      
       fd_mul_t2.asm.obj              252     0         0      
       memcpy_t2.asm.obj              156     0         0      
       ull_div_t2.asm.obj             150     0         0      
       vsnprintf.c.obj                136     0         0      
       memset_t2.asm.obj              122     0         0      
       fd_tos_t2.asm.obj              110     0         0      
       copy_decompress_lzss.c.obj     104     0         0      
       s_frexp.c.obj                  100     0         0      
       sprintf.c.obj                  98      0         0      
       _ltoa.c.obj                    84      0         0      
       atoi.c.obj                     76      0         0      
       fd_toi_t2.asm.obj              72      0         0      
       autoinit.c.obj                 68      0         0      
       fs_tod_t2.asm.obj              56      0         0      
       boot_cortex_m.c.obj            52      0         0      
       i_tofd_t2.asm.obj              46      0         0      
       copy_zero_init.c.obj           28      0         0      
       memccpy.c.obj                  28      0         0      
       s_copysign.c.obj               26      0         0      
       strcmp.c.obj                   24      0         0      
       strchr.c.obj                   22      0         0      
       strcpy.c.obj                   20      0         0      
       strlen.c.obj                   20      0         0      
       wcslen.c.obj                   18      0         0      
       copy_decompress_none.c.obj     14      0         0      
       errno.c.obj                    8       0         4      
       _lock.c.obj                    2       0         8      
       exit.c.obj                     4       0         0      
       pre_init.c.obj                 4       0         0      
       div0.asm.obj                   2       0         0      
    +--+------------------------------+-------+---------+---------+
       Total:                         11617   305       20     
                                                               
       Heap:                          0       0         4096   
       Stack:                         0       0         4096   
       Linker Generated:              0       100       0      
    +--+------------------------------+-------+---------+---------+
       Grand Total:                   19857   1284      9030   


LINKER GENERATED COPY TABLES

__TI_cinit_table @ 00005290 records: 3, size/record: 8, table size: 24
	.data: load addr=00005240, load size=00000030 bytes, run addr=200022e8, run size=00000068 bytes, compression=lzss
	.bss: load addr=00005280, load size=00000008 bytes, run addr=20002270, run size=00000074 bytes, compression=zero_init
	.vtable: load addr=00005288, load size=00000008 bytes, run addr=20000000, run size=0000026c bytes, compression=zero_init


LINKER GENERATED HANDLER TABLE

__TI_handler_table @ 00005270 records: 3, size/record: 4, table size: 12
	index: 0, handler: __TI_zero_init
	index: 1, handler: __TI_decompress_lzss
	index: 2, handler: __TI_decompress_none


GLOBAL SYMBOLS: SORTED ALPHABETICALLY BY Name 

address   name                          
-------   ----                          
00005005  C$$EXIT                       
00004fcd  CPUcpsie                      
2000230c  END_TIME                      
00000bc3  GPIOF_Handler                 
00004f9f  IntMasterEnable               
00004d91  IntRegister                   
00004fd9  ResetISR                      
20002308  START_TIME                    
20002310  STATE                         
00002bd7  TIMER3B_Handler               
00003833  UART1_Handler                 
20001270  __STACK_END                   
00001000  __STACK_SIZE                  
20000470  __STACK_TOP                   
00001000  __SYSMEM_SIZE                 
00005290  __TI_CINIT_Base               
000052a8  __TI_CINIT_Limit              
00005270  __TI_Handler_Table_Base       
0000527c  __TI_Handler_Table_Limit      
00004c1d  __TI_auto_init_nobinit_nopinit
00004979  __TI_decompress_lzss          
00004fbf  __TI_decompress_none          
00004a9b  __TI_ltoa                     
ffffffff  __TI_pprof_out_hndl           
00000e8d  __TI_printfi                  
ffffffff  __TI_prof_data_size           
ffffffff  __TI_prof_data_start          
00000000  __TI_static_base__            
00004e81  __TI_zero_init_nomemset       
000046a5  __aeabi_cdcmpeq               
000046a5  __aeabi_cdcmple               
0000472b  __aeabi_cdrcmple              
0000490b  __aeabi_d2f                   
00004bd5  __aeabi_d2iz                  
000038e3  __aeabi_dadd                  
00003e6d  __aeabi_ddiv                  
000042e1  __aeabi_dmul                  
000038d9  __aeabi_dsub                  
00004ff1  __aeabi_errno_addr            
00004d59  __aeabi_f2d                   
00004e29  __aeabi_i2d                   
00003a8f  __aeabi_idiv0                 
00003a8f  __aeabi_ldiv0                 
000047b1  __aeabi_memclr                
000047b1  __aeabi_memclr4               
000047b1  __aeabi_memclr8               
00004573  __aeabi_memcpy                
00004573  __aeabi_memcpy4               
00004573  __aeabi_memcpy8               
000047b3  __aeabi_memset                
000047b3  __aeabi_memset4               
000047b3  __aeabi_memset8               
0000460f  __aeabi_uldivmod              
ffffffff  __binit__                     
ffffffff  __c_args__                    
UNDEFED   __mpu_init                    
20000270  __stack                       
20000000  __start___llvm_prf_cnts       
20000000  __stop___llvm_prf_cnts        
00004dc5  _c_int00_noargs               
00005008  _ctypes_                      
20002334  _lock                         
000018db  _nop                          
20002331  _running                      
20001270  _sys_memory                   
UNDEFED   _system_post_cinit            
00005001  _system_pre_init              
200022dc  _timeout_ticks                
20002338  _unlock                       
00005005  abort                         
00003be9  adc_init                      
00003c8b  adc_read                      
000041d9  aligned_alloc                 
00004b41  atoi                          
ffffffff  binit                         
00004d21  calloc                        
20002320  clkStp                        
20002344  command_byte                  
20002348  command_flag                  
00004ed5  copysign                      
00004ed5  copysignl                     
00002581  determine_isle                
2000234c  errno                         
20002314  fallingEdge                   
000043dd  free                          
000049e1  frexp                         
000049e1  frexpl                        
20000000  g_pfnRAMVectors               
00000000  g_pfnVectors                  
0000097f  go_charge                     
00004faf  lcd_clear                     
0000288d  lcd_gotoLine                  
000026f5  lcd_init                      
000028f3  lcd_printf                    
000027b5  lcd_putc                      
000027ed  lcd_puts                      
000026b9  lcd_reverseNibble             
00002a25  lcd_rotateLeft                
000029b7  lcd_rotatingBanner            
0000280b  lcd_sendCommand               
00002849  lcd_sendNibble                
000028b5  lcd_setCursorPos              
000040c9  ldexp                         
000040c9  ldexpl                        
00002519  least_distance                
00004b8d  main                          
00004ff9  malloc                        
000041d9  memalign                      
00004eb9  memccpy                       
00004573  memcpy                        
000047b9  memset                        
200022e8  motor_cal_factor_L            
200022ec  motor_cal_factor_R            
20002330  not_calibrated                
0000229d  object_init                   
000022b1  object_scan                   
0000026d  oi_alloc                      
00000aa9  oi_checkFirmware              
000002c7  oi_close                      
00000279  oi_free                       
00000ded  oi_getMotorCalibrationLeft    
00000e01  oi_getMotorCalibrationRight   
000002b1  oi_init                       
00000289  oi_init_noupdate              
00000915  oi_loadSong                   
00004f1f  oi_parseInt                   
0000032b  oi_parsePacket                
0000096b  oi_play_song                  
0000084b  oi_setLeds                    
00000db1  oi_setMotorCalibration        
0000088f  oi_setWheels                  
00000b51  oi_shutoff_init               
0000098d  oi_uartInit                   
00000a31  oi_uartReceive                
00000a77  oi_uartSendBuff               
00000a15  oi_uartSendChar               
00000a59  oi_uartSendStr                
000002d9  oi_update                     
20002318  overflowCount                 
00002c0d  ping_getDistance              
00002a89  ping_init                     
00002b4f  ping_trigger                  
000018dd  pow                           
000018dd  powl                          
0000244f  print_objects                 
2000232c  raw_0                         
20002328  raw_180                       
200022e0  risingEdge                    
000040c9  scalbn                        
000040c9  scalbnl                       
00002e35  servo_calibrate               
00002db9  servo_init                    
00002f69  servo_move                    
00004c61  sprintf                       
00003a91  sqrt                          
00003a91  sqrtl                         
00004f4f  strchr                        
00004f37  strcmp                        
00004f65  strcpy                        
00004f79  strlen                        
00003417  timer_getMicros               
000033bf  timer_getMillis               
000032f9  timer_init                    
0000339b  timer_pause                   
000033ad  timer_resume                  
00003371  timer_stop                    
00003471  timer_waitMicros              
000034a3  timer_waitMillis              
00003711  uart_interrupt_init           
000037eb  uart_receive                  
000037cf  uart_sendChar                 
0000380b  uart_sendStr                  
00004ca1  vsnprintf                     
00004f8d  wcslen                        


GLOBAL SYMBOLS: SORTED BY Symbol Address 

address   name                          
-------   ----                          
00000000  __TI_static_base__            
00000000  g_pfnVectors                  
0000026d  oi_alloc                      
00000279  oi_free                       
00000289  oi_init_noupdate              
000002b1  oi_init                       
000002c7  oi_close                      
000002d9  oi_update                     
0000032b  oi_parsePacket                
0000084b  oi_setLeds                    
0000088f  oi_setWheels                  
00000915  oi_loadSong                   
0000096b  oi_play_song                  
0000097f  go_charge                     
0000098d  oi_uartInit                   
00000a15  oi_uartSendChar               
00000a31  oi_uartReceive                
00000a59  oi_uartSendStr                
00000a77  oi_uartSendBuff               
00000aa9  oi_checkFirmware              
00000b51  oi_shutoff_init               
00000bc3  GPIOF_Handler                 
00000db1  oi_setMotorCalibration        
00000ded  oi_getMotorCalibrationLeft    
00000e01  oi_getMotorCalibrationRight   
00000e8d  __TI_printfi                  
00001000  __STACK_SIZE                  
00001000  __SYSMEM_SIZE                 
000018db  _nop                          
000018dd  pow                           
000018dd  powl                          
0000229d  object_init                   
000022b1  object_scan                   
0000244f  print_objects                 
00002519  least_distance                
00002581  determine_isle                
000026b9  lcd_reverseNibble             
000026f5  lcd_init                      
000027b5  lcd_putc                      
000027ed  lcd_puts                      
0000280b  lcd_sendCommand               
00002849  lcd_sendNibble                
0000288d  lcd_gotoLine                  
000028b5  lcd_setCursorPos              
000028f3  lcd_printf                    
000029b7  lcd_rotatingBanner            
00002a25  lcd_rotateLeft                
00002a89  ping_init                     
00002b4f  ping_trigger                  
00002bd7  TIMER3B_Handler               
00002c0d  ping_getDistance              
00002db9  servo_init                    
00002e35  servo_calibrate               
00002f69  servo_move                    
000032f9  timer_init                    
00003371  timer_stop                    
0000339b  timer_pause                   
000033ad  timer_resume                  
000033bf  timer_getMillis               
00003417  timer_getMicros               
00003471  timer_waitMicros              
000034a3  timer_waitMillis              
00003711  uart_interrupt_init           
000037cf  uart_sendChar                 
000037eb  uart_receive                  
0000380b  uart_sendStr                  
00003833  UART1_Handler                 
000038d9  __aeabi_dsub                  
000038e3  __aeabi_dadd                  
00003a8f  __aeabi_idiv0                 
00003a8f  __aeabi_ldiv0                 
00003a91  sqrt                          
00003a91  sqrtl                         
00003be9  adc_init                      
00003c8b  adc_read                      
00003e6d  __aeabi_ddiv                  
000040c9  ldexp                         
000040c9  ldexpl                        
000040c9  scalbn                        
000040c9  scalbnl                       
000041d9  aligned_alloc                 
000041d9  memalign                      
000042e1  __aeabi_dmul                  
000043dd  free                          
00004573  __aeabi_memcpy                
00004573  __aeabi_memcpy4               
00004573  __aeabi_memcpy8               
00004573  memcpy                        
0000460f  __aeabi_uldivmod              
000046a5  __aeabi_cdcmpeq               
000046a5  __aeabi_cdcmple               
0000472b  __aeabi_cdrcmple              
000047b1  __aeabi_memclr                
000047b1  __aeabi_memclr4               
000047b1  __aeabi_memclr8               
000047b3  __aeabi_memset                
000047b3  __aeabi_memset4               
000047b3  __aeabi_memset8               
000047b9  memset                        
0000490b  __aeabi_d2f                   
00004979  __TI_decompress_lzss          
000049e1  frexp                         
000049e1  frexpl                        
00004a9b  __TI_ltoa                     
00004b41  atoi                          
00004b8d  main                          
00004bd5  __aeabi_d2iz                  
00004c1d  __TI_auto_init_nobinit_nopinit
00004c61  sprintf                       
00004ca1  vsnprintf                     
00004d21  calloc                        
00004d59  __aeabi_f2d                   
00004d91  IntRegister                   
00004dc5  _c_int00_noargs               
00004e29  __aeabi_i2d                   
00004e81  __TI_zero_init_nomemset       
00004eb9  memccpy                       
00004ed5  copysign                      
00004ed5  copysignl                     
00004f1f  oi_parseInt                   
00004f37  strcmp                        
00004f4f  strchr                        
00004f65  strcpy                        
00004f79  strlen                        
00004f8d  wcslen                        
00004f9f  IntMasterEnable               
00004faf  lcd_clear                     
00004fbf  __TI_decompress_none          
00004fcd  CPUcpsie                      
00004fd9  ResetISR                      
00004ff1  __aeabi_errno_addr            
00004ff9  malloc                        
00005001  _system_pre_init              
00005005  C$$EXIT                       
00005005  abort                         
00005008  _ctypes_                      
00005270  __TI_Handler_Table_Base       
0000527c  __TI_Handler_Table_Limit      
00005290  __TI_CINIT_Base               
000052a8  __TI_CINIT_Limit              
20000000  __start___llvm_prf_cnts       
20000000  __stop___llvm_prf_cnts        
20000000  g_pfnRAMVectors               
20000270  __stack                       
20000470  __STACK_TOP                   
20001270  __STACK_END                   
20001270  _sys_memory                   
200022dc  _timeout_ticks                
200022e0  risingEdge                    
200022e8  motor_cal_factor_L            
200022ec  motor_cal_factor_R            
20002308  START_TIME                    
2000230c  END_TIME                      
20002310  STATE                         
20002314  fallingEdge                   
20002318  overflowCount                 
20002320  clkStp                        
20002328  raw_180                       
2000232c  raw_0                         
20002330  not_calibrated                
20002331  _running                      
20002334  _lock                         
20002338  _unlock                       
20002344  command_byte                  
20002348  command_flag                  
2000234c  errno                         
ffffffff  __TI_pprof_out_hndl           
ffffffff  __TI_prof_data_size           
ffffffff  __TI_prof_data_start          
ffffffff  __binit__                     
ffffffff  __c_args__                    
ffffffff  binit                         
UNDEFED   __mpu_init                    
UNDEFED   _system_post_cinit            

[174 symbols]
